../OLED/OLED.c:14:6:OLED_I2C_Init	32	static
../OLED/OLED.c:37:6:OLED_I2C_Start	8	static
../OLED/OLED.c:50:6:OLED_I2C_Stop	8	static
../OLED/OLED.c:62:6:OLED_I2C_SendByte	24	static
../OLED/OLED.c:80:6:OLED_WriteCommand	16	static
../OLED/OLED.c:94:6:OLED_WriteData	16	static
../OLED/OLED.c:109:6:OLED_SetCursor	16	static
../OLED/OLED.c:121:6:OLED_Clear	16	static
../OLED/OLED.c:141:6:OLED_ShowChar	24	static
../OLED/OLED.c:163:6:OLED_ShowString	24	static
../OLED/OLED.c:176:10:OLED_Pow	24	static
../OLED/OLED.c:194:6:OLED_ShowNum	32	static
../OLED/OLED.c:211:6:OLED_ShowSignedNum	32	static
../OLED/OLED.c:239:6:OLED_ShowHexNum	24	static
../OLED/OLED.c:264:6:OLED_ShowBinNum	32	static
../OLED/OLED.c:281:6:OLED_ShowFloatNum	40	static
../OLED/OLED.c:303:6:OLED_ShowSignedFloatNum	40	static
../OLED/OLED.c:326:6:OLED_ShowCHINESE	24	static
../OLED/OLED.c:353:6:OLED_Init	16	static
