../Core/Src/main.c:79:5:main	16	static
../Core/Src/main.c:148:6:SystemClock_Config	88	static
../Core/Src/main.c:198:6:HAL_TIM_PeriodElapsedCallback	16	static
../Core/Src/main.c:220:5:angle_calc	32	static
../Core/Src/main.c:229:6:LED_1	8	static
../Core/Src/main.c:239:6:LED_2	8	static
../Core/Src/main.c:250:6:LED_3	8	static
../Core/Src/main.c:259:6:LED_4	8	static
../Core/Src/main.c:269:6:LED_5	8	static
../Core/Src/main.c:279:6:LED_6	8	static
../Core/Src/main.c:290:6:LED_SET	8	static
../Core/Src/main.c:301:6:LED_Control	16	static
../Core/Src/main.c:332:6:Error_Handler	4	static,ignoring_inline_asm
