11:38:09 **** Incremental Build of configuration Debug for project rudder ****
make -j20 all 
arm-none-eabi-gcc "../Core/Src/main.c" -mcpu=cortex-m3 -std=gnu11 -g3 -DDEBUG -DUSE_HAL_DRIVER -DSTM32F103xB -c -I../Core/Inc -I../Drivers/STM32F1xx_HAL_Driver/Inc/Legacy -I../Drivers/STM32F1xx_HAL_Driver/Inc -I../Drivers/CMSIS/Device/ST/STM32F1xx/Include -I../Drivers/CMSIS/Include -O0 -ffunction-sections -fdata-sections -Wall -fstack-usage -fcyclomatic-complexity -MMD -MP -MF"Core/Src/main.d" -MT"Core/Src/main.o" --specs=nano.specs -mfloat-abi=soft -mthumb -o "Core/Src/main.o"
arm-none-eabi-gcc -o "rudder.elf" @"objects.list"   -mcpu=cortex-m3 -T"D:\STM\rudder\STM32F103C8TX_FLASH.ld" --specs=nosys.specs -Wl,-Map="rudder.map" -Wl,--gc-sections -static --specs=nano.specs -mfloat-abi=soft -mthumb -Wl,--start-group -lc -lm -Wl,--end-group
Finished building target: rudder.elf
 
arm-none-eabi-size   rudder.elf 
arm-none-eabi-objdump -h -S  rudder.elf  > "rudder.list"
   text	   data	    bss	    dec	    hex	filename
   7564	     32	   1792	   9388	   24ac	rudder.elf
Finished building: default.size.stdout
 
Finished building: rudder.list
 
11:38:12 **** Incremental Build of configuration Debug for project rudder ****
make -j20 all 
arm-none-eabi-size   rudder.elf 
   text	   data	    bss	    dec	    hex	filename
   7564	     32	   1792	   9388	   24ac	rudder.elf
Finished building: default.size.stdout
 
11:38:42 **** Incremental Build of configuration Debug for project rudder ****
make -j20 all 
arm-none-eabi-size   rudder.elf 
   text	   data	    bss	    dec	    hex	filename
   7564	     32	   1792	   9388	   24ac	rudder.elf
Finished building: default.size.stdout
 
11:40:14 **** Incremental Build of configuration Debug for project rudder ****
make -j20 all 
arm-none-eabi-gcc "../Core/Src/main.c" -mcpu=cortex-m3 -std=gnu11 -g3 -DDEBUG -DUSE_HAL_DRIVER -DSTM32F103xB -c -I../Core/Inc -I../Drivers/STM32F1xx_HAL_Driver/Inc/Legacy -I../Drivers/STM32F1xx_HAL_Driver/Inc -I../Drivers/CMSIS/Device/ST/STM32F1xx/Include -I../Drivers/CMSIS/Include -O0 -ffunction-sections -fdata-sections -Wall -fstack-usage -fcyclomatic-complexity -MMD -MP -MF"Core/Src/main.d" -MT"Core/Src/main.o" --specs=nano.specs -mfloat-abi=soft -mthumb -o "Core/Src/main.o"
arm-none-eabi-gcc -o "rudder.elf" @"objects.list"   -mcpu=cortex-m3 -T"D:\STM\rudder\STM32F103C8TX_FLASH.ld" --specs=nosys.specs -Wl,-Map="rudder.map" -Wl,--gc-sections -static --specs=nano.specs -mfloat-abi=soft -mthumb -Wl,--start-group -lc -lm -Wl,--end-group
Finished building target: rudder.elf
 
arm-none-eabi-size   rudder.elf 
arm-none-eabi-objdump -h -S  rudder.elf  > "rudder.list"
   text	   data	    bss	    dec	    hex	filename
   7256	     32	   1792	   9080	   2378	rudder.elf
Finished building: default.size.stdout
 
Finished building: rudder.list
 
11:40:31 **** Incremental Build of configuration Debug for project rudder ****
make -j20 all 
arm-none-eabi-size   rudder.elf 
   text	   data	    bss	    dec	    hex	filename
   7256	     32	   1792	   9080	   2378	rudder.elf
Finished building: default.size.stdout
 
