11:22:40 **** Incremental Build of configuration Debug for project SG90 ****
make -j20 all 
arm-none-eabi-gcc "../Core/Src/main.c" -mcpu=cortex-m3 -std=gnu11 -g3 -DDEBUG -DUSE_HAL_DRIVER -DSTM32F103xB -c -I../Core/Inc -I../Drivers/STM32F1xx_HAL_Driver/Inc/Legacy -I../Drivers/STM32F1xx_HAL_Driver/Inc -I../Drivers/CMSIS/Device/ST/STM32F1xx/Include -I../Drivers/CMSIS/Include -O0 -ffunction-sections -fdata-sections -Wall -fstack-usage -fcyclomatic-complexity -MMD -MP -MF"Core/Src/main.d" -MT"Core/Src/main.o" --specs=nano.specs -mfloat-abi=soft -mthumb -o "Core/Src/main.o"
arm-none-eabi-gcc -o "SG90.elf" @"objects.list"   -mcpu=cortex-m3 -T"D:\STM\SG90\STM32F103C8TX_FLASH.ld" --specs=nosys.specs -Wl,-Map="SG90.map" -Wl,--gc-sections -static --specs=nano.specs -mfloat-abi=soft -mthumb -Wl,--start-group -lc -lm -Wl,--end-group
Finished building target: SG90.elf
 
arm-none-eabi-size   SG90.elf 
arm-none-eabi-objdump -h -S  SG90.elf  > "SG90.list"
   text	   data	    bss	    dec	    hex	filename
  10828	     32	   1864	  12724	   31b4	SG90.elf
Finished building: default.size.stdout
 
Finished building: SG90.list
 

11:22:41 Build Finished. 0 errors, 0 warnings. (took 1s.6ms)

