../Core/Src/main.c:69:5:main	8	static
../Core/Src/main.c:125:6:SystemClock_Config	72	static
../Core/Src/main.c:161:6:HAL_UARTEx_RxEventCallback	24	static
../Core/Src/main.c:179:6:set_pwm_direction_speed_4	16	static
../Core/Src/main.c:196:6:set_pwm_direction_speed_2	16	static
../Core/Src/main.c:211:6:set_pwm_direction_speed_1	16	static
../Core/Src/main.c:226:6:set_pwm_direction_speed_3	16	static
../Core/Src/main.c:241:6:set_left	8	static
../Core/Src/main.c:248:6:set_right	8	static
../Core/Src/main.c:255:6:set_circle	8	static
../Core/Src/main.c:262:6:set_forward	8	static
../Core/Src/main.c:269:6:set_backward	8	static
../Core/Src/main.c:276:6:set_stop	4	static
../Core/Src/main.c:294:6:Error_Handler	4	static,ignoring_inline_asm
