../Core/Src/main.c:65:5:main	8	static
../Core/Src/main.c:119:6:SystemClock_Config	72	static
../Core/Src/main.c:156:6:set_pwm_direction_speed_4	16	static
../Core/Src/main.c:173:6:set_pwm_direction_speed_2	16	static
../Core/Src/main.c:188:6:set_pwm_direction_speed_1	16	static
../Core/Src/main.c:203:6:set_pwm_direction_speed_3	16	static
../Core/Src/main.c:218:6:set_left	8	static
../Core/Src/main.c:225:6:set_right	8	static
../Core/Src/main.c:232:6:set_circle	8	static
../Core/Src/main.c:239:6:set_forward	8	static
../Core/Src/main.c:246:6:set_backward	8	static
../Core/Src/main.c:259:6:Error_Handler	4	static,ignoring_inline_asm
