Archive member included to satisfy reference by file (symbol)

d:/msys64/mingw64/bin/../lib/gcc/arm-none-eabi/12.2.0/../../../../arm-none-eabi/lib/thumb/v7e-m+fp/hard\libc_nano.a(libc_a-atexit.o)
                              d:/msys64/mingw64/bin/../lib/gcc/arm-none-eabi/12.2.0/../../../../arm-none-eabi/lib/thumb/v7e-m+fp/hard/crt0.o (atexit)
d:/msys64/mingw64/bin/../lib/gcc/arm-none-eabi/12.2.0/../../../../arm-none-eabi/lib/thumb/v7e-m+fp/hard\libc_nano.a(libc_a-exit.o)
                              d:/msys64/mingw64/bin/../lib/gcc/arm-none-eabi/12.2.0/../../../../arm-none-eabi/lib/thumb/v7e-m+fp/hard/crt0.o (exit)
d:/msys64/mingw64/bin/../lib/gcc/arm-none-eabi/12.2.0/../../../../arm-none-eabi/lib/thumb/v7e-m+fp/hard\libc_nano.a(libc_a-findfp.o)
                              d:/msys64/mingw64/bin/../lib/gcc/arm-none-eabi/12.2.0/../../../../arm-none-eabi/lib/thumb/v7e-m+fp/hard\libc_nano.a(libc_a-exit.o) (__stdio_exit_handler)
d:/msys64/mingw64/bin/../lib/gcc/arm-none-eabi/12.2.0/../../../../arm-none-eabi/lib/thumb/v7e-m+fp/hard\libc_nano.a(libc_a-fwalk.o)
                              d:/msys64/mingw64/bin/../lib/gcc/arm-none-eabi/12.2.0/../../../../arm-none-eabi/lib/thumb/v7e-m+fp/hard\libc_nano.a(libc_a-findfp.o) (_fwalk_sglue)
d:/msys64/mingw64/bin/../lib/gcc/arm-none-eabi/12.2.0/../../../../arm-none-eabi/lib/thumb/v7e-m+fp/hard\libc_nano.a(libc_a-stdio.o)
                              d:/msys64/mingw64/bin/../lib/gcc/arm-none-eabi/12.2.0/../../../../arm-none-eabi/lib/thumb/v7e-m+fp/hard\libc_nano.a(libc_a-findfp.o) (__sread)
d:/msys64/mingw64/bin/../lib/gcc/arm-none-eabi/12.2.0/../../../../arm-none-eabi/lib/thumb/v7e-m+fp/hard\libc_nano.a(libc_a-memset.o)
                              d:/msys64/mingw64/bin/../lib/gcc/arm-none-eabi/12.2.0/../../../../arm-none-eabi/lib/thumb/v7e-m+fp/hard/crt0.o (memset)
d:/msys64/mingw64/bin/../lib/gcc/arm-none-eabi/12.2.0/../../../../arm-none-eabi/lib/thumb/v7e-m+fp/hard\libc_nano.a(libc_a-closer.o)
                              d:/msys64/mingw64/bin/../lib/gcc/arm-none-eabi/12.2.0/../../../../arm-none-eabi/lib/thumb/v7e-m+fp/hard\libc_nano.a(libc_a-stdio.o) (_close_r)
d:/msys64/mingw64/bin/../lib/gcc/arm-none-eabi/12.2.0/../../../../arm-none-eabi/lib/thumb/v7e-m+fp/hard\libc_nano.a(libc_a-reent.o)
                              d:/msys64/mingw64/bin/../lib/gcc/arm-none-eabi/12.2.0/../../../../arm-none-eabi/lib/thumb/v7e-m+fp/hard\libc_nano.a(libc_a-closer.o) (errno)
d:/msys64/mingw64/bin/../lib/gcc/arm-none-eabi/12.2.0/../../../../arm-none-eabi/lib/thumb/v7e-m+fp/hard\libc_nano.a(libc_a-impure.o)
                              d:/msys64/mingw64/bin/../lib/gcc/arm-none-eabi/12.2.0/../../../../arm-none-eabi/lib/thumb/v7e-m+fp/hard\libc_nano.a(libc_a-reent.o) (_impure_ptr)
d:/msys64/mingw64/bin/../lib/gcc/arm-none-eabi/12.2.0/../../../../arm-none-eabi/lib/thumb/v7e-m+fp/hard\libc_nano.a(libc_a-lseekr.o)
                              d:/msys64/mingw64/bin/../lib/gcc/arm-none-eabi/12.2.0/../../../../arm-none-eabi/lib/thumb/v7e-m+fp/hard\libc_nano.a(libc_a-stdio.o) (_lseek_r)
d:/msys64/mingw64/bin/../lib/gcc/arm-none-eabi/12.2.0/../../../../arm-none-eabi/lib/thumb/v7e-m+fp/hard\libc_nano.a(libc_a-readr.o)
                              d:/msys64/mingw64/bin/../lib/gcc/arm-none-eabi/12.2.0/../../../../arm-none-eabi/lib/thumb/v7e-m+fp/hard\libc_nano.a(libc_a-stdio.o) (_read_r)
d:/msys64/mingw64/bin/../lib/gcc/arm-none-eabi/12.2.0/../../../../arm-none-eabi/lib/thumb/v7e-m+fp/hard\libc_nano.a(libc_a-writer.o)
                              d:/msys64/mingw64/bin/../lib/gcc/arm-none-eabi/12.2.0/../../../../arm-none-eabi/lib/thumb/v7e-m+fp/hard\libc_nano.a(libc_a-stdio.o) (_write_r)
d:/msys64/mingw64/bin/../lib/gcc/arm-none-eabi/12.2.0/../../../../arm-none-eabi/lib/thumb/v7e-m+fp/hard\libc_nano.a(libc_a-errno.o)
                              build/sysmem.o (__errno)
d:/msys64/mingw64/bin/../lib/gcc/arm-none-eabi/12.2.0/../../../../arm-none-eabi/lib/thumb/v7e-m+fp/hard\libc_nano.a(libc_a-init.o)
                              d:/msys64/mingw64/bin/../lib/gcc/arm-none-eabi/12.2.0/../../../../arm-none-eabi/lib/thumb/v7e-m+fp/hard/crt0.o (__libc_init_array)
d:/msys64/mingw64/bin/../lib/gcc/arm-none-eabi/12.2.0/../../../../arm-none-eabi/lib/thumb/v7e-m+fp/hard\libc_nano.a(libc_a-fini.o)
                              d:/msys64/mingw64/bin/../lib/gcc/arm-none-eabi/12.2.0/../../../../arm-none-eabi/lib/thumb/v7e-m+fp/hard/crt0.o (__libc_fini_array)
d:/msys64/mingw64/bin/../lib/gcc/arm-none-eabi/12.2.0/../../../../arm-none-eabi/lib/thumb/v7e-m+fp/hard\libc_nano.a(libc_a-lock.o)
                              d:/msys64/mingw64/bin/../lib/gcc/arm-none-eabi/12.2.0/../../../../arm-none-eabi/lib/thumb/v7e-m+fp/hard\libc_nano.a(libc_a-findfp.o) (__retarget_lock_init_recursive)
d:/msys64/mingw64/bin/../lib/gcc/arm-none-eabi/12.2.0/../../../../arm-none-eabi/lib/thumb/v7e-m+fp/hard\libc_nano.a(libc_a-__atexit.o)
[...]
Memory Configuration

Name             Origin             Length             Attributes
RAM              0x20000000         0x00020000         xrw
CCMRAM           0x10000000         0x00010000         xrw
FLASH            0x08000000         0x00100000         xr
*default*        0x00000000         0xffffffff

Linker script and memory map

LOAD d:/msys64/mingw64/bin/../lib/gcc/arm-none-eabi/12.2.0/thumb/v7e-m+fp/hard/crti.o
LOAD d:/msys64/mingw64/bin/../lib/gcc/arm-none-eabi/12.2.0/thumb/v7e-m+fp/hard/crtbegin.o
LOAD d:/msys64/mingw64/bin/../lib/gcc/arm-none-eabi/12.2.0/../../../../arm-none-eabi/lib/thumb/v7e-m+fp/hard/crt0.o
LOAD build/main.o
LOAD build/gpio.o
LOAD build/can.o
LOAD build/dma.o
LOAD build/tim.o
LOAD build/usart.o
LOAD build/stm32f4xx_it.o
LOAD build/stm32f4xx_hal_msp.o
LOAD build/stm32f4xx_hal_can.o
LOAD build/stm32f4xx_hal_rcc.o
LOAD build/stm32f4xx_hal_rcc_ex.o
LOAD build/stm32f4xx_hal_flash.o
LOAD build/stm32f4xx_hal_flash_ex.o
LOAD build/stm32f4xx_hal_flash_ramfunc.o
LOAD build/stm32f4xx_hal_gpio.o
LOAD build/stm32f4xx_hal_dma_ex.o
LOAD build/stm32f4xx_hal_dma.o
LOAD build/stm32f4xx_hal_pwr.o
LOAD build/stm32f4xx_hal_pwr_ex.o
LOAD build/stm32f4xx_hal_cortex.o
LOAD build/stm32f4xx_hal.o
LOAD build/stm32f4xx_hal_exti.o
LOAD build/stm32f4xx_hal_tim.o
LOAD build/stm32f4xx_hal_tim_ex.o
LOAD build/stm32f4xx_hal_uart.o
LOAD build/system_stm32f4xx.o
LOAD build/sysmem.o
LOAD build/chassis_control.o
LOAD build/robot_cmd.o
LOAD build/pid.o
LOAD build/Bsp_can.o
LOAD build/djimotor.o
LOAD build/remote_control.o
LOAD build/syscalls.o
LOAD build/startup_stm32f407xx.o
LOAD d:/msys64/mingw64/bin/../lib/gcc/arm-none-eabi/12.2.0/../../../../arm-none-eabi/lib/thumb/v7e-m+fp/hard\libc_nano.a
LOAD d:/msys64/mingw64/bin/../lib/gcc/arm-none-eabi/12.2.0/../../../../arm-none-eabi/lib/thumb/v7e-m+fp/hard\libm.a
LOAD d:/msys64/mingw64/bin/../lib/gcc/arm-none-eabi/12.2.0/../../../../arm-none-eabi/lib/thumb/v7e-m+fp/hard\libnosys.a
START GROUP
LOAD d:/msys64/mingw64/bin/../lib/gcc/arm-none-eabi/12.2.0/thumb/v7e-m+fp/hard\libgcc.a
LOAD d:/msys64/mingw64/bin/../lib/gcc/arm-none-eabi/12.2.0/../../../../arm-none-eabi/lib/thumb/v7e-m+fp/hard\libc_nano.a
END GROUP
START GROUP
LOAD d:/msys64/mingw64/bin/../lib/gcc/arm-none-eabi/12.2.0/thumb/v7e-m+fp/hard\libgcc.a
LOAD d:/msys64/mingw64/bin/../lib/gcc/arm-none-eabi/12.2.0/../../../../arm-none-eabi/lib/thumb/v7e-m+fp/hard\libc_nano.a
END GROUP
LOAD d:/msys64/mingw64/bin/../lib/gcc/arm-none-eabi/12.2.0/thumb/v7e-m+fp/hard/crtend.o
LOAD d:/msys64/mingw64/bin/../lib/gcc/arm-none-eabi/12.2.0/thumb/v7e-m+fp/hard/crtn.o
                0x20020000                        _estack = (ORIGIN (RAM) + LENGTH (RAM))
                0x00000200                        _Min_Heap_Size = 0x200
                0x00000400                        _Min_Stack_Size = 0x400

.isr_vector     0x08000000      0x188
                0x08000000                        . = ALIGN (0x4)
 *(.isr_vector)
 .isr_vector    0x08000000      0x188 build/startup_stm32f407xx.o
                0x08000000                g_pfnVectors
                0x08000188                        . = ALIGN (0x4)

.text           0x08000188     0x3880
                0x08000188                        . = ALIGN (0x4)
 *(.text)
 .text          0x08000188       0xa4 d:/msys64/mingw64/bin/../lib/gcc/arm-none-eabi/12.2.0/../../../../arm-none-eabi/lib/thumb/v7e-m+fp/hard\libc_nano.a(libc_a-memset.o)
                0x08000188                memset
 .text          0x0800022c       0x50 d:/msys64/mingw64/bin/../lib/gcc/arm-none-eabi/12.2.0/../../../../arm-none-eabi/lib/thumb/v7e-m+fp/hard\libc_nano.a(libc_a-init.o)
                0x0800022c                __libc_init_array
 .text          0x0800027c      0x254 d:/msys64/mingw64/bin/../lib/gcc/arm-none-eabi/12.2.0/thumb/v7e-m+fp/hard\libgcc.a(_arm_muldf3.o)
                0x0800027c                __muldf3
                0x0800027c                __aeabi_dmul
 .text          0x080004d0      0x378 d:/msys64/mingw64/bin/../lib/gcc/arm-none-eabi/12.2.0/thumb/v7e-m+fp/hard\libgcc.a(_arm_addsubdf3.o)
                0x080004d0                __aeabi_drsub
                0x080004d8                __aeabi_dsub
                0x080004d8                __subdf3
                0x080004dc                __aeabi_dadd
                0x080004dc                __adddf3
                0x08000754                __floatunsidf
                0x08000754                __aeabi_ui2d
                0x08000774                __floatsidf
                0x08000774                __aeabi_i2d
                0x08000798                __aeabi_f2d
                0x08000798                __extendsfdf2
                0x080007dc                __floatundidf
                0x080007dc                __aeabi_ul2d
                0x080007ec                __floatdidf
                0x080007ec                __aeabi_l2d
 .text          0x08000848       0xa0 d:/msys64/mingw64/bin/../lib/gcc/arm-none-eabi/12.2.0/thumb/v7e-m+fp/hard\libgcc.a(_arm_truncdfsf2.o)
                0x08000848                __truncdfsf2
                0x08000848                __aeabi_d2f
 .text          0x080008e8       0x30 d:/msys64/mingw64/bin/../lib/gcc/arm-none-eabi/12.2.0/thumb/v7e-m+fp/hard\libgcc.a(_aeabi_uldivmod.o)
                0x080008e8                __aeabi_uldivmod
 .text          0x08000918        0x4 d:/msys64/mingw64/bin/../lib/gcc/arm-none-eabi/12.2.0/thumb/v7e-m+fp/hard\libgcc.a(_dvmd_tls.o)
                0x08000918                __aeabi_idiv0
                0x08000918                __aeabi_ldiv0
 *(.text*)
 .text.__do_global_dtors_aux
                0x0800091c       0x24 d:/msys64/mingw64/bin/../lib/gcc/arm-none-eabi/12.2.0/thumb/v7e-m+fp/hard/crtbegin.o
 .text.frame_dummy
                0x08000940       0x1c d:/msys64/mingw64/bin/../lib/gcc/arm-none-eabi/12.2.0/thumb/v7e-m+fp/hard/crtbegin.o
 .text.Error_Handler
                0x0800095c        0x4 build/main.o
                0x0800095c                Error_Handler
 .text.SystemClock_Config
                0x08000960       0xa8 build/main.o
                0x08000960                SystemClock_Config
 .text.main     0x08000a08       0x94 build/main.o
                0x08000a08                main
 .text.MX_GPIO_Init
                0x08000a9c       0x74 build/gpio.o
                0x08000a9c                MX_GPIO_Init
 .text.MX_CAN1_Init
                0x08000b10       0x40 build/can.o
                0x08000b10                MX_CAN1_Init
 .text.MX_CAN2_Init
                0x08000b50       0x40 build/can.o
                0x08000b50                MX_CAN2_Init
 .text.HAL_CAN_MspInit
                0x08000b90      0x120 build/can.o
                0x08000b90                HAL_CAN_MspInit
 .text.MX_DMA_Init
                0x08000cb0       0x44 build/dma.o
                0x08000cb0                MX_DMA_Init
 .text.MX_TIM2_Init
                0x08000cf4       0x6c build/tim.o
                0x08000cf4                MX_TIM2_Init
 .text.HAL_TIM_Base_MspInit
                0x08000d60       0x3c build/tim.o
                0x08000d60                HAL_TIM_Base_MspInit
 .text.MX_USART3_UART_Init
                0x08000d9c       0x40 build/usart.o
                0x08000d9c                MX_USART3_UART_Init
 .text.HAL_UART_MspInit
                0x08000ddc      0x100 build/usart.o
                0x08000ddc                HAL_UART_MspInit
 .text.NMI_Handler
                0x08000edc        0x2 build/stm32f4xx_it.o
                0x08000edc                NMI_Handler
 .text.HardFault_Handler
                0x08000ede        0x2 build/stm32f4xx_it.o
                0x08000ede                HardFault_Handler
 .text.MemManage_Handler
                0x08000ee0        0x2 build/stm32f4xx_it.o
                0x08000ee0                MemManage_Handler
 .text.BusFault_Handler
                0x08000ee2        0x2 build/stm32f4xx_it.o
                0x08000ee2                BusFault_Handler
 .text.UsageFault_Handler
                0x08000ee4        0x2 build/stm32f4xx_it.o
                0x08000ee4                UsageFault_Handler
 .text.SVC_Handler
                0x08000ee6        0x2 build/stm32f4xx_it.o
                0x08000ee6                SVC_Handler
 .text.DebugMon_Handler
                0x08000ee8        0x2 build/stm32f4xx_it.o
                0x08000ee8                DebugMon_Handler
 .text.PendSV_Handler
                0x08000eea        0x2 build/stm32f4xx_it.o
                0x08000eea                PendSV_Handler
 .text.SysTick_Handler
                0x08000eec        0x8 build/stm32f4xx_it.o
                0x08000eec                SysTick_Handler
 .text.DMA1_Stream1_IRQHandler
                0x08000ef4       0x10 build/stm32f4xx_it.o
                0x08000ef4                DMA1_Stream1_IRQHandler
 .text.DMA1_Stream3_IRQHandler
                0x08000f04       0x10 build/stm32f4xx_it.o
                0x08000f04                DMA1_Stream3_IRQHandler
 .text.CAN1_RX0_IRQHandler
                0x08000f14       0x10 build/stm32f4xx_it.o
                0x08000f14                CAN1_RX0_IRQHandler
 .text.TIM2_IRQHandler
                0x08000f24       0x10 build/stm32f4xx_it.o
                0x08000f24                TIM2_IRQHandler
 .text.USART3_IRQHandler
                0x08000f34       0x10 build/stm32f4xx_it.o
                0x08000f34                USART3_IRQHandler
 .text.CAN2_RX0_IRQHandler
                0x08000f44       0x10 build/stm32f4xx_it.o
                0x08000f44                CAN2_RX0_IRQHandler
 .text.HAL_MspInit
                0x08000f54       0x38 build/stm32f4xx_hal_msp.o
                0x08000f54                HAL_MspInit
 .text.HAL_CAN_Init
                0x08000f8c      0x14c build/stm32f4xx_hal_can.o
                0x08000f8c                HAL_CAN_Init
 .text.HAL_CAN_ConfigFilter
                0x080010d8      0x138 build/stm32f4xx_hal_can.o
                0x080010d8                HAL_CAN_ConfigFilter
 .text.HAL_CAN_Start
                0x08001210       0x5c build/stm32f4xx_hal_can.o
                0x08001210                HAL_CAN_Start
 .text.HAL_CAN_AddTxMessage
                0x0800126c       0xea build/stm32f4xx_hal_can.o
                0x0800126c                HAL_CAN_AddTxMessage
 .text.HAL_CAN_GetRxMessage
                0x08001356      0x16a build/stm32f4xx_hal_can.o
                0x08001356                HAL_CAN_GetRxMessage
 .text.HAL_CAN_ActivateNotification
                0x080014c0       0x24 build/stm32f4xx_hal_can.o
                0x080014c0                HAL_CAN_ActivateNotification
 .text.HAL_CAN_TxMailbox0CompleteCallback
                0x080014e4        0x2 build/stm32f4xx_hal_can.o
                0x080014e4                HAL_CAN_TxMailbox0CompleteCallback
 .text.HAL_CAN_TxMailbox1CompleteCallback
                0x080014e6        0x2 build/stm32f4xx_hal_can.o
                0x080014e6                HAL_CAN_TxMailbox1CompleteCallback
 .text.HAL_CAN_TxMailbox2CompleteCallback
                0x080014e8        0x2 build/stm32f4xx_hal_can.o
                0x080014e8                HAL_CAN_TxMailbox2CompleteCallback
 .text.HAL_CAN_TxMailbox0AbortCallback
                0x080014ea        0x2 build/stm32f4xx_hal_can.o
                0x080014ea                HAL_CAN_TxMailbox0AbortCallback
 .text.HAL_CAN_TxMailbox1AbortCallback
                0x080014ec        0x2 build/stm32f4xx_hal_can.o
                0x080014ec                HAL_CAN_TxMailbox1AbortCallback
 .text.HAL_CAN_TxMailbox2AbortCallback
                0x080014ee        0x2 build/stm32f4xx_hal_can.o
                0x080014ee                HAL_CAN_TxMailbox2AbortCallback
 .text.HAL_CAN_RxFifo0FullCallback
                0x080014f0        0x2 build/stm32f4xx_hal_can.o
                0x080014f0                HAL_CAN_RxFifo0FullCallback
 .text.HAL_CAN_RxFifo1MsgPendingCallback
                0x080014f2        0x2 build/stm32f4xx_hal_can.o
                0x080014f2                HAL_CAN_RxFifo1MsgPendingCallback
 .text.HAL_CAN_RxFifo1FullCallback
                0x080014f4        0x2 build/stm32f4xx_hal_can.o
                0x080014f4                HAL_CAN_RxFifo1FullCallback
 .text.HAL_CAN_SleepCallback
                0x080014f6        0x2 build/stm32f4xx_hal_can.o
                0x080014f6                HAL_CAN_SleepCallback
 .text.HAL_CAN_WakeUpFromRxMsgCallback
                0x080014f8        0x2 build/stm32f4xx_hal_can.o
                0x080014f8                HAL_CAN_WakeUpFromRxMsgCallback
 .text.HAL_CAN_ErrorCallback
                0x080014fa        0x2 build/stm32f4xx_hal_can.o
                0x080014fa                HAL_CAN_ErrorCallback
 .text.HAL_CAN_IRQHandler
                0x080014fc      0x24a build/stm32f4xx_hal_can.o
                0x080014fc                HAL_CAN_IRQHandler
 *fill*         0x08001746        0x2 
 .text.HAL_RCC_OscConfig
                0x08001748      0x3f8 build/stm32f4xx_hal_rcc.o
                0x08001748                HAL_RCC_OscConfig
 .text.HAL_RCC_GetSysClockFreq
                0x08001b40       0xa8 build/stm32f4xx_hal_rcc.o
                0x08001b40                HAL_RCC_GetSysClockFreq
 .text.HAL_RCC_ClockConfig
                0x08001be8      0x160 build/stm32f4xx_hal_rcc.o
                0x08001be8                HAL_RCC_ClockConfig
 .text.HAL_RCC_GetHCLKFreq
                0x08001d48        0xc build/stm32f4xx_hal_rcc.o
                0x08001d48                HAL_RCC_GetHCLKFreq
 .text.HAL_RCC_GetPCLK1Freq
                0x08001d54       0x20 build/stm32f4xx_hal_rcc.o
                0x08001d54                HAL_RCC_GetPCLK1Freq
 .text.HAL_RCC_GetPCLK2Freq
                0x08001d74       0x20 build/stm32f4xx_hal_rcc.o
                0x08001d74                HAL_RCC_GetPCLK2Freq
 .text.HAL_GPIO_Init
                0x08001d94      0x1ec build/stm32f4xx_hal_gpio.o
                0x08001d94                HAL_GPIO_Init
 .text.DMA_CalcBaseAndBitshift
                0x08001f80       0x44 build/stm32f4xx_hal_dma.o
 .text.DMA_CheckFifoParam
                0x08001fc4       0x8e build/stm32f4xx_hal_dma.o
 *fill*         0x08002052        0x2 
 .text.HAL_DMA_Init
                0x08002054       0xcc build/stm32f4xx_hal_dma.o
                0x08002054                HAL_DMA_Init
 .text.HAL_DMA_Abort
                0x08002120       0x94 build/stm32f4xx_hal_dma.o
                0x08002120                HAL_DMA_Abort
 .text.HAL_DMA_Abort_IT
                0x080021b4       0x26 build/stm32f4xx_hal_dma.o
                0x080021b4                HAL_DMA_Abort_IT
 *fill*         0x080021da        0x2 
 .text.HAL_DMA_IRQHandler
                0x080021dc      0x1dc build/stm32f4xx_hal_dma.o
                0x080021dc                HAL_DMA_IRQHandler
 .text.__NVIC_EnableIRQ
                0x080023b8       0x1c build/stm32f4xx_hal_cortex.o
 .text.__NVIC_SetPriority
                0x080023d4       0x28 build/stm32f4xx_hal_cortex.o
 .text.NVIC_EncodePriority
                0x080023fc       0x3e build/stm32f4xx_hal_cortex.o
 *fill*         0x0800243a        0x2 
 .text.HAL_NVIC_SetPriorityGrouping
                0x0800243c       0x24 build/stm32f4xx_hal_cortex.o
                0x0800243c                HAL_NVIC_SetPriorityGrouping
 .text.HAL_NVIC_SetPriority
                0x08002460       0x20 build/stm32f4xx_hal_cortex.o
                0x08002460                HAL_NVIC_SetPriority
 .text.HAL_NVIC_EnableIRQ
                0x08002480        0x8 build/stm32f4xx_hal_cortex.o
                0x08002480                HAL_NVIC_EnableIRQ
 .text.HAL_SYSTICK_Config
                0x08002488       0x28 build/stm32f4xx_hal_cortex.o
                0x08002488                HAL_SYSTICK_Config
 .text.HAL_InitTick
                0x080024b0       0x4c build/stm32f4xx_hal.o
                0x080024b0                HAL_InitTick
 .text.HAL_Init
                0x080024fc       0x34 build/stm32f4xx_hal.o
                0x080024fc                HAL_Init
 .text.HAL_IncTick
                0x08002530       0x18 build/stm32f4xx_hal.o
                0x08002530                HAL_IncTick
 .text.HAL_GetTick
                0x08002548        0xc build/stm32f4xx_hal.o
                0x08002548                HAL_GetTick
 .text.HAL_Delay
                0x08002554       0x28 build/stm32f4xx_hal.o
                0x08002554                HAL_Delay
 .text.TIM_TI1_ConfigInputStage
                0x0800257c       0x26 build/stm32f4xx_hal_tim.o
 .text.TIM_TI2_ConfigInputStage
                0x080025a2       0x28 build/stm32f4xx_hal_tim.o
 .text.TIM_ITRx_SetConfig
                0x080025ca       0x10 build/stm32f4xx_hal_tim.o
 *fill*         0x080025da        0x2 
 .text.HAL_TIM_Base_Start_IT
                0x080025dc       0x88 build/stm32f4xx_hal_tim.o
                0x080025dc                HAL_TIM_Base_Start_IT
 .text.HAL_TIM_OC_DelayElapsedCallback
                0x08002664        0x2 build/stm32f4xx_hal_tim.o
                0x08002664                HAL_TIM_OC_DelayElapsedCallback
 .text.HAL_TIM_IC_CaptureCallback
                0x08002666        0x2 build/stm32f4xx_hal_tim.o
                0x08002666                HAL_TIM_IC_CaptureCallback
 .text.HAL_TIM_PWM_PulseFinishedCallback
                0x08002668        0x2 build/stm32f4xx_hal_tim.o
                0x08002668                HAL_TIM_PWM_PulseFinishedCallback
 .text.HAL_TIM_TriggerCallback
                0x0800266a        0x2 build/stm32f4xx_hal_tim.o
                0x0800266a                HAL_TIM_TriggerCallback
 .text.HAL_TIM_IRQHandler
                0x0800266c      0x15e build/stm32f4xx_hal_tim.o
                0x0800266c                HAL_TIM_IRQHandler
 *fill*         0x080027ca        0x2 
 .text.TIM_Base_SetConfig
                0x080027cc       0xd8 build/stm32f4xx_hal_tim.o
                0x080027cc                TIM_Base_SetConfig
 .text.HAL_TIM_Base_Init
                0x080028a4       0x58 build/stm32f4xx_hal_tim.o
                0x080028a4                HAL_TIM_Base_Init
 .text.TIM_ETR_SetConfig
                0x080028fc       0x1a build/stm32f4xx_hal_tim.o
                0x080028fc                TIM_ETR_SetConfig
 .text.HAL_TIM_ConfigClockSource
                0x08002916       0xfe build/stm32f4xx_hal_tim.o
                0x08002916                HAL_TIM_ConfigClockSource
 .text.HAL_TIMEx_MasterConfigSynchronization
                0x08002a14       0x8c build/stm32f4xx_hal_tim_ex.o
                0x08002a14                HAL_TIMEx_MasterConfigSynchronization
 .text.HAL_TIMEx_CommutCallback
                0x08002aa0        0x2 build/stm32f4xx_hal_tim_ex.o
                0x08002aa0                HAL_TIMEx_CommutCallback
 .text.HAL_TIMEx_BreakCallback
                0x08002aa2        0x2 build/stm32f4xx_hal_tim_ex.o
                0x08002aa2                HAL_TIMEx_BreakCallback
 .text.UART_EndRxTransfer
                0x08002aa4       0x5c build/stm32f4xx_hal_uart.o
 .text.UART_Transmit_IT
                0x08002b00       0x60 build/stm32f4xx_hal_uart.o
 .text.UART_SetConfig
                0x08002b60      0x110 build/stm32f4xx_hal_uart.o
 .text.HAL_UART_Init
                0x08002c70       0x60 build/stm32f4xx_hal_uart.o
                0x08002c70                HAL_UART_Init
 .text.HAL_UART_TxCpltCallback
                0x08002cd0        0x2 build/stm32f4xx_hal_uart.o
                0x08002cd0                HAL_UART_TxCpltCallback
 .text.UART_EndTransmit_IT
                0x08002cd2       0x1a build/stm32f4xx_hal_uart.o
 .text.HAL_UART_RxCpltCallback
                0x08002cec        0x2 build/stm32f4xx_hal_uart.o
                0x08002cec                HAL_UART_RxCpltCallback
 .text.HAL_UART_ErrorCallback
                0x08002cee        0x2 build/stm32f4xx_hal_uart.o
                0x08002cee                HAL_UART_ErrorCallback
 .text.UART_DMAAbortOnError
                0x08002cf0       0x10 build/stm32f4xx_hal_uart.o
 .text.UART_Receive_IT
                0x08002d00       0xe6 build/stm32f4xx_hal_uart.o
 *fill*         0x08002de6        0x2 
 .text.HAL_UART_IRQHandler
                0x08002de8      0x284 build/stm32f4xx_hal_uart.o
                0x08002de8                HAL_UART_IRQHandler
 .text.UART_Start_Receive_IT
                0x0800306c       0x36 build/stm32f4xx_hal_uart.o
                0x0800306c                UART_Start_Receive_IT
 .text.HAL_UARTEx_ReceiveToIdle_IT
                0x080030a2       0x66 build/stm32f4xx_hal_uart.o
                0x080030a2                HAL_UARTEx_ReceiveToIdle_IT
 .text.SystemInit
                0x08003108       0x14 build/system_stm32f4xx.o
                0x08003108                SystemInit
 .text.MecanumCalculate
                0x0800311c       0xac build/chassis_control.o
                0x0800311c                MecanumCalculate
 .text.ChassisTask
                0x080031c8      0x104 build/chassis_control.o
                0x080031c8                ChassisTask
 .text.HAL_UARTEx_RxEventCallback
                0x080032cc       0xa0 build/robot_cmd.o
                0x080032cc                HAL_UARTEx_RxEventCallback
 .text.pid_init
                0x0800336c       0x16 build/pid.o
                0x0800336c                pid_init
 .text.ver_pid_calc
                0x08003382       0xc0 build/pid.o
                0x08003382                ver_pid_calc
 *fill*         0x08003442        0x2 
 .text.can_user_init
                0x08003444       0x5c build/Bsp_can.o
                0x08003444                can_user_init
 .text.HAL_CAN_RxFifo0MsgPendingCallback
                0x080034a0       0xdc build/Bsp_can.o
                0x080034a0                HAL_CAN_RxFifo0MsgPendingCallback
 .text.set_motor_value_CAN1
                0x0800357c       0x58 build/Bsp_can.o
                0x0800357c                set_motor_value_CAN1
 .text.set_motor_value_CAN2
                0x080035d4       0x58 build/Bsp_can.o
                0x080035d4                set_motor_value_CAN2
 .text.HAL_TIM_PeriodElapsedCallback
                0x0800362c       0x12 build/djimotor.o
                0x0800362c                HAL_TIM_PeriodElapsedCallback
 *fill*         0x0800363e        0x2 
 .text.AngleSumCalc
                0x08003640       0x40 build/djimotor.o
                0x08003640                AngleSumCalc
 .text.Velocity_Calclate
                0x08003680       0x7c build/djimotor.o
                0x08003680                Velocity_Calclate
 .text.Reset_Handler
                0x080036fc       0x50 build/startup_stm32f407xx.o
                0x080036fc                Reset_Handler
 .text.Default_Handler
                0x0800374c        0x2 build/startup_stm32f407xx.o
                0x0800374c                RTC_Alarm_IRQHandler
                0x0800374c                HASH_RNG_IRQHandler
                0x0800374c                EXTI2_IRQHandler
                0x0800374c                TIM8_CC_IRQHandler
                0x0800374c                TIM1_CC_IRQHandler
                0x0800374c                DMA2_Stream5_IRQHandler
                0x0800374c                DMA1_Stream5_IRQHandler
                0x0800374c                PVD_IRQHandler
                0x0800374c                SDIO_IRQHandler
                0x0800374c                TAMP_STAMP_IRQHandler
                0x0800374c                CAN2_RX1_IRQHandler
                0x0800374c                EXTI3_IRQHandler
                0x0800374c                TIM8_TRG_COM_TIM14_IRQHandler
                0x0800374c                TIM1_UP_TIM10_IRQHandler
                0x0800374c                TIM8_UP_TIM13_IRQHandler
                0x0800374c                I2C3_ER_IRQHandler
                0x0800374c                EXTI0_IRQHandler
                0x0800374c                I2C2_EV_IRQHandler
                0x0800374c                DMA1_Stream2_IRQHandler
                0x0800374c                FPU_IRQHandler
                0x0800374c                OTG_HS_WKUP_IRQHandler
                0x0800374c                CAN2_SCE_IRQHandler
                0x0800374c                DMA2_Stream2_IRQHandler
                0x0800374c                SPI1_IRQHandler
                0x0800374c                TIM6_DAC_IRQHandler
                0x0800374c                TIM1_BRK_TIM9_IRQHandler
                0x0800374c                DCMI_IRQHandler
                0x0800374c                DMA2_Stream3_IRQHandler
                0x0800374c                USART6_IRQHandler
                0x0800374c                CAN1_RX1_IRQHandler
                0x0800374c                UART5_IRQHandler
                0x0800374c                DMA2_Stream0_IRQHandler
                0x0800374c                TIM4_IRQHandler
                0x0800374c                I2C1_EV_IRQHandler
                0x0800374c                DMA1_Stream6_IRQHandler
                0x0800374c                UART4_IRQHandler
                0x0800374c                TIM3_IRQHandler
                0x0800374c                RCC_IRQHandler
                0x0800374c                TIM8_BRK_TIM12_IRQHandler
                0x0800374c                Default_Handler
                0x0800374c                EXTI15_10_IRQHandler
                0x0800374c                ADC_IRQHandler
                0x0800374c                DMA1_Stream7_IRQHandler
                0x0800374c                TIM7_IRQHandler
                0x0800374c                CAN2_TX_IRQHandler
                0x0800374c                TIM5_IRQHandler
                0x0800374c                DMA2_Stream7_IRQHandler
                0x0800374c                I2C3_EV_IRQHandler
                0x0800374c                EXTI9_5_IRQHandler
                0x0800374c                RTC_WKUP_IRQHandler
                0x0800374c                ETH_WKUP_IRQHandler
                0x0800374c                SPI2_IRQHandler
                0x0800374c                OTG_HS_EP1_IN_IRQHandler
                0x0800374c                DMA1_Stream0_IRQHandler
                0x0800374c                CAN1_TX_IRQHandler
                0x0800374c                EXTI4_IRQHandler
                0x0800374c                FSMC_IRQHandler
                0x0800374c                ETH_IRQHandler
                0x0800374c                OTG_HS_EP1_OUT_IRQHandler
                0x0800374c                WWDG_IRQHandler
                0x0800374c                OTG_FS_WKUP_IRQHandler
                0x0800374c                TIM1_TRG_COM_TIM11_IRQHandler
                0x0800374c                OTG_HS_IRQHandler
                0x0800374c                EXTI1_IRQHandler
                0x0800374c                USART2_IRQHandler
                0x0800374c                I2C2_ER_IRQHandler
                0x0800374c                DMA2_Stream1_IRQHandler
                0x0800374c                CAN1_SCE_IRQHandler
                0x0800374c                FLASH_IRQHandler
                0x0800374c                DMA2_Stream4_IRQHandler
                0x0800374c                USART1_IRQHandler
                0x0800374c                OTG_FS_IRQHandler
                0x0800374c                SPI3_IRQHandler
                0x0800374c                DMA1_Stream4_IRQHandler
                0x0800374c                I2C1_ER_IRQHandler
                0x0800374c                DMA2_Stream6_IRQHandler
 .text.__udivmoddi4
                0x0800374e      0x2a0 d:/msys64/mingw64/bin/../lib/gcc/arm-none-eabi/12.2.0/thumb/v7e-m+fp/hard\libgcc.a(_udivmoddi4.o)
                0x0800374e                __udivmoddi4
 *(.glue_7)
 .glue_7        0x080039ee        0x0 linker stubs
 *(.glue_7t)
 .glue_7t       0x080039ee        0x0 linker stubs
 *(.eh_frame)
 *fill*         0x080039ee        0x2 
 .eh_frame      0x080039f0        0x0 d:/msys64/mingw64/bin/../lib/gcc/arm-none-eabi/12.2.0/thumb/v7e-m+fp/hard/crtbegin.o
 *(.init)
 .init          0x080039f0        0x4 d:/msys64/mingw64/bin/../lib/gcc/arm-none-eabi/12.2.0/thumb/v7e-m+fp/hard/crti.o
                0x080039f0                _init
 .init          0x080039f4        0x8 d:/msys64/mingw64/bin/../lib/gcc/arm-none-eabi/12.2.0/thumb/v7e-m+fp/hard/crtn.o
 *(.fini)
 .fini          0x080039fc        0x4 d:/msys64/mingw64/bin/../lib/gcc/arm-none-eabi/12.2.0/thumb/v7e-m+fp/hard/crti.o
                0x080039fc                _fini
 .fini          0x08003a00        0x8 d:/msys64/mingw64/bin/../lib/gcc/arm-none-eabi/12.2.0/thumb/v7e-m+fp/hard/crtn.o
                0x08003a08                        . = ALIGN (0x4)
                0x08003a08                        _etext = .

.vfp11_veneer   0x08003a08        0x0
 .vfp11_veneer  0x08003a08        0x0 linker stubs

.v4_bx          0x08003a08        0x0
 .v4_bx         0x08003a08        0x0 linker stubs

.iplt           0x08003a08        0x0
 .iplt          0x08003a08        0x0 d:/msys64/mingw64/bin/../lib/gcc/arm-none-eabi/12.2.0/thumb/v7e-m+fp/hard/crtbegin.o

.rodata         0x08003a08       0x20
                0x08003a08                        . = ALIGN (0x4)
 *(.rodata)
 *(.rodata*)
 .rodata.flagBitshiftOffset.0
                0x08003a08        0x8 build/stm32f4xx_hal_dma.o
 .rodata.APBPrescTable
                0x08003a10        0x8 build/system_stm32f4xx.o
                0x08003a10                APBPrescTable
 .rodata.AHBPrescTable
                0x08003a18       0x10 build/system_stm32f4xx.o
                0x08003a18                AHBPrescTable
                0x08003a28                        . = ALIGN (0x4)

.ARM.extab
 *(.ARM.extab* .gnu.linkonce.armextab.*)

.ARM            0x08003a28        0x8
                0x08003a28                        __exidx_start = .
 *(.ARM.exidx*)
 .ARM.exidx.text.__udivmoddi4
                0x08003a28        0x8 d:/msys64/mingw64/bin/../lib/gcc/arm-none-eabi/12.2.0/thumb/v7e-m+fp/hard\libgcc.a(_udivmoddi4.o)
                0x08003a30                        __exidx_end = .

.rel.dyn        0x08003a30        0x0
 .rel.iplt      0x08003a30        0x0 d:/msys64/mingw64/bin/../lib/gcc/arm-none-eabi/12.2.0/thumb/v7e-m+fp/hard/crtbegin.o

.preinit_array  0x08003a30        0x0
                0x08003a30                        PROVIDE (__preinit_array_start = .)
 *(.preinit_array*)
                0x08003a30                        PROVIDE (__preinit_array_end = .)

.init_array     0x08003a30        0x4
                0x08003a30                        PROVIDE (__init_array_start = .)
 *(SORT_BY_NAME(.init_array.*))
 *(.init_array*)
 .init_array    0x08003a30        0x4 d:/msys64/mingw64/bin/../lib/gcc/arm-none-eabi/12.2.0/thumb/v7e-m+fp/hard/crtbegin.o
                0x08003a34                        PROVIDE (__init_array_end = .)

.fini_array     0x08003a34        0x4
                0x08003a34                        PROVIDE (__fini_array_start = .)
 *(SORT_BY_NAME(.fini_array.*))
 *(.fini_array*)
 .fini_array    0x08003a34        0x4 d:/msys64/mingw64/bin/../lib/gcc/arm-none-eabi/12.2.0/thumb/v7e-m+fp/hard/crtbegin.o
                0x08003a38                        PROVIDE (__fini_array_end = .)
                0x08003a38                        _sidata = LOADADDR (.data)

.data           0x20000000        0xc load address 0x08003a38
                0x20000000                        . = ALIGN (0x4)
                0x20000000                        _sdata = .
 *(.data)
 *(.data*)
 .data.uwTickFreq
                0x20000000        0x1 build/stm32f4xx_hal.o
                0x20000000                uwTickFreq
 *fill*         0x20000001        0x3 
 .data.uwTickPrio
                0x20000004        0x4 build/stm32f4xx_hal.o
                0x20000004                uwTickPrio
 .data.SystemCoreClock
                0x20000008        0x4 build/system_stm32f4xx.o
                0x20000008                SystemCoreClock
                0x2000000c                        . = ALIGN (0x4)
                0x2000000c                        _edata = .
                0x08003a44                        _siccmram = LOADADDR (.ccmram)

.igot.plt       0x2000000c        0x0 load address 0x08003a44
 .igot.plt      0x2000000c        0x0 d:/msys64/mingw64/bin/../lib/gcc/arm-none-eabi/12.2.0/thumb/v7e-m+fp/hard/crtbegin.o

.ccmram         0x10000000        0x0 load address 0x08003a44
                0x10000000                        . = ALIGN (0x4)
                0x10000000                        _sccmram = .
 *(.ccmram)
 *(.ccmram*)
                0x10000000                        . = ALIGN (0x4)
                0x10000000                        _eccmram = .
                0x10000000                        . = ALIGN (0x4)

.bss            0x2000000c      0x458
                0x2000000c                        _sbss = .
                0x2000000c                        __bss_start__ = _sbss
 *(.bss)
 *(.bss*)
 .bss.completed.1
                0x2000000c        0x1 d:/msys64/mingw64/bin/../lib/gcc/arm-none-eabi/12.2.0/thumb/v7e-m+fp/hard/crtbegin.o
 *fill*         0x2000000d        0x3 
 .bss.object.0  0x20000010       0x18 d:/msys64/mingw64/bin/../lib/gcc/arm-none-eabi/12.2.0/thumb/v7e-m+fp/hard/crtbegin.o
 .bss.HAL_RCC_CAN1_CLK_ENABLED
                0x20000028        0x4 build/can.o
 .bss.hcan2     0x2000002c       0x28 build/can.o
                0x2000002c                hcan2
 .bss.hcan1     0x20000054       0x28 build/can.o
                0x20000054                hcan1
 .bss.htim2     0x2000007c       0x48 build/tim.o
                0x2000007c                htim2
 .bss.hdma_usart3_tx
                0x200000c4       0x60 build/usart.o
                0x200000c4                hdma_usart3_tx
 .bss.hdma_usart3_rx
                0x20000124       0x60 build/usart.o
                0x20000124                hdma_usart3_rx
 .bss.huart3    0x20000184       0x48 build/usart.o
                0x20000184                huart3
 .bss.uwTick    0x200001cc        0x4 build/stm32f4xx_hal.o
                0x200001cc                uwTick
 .bss.pid_ref   0x200001d0       0x14 build/chassis_control.o
                0x200001d0                pid_ref
 .bss.vt_rb     0x200001e4        0x4 build/chassis_control.o
                0x200001e4                vt_rb
 .bss.vt_lb     0x200001e8        0x4 build/chassis_control.o
                0x200001e8                vt_lb
 .bss.vt_rf     0x200001ec        0x4 build/chassis_control.o
                0x200001ec                vt_rf
 .bss.vt_lf     0x200001f0        0x4 build/chassis_control.o
                0x200001f0                vt_lf
 .bss.chassis_cmd_recv
                0x200001f4       0x18 build/chassis_control.o
                0x200001f4                chassis_cmd_recv
 .bss.RC_ctrl   0x2000020c       0x3c build/robot_cmd.o
                0x2000020c                RC_ctrl
 .bss.buffer    0x20000248       0x24 build/robot_cmd.o
                0x20000248                buffer
 .bss.pid       0x2000026c      0x104 build/pid.o
                0x2000026c                pid
 .bss.index_check
                0x20000370        0x4 build/Bsp_can.o
                0x20000370                index_check
 .bss.motor_info
                0x20000374       0x6c build/Bsp_can.o
                0x20000374                motor_info
 .bss.motor_array
                0x200003e0       0x48 build/Bsp_can.o
                0x200003e0                motor_array
 .bss.Velocity  0x20000428       0x14 build/djimotor.o
                0x20000428                Velocity
 .bss.last_position
                0x2000043c       0x14 build/djimotor.o
 .bss.position  0x20000450       0x14 build/djimotor.o
 *(COMMON)
                0x20000464                        . = ALIGN (0x4)
                0x20000464                        _ebss = .
                0x20000464                        __bss_end__ = _ebss

._user_heap_stack
                0x20000464      0x604
                0x20000468                        . = ALIGN (0x8)
 *fill*         0x20000464        0x4 
                [!provide]                        PROVIDE (end = .)
                0x20000468                        PROVIDE (_end = .)
                0x20000668                        . = (. + _Min_Heap_Size)
 *fill*         0x20000468      0x200 
                0x20000a68                        . = (. + _Min_Stack_Size)
 *fill*         0x20000668      0x400 
                0x20000a68                        . = ALIGN (0x8)

/DISCARD/
 libc.a(*)
 libm.a(*)
 libgcc.a(*)

.ARM.attributes
                0x00000000       0x30
 *(.ARM.attributes)
 .ARM.attributes
                0x00000000       0x22 d:/msys64/mingw64/bin/../lib/gcc/arm-none-eabi/12.2.0/thumb/v7e-m+fp/hard/crti.o
 .ARM.attributes
                0x00000022       0x34 d:/msys64/mingw64/bin/../lib/gcc/arm-none-eabi/12.2.0/thumb/v7e-m+fp/hard/crtbegin.o
 .ARM.attributes
                0x00000056       0x34 build/main.o
 .ARM.attributes
                0x0000008a       0x34 build/gpio.o
 .ARM.attributes
                0x000000be       0x34 build/can.o
 .ARM.attributes
                0x000000f2       0x34 build/dma.o
 .ARM.attributes
                0x00000126       0x34 build/tim.o
 .ARM.attributes
                0x0000015a       0x34 build/usart.o
 .ARM.attributes
                0x0000018e       0x34 build/stm32f4xx_it.o
 .ARM.attributes
                0x000001c2       0x34 build/stm32f4xx_hal_msp.o
 .ARM.attributes
                0x000001f6       0x34 build/stm32f4xx_hal_can.o
 .ARM.attributes
                0x0000022a       0x34 build/stm32f4xx_hal_rcc.o
 .ARM.attributes
                0x0000025e       0x34 build/stm32f4xx_hal_gpio.o
 .ARM.attributes
                0x00000292       0x34 build/stm32f4xx_hal_dma.o
 .ARM.attributes
                0x000002c6       0x34 build/stm32f4xx_hal_cortex.o
 .ARM.attributes
                0x000002fa       0x34 build/stm32f4xx_hal.o
 .ARM.attributes
                0x0000032e       0x34 build/stm32f4xx_hal_tim.o
 .ARM.attributes
                0x00000362       0x34 build/stm32f4xx_hal_tim_ex.o
 .ARM.attributes
                0x00000396       0x34 build/stm32f4xx_hal_uart.o
 .ARM.attributes
                0x000003ca       0x34 build/system_stm32f4xx.o
 .ARM.attributes
                0x000003fe       0x34 build/chassis_control.o
 .ARM.attributes
                0x00000432       0x34 build/robot_cmd.o
 .ARM.attributes
                0x00000466       0x34 build/pid.o
 .ARM.attributes
                0x0000049a       0x34 build/Bsp_can.o
 .ARM.attributes
                0x000004ce       0x34 build/djimotor.o
 .ARM.attributes
                0x00000502       0x21 build/startup_stm32f407xx.o
 .ARM.attributes
                0x00000523       0x34 d:/msys64/mingw64/bin/../lib/gcc/arm-none-eabi/12.2.0/../../../../arm-none-eabi/lib/thumb/v7e-m+fp/hard\libc_nano.a(libc_a-memset.o)
 .ARM.attributes
                0x00000557       0x34 d:/msys64/mingw64/bin/../lib/gcc/arm-none-eabi/12.2.0/../../../../arm-none-eabi/lib/thumb/v7e-m+fp/hard\libc_nano.a(libc_a-init.o)
 .ARM.attributes
                0x0000058b       0x22 d:/msys64/mingw64/bin/../lib/gcc/arm-none-eabi/12.2.0/thumb/v7e-m+fp/hard\libgcc.a(_arm_muldf3.o)
 .ARM.attributes
                0x000005ad       0x22 d:/msys64/mingw64/bin/../lib/gcc/arm-none-eabi/12.2.0/thumb/v7e-m+fp/hard\libgcc.a(_arm_addsubdf3.o)
 .ARM.attributes
                0x000005cf       0x22 d:/msys64/mingw64/bin/../lib/gcc/arm-none-eabi/12.2.0/thumb/v7e-m+fp/hard\libgcc.a(_arm_truncdfsf2.o)
 .ARM.attributes
                0x000005f1       0x22 d:/msys64/mingw64/bin/../lib/gcc/arm-none-eabi/12.2.0/thumb/v7e-m+fp/hard\libgcc.a(_aeabi_uldivmod.o)
 .ARM.attributes
                0x00000613       0x34 d:/msys64/mingw64/bin/../lib/gcc/arm-none-eabi/12.2.0/thumb/v7e-m+fp/hard\libgcc.a(_udivmoddi4.o)
 .ARM.attributes
                0x00000647       0x22 d:/msys64/mingw64/bin/../lib/gcc/arm-none-eabi/12.2.0/thumb/v7e-m+fp/hard\libgcc.a(_dvmd_tls.o)
 .ARM.attributes
                0x00000669       0x22 d:/msys64/mingw64/bin/../lib/gcc/arm-none-eabi/12.2.0/thumb/v7e-m+fp/hard/crtn.o
OUTPUT(build/Lift.elf elf32-littlearm)
LOAD linker stubs
LOAD d:/msys64/mingw64/bin/../lib/gcc/arm-none-eabi/12.2.0/../../../../arm-none-eabi/lib/thumb/v7e-m+fp/hard\libc.a
LOAD d:/msys64/mingw64/bin/../lib/gcc/arm-none-eabi/12.2.0/../../../../arm-none-eabi/lib/thumb/v7e-m+fp/hard\libm.a
LOAD d:/msys64/mingw64/bin/../lib/gcc/arm-none-eabi/12.2.0/thumb/v7e-m+fp/hard\libgcc.a

.debug_info     0x00000000    0x186da
 .debug_info    0x00000000     0x166d build/main.o
 .debug_info    0x0000166d      0x342 build/gpio.o
 .debug_info    0x000019af      0xdf2 build/can.o
 .debug_info    0x000027a1      0x599 build/dma.o
 .debug_info    0x00002d3a      0xe12 build/tim.o
 .debug_info    0x00003b4c      0xe89 build/usart.o
 .debug_info    0x000049d5     0x105f build/stm32f4xx_it.o
 .debug_info    0x00005a34      0x2eb build/stm32f4xx_hal_msp.o
 .debug_info    0x00005d1f     0x13d6 build/stm32f4xx_hal_can.o
 .debug_info    0x000070f5      0xc0a build/stm32f4xx_hal_rcc.o
 .debug_info    0x00007cff      0x848 build/stm32f4xx_hal_gpio.o
 .debug_info    0x00008547      0xbce build/stm32f4xx_hal_dma.o
 .debug_info    0x00009115     0x116b build/stm32f4xx_hal_cortex.o
 .debug_info    0x0000a280      0xafa build/stm32f4xx_hal.o
 .debug_info    0x0000ad7a     0x412d build/stm32f4xx_hal_tim.o
 .debug_info    0x0000eea7     0x1d81 build/stm32f4xx_hal_tim_ex.o
 .debug_info    0x00010c28     0x436c build/stm32f4xx_hal_uart.o
 .debug_info    0x00014f94      0x5b3 build/system_stm32f4xx.o
 .debug_info    0x00015547      0x5c2 build/chassis_control.o
 .debug_info    0x00015b09      0x92a build/robot_cmd.o
 .debug_info    0x00016433      0x200 build/pid.o
 .debug_info    0x00016633      0xc27 build/Bsp_can.o
 .debug_info    0x0001725a      0x97e build/djimotor.o
 .debug_info    0x00017bd8       0x30 build/startup_stm32f407xx.o
 .debug_info    0x00017c08      0x135 d:/msys64/mingw64/bin/../lib/gcc/arm-none-eabi/12.2.0/../../../../arm-none-eabi/lib/thumb/v7e-m+fp/hard\libc_nano.a(libc_a-memset.o)
 .debug_info    0x00017d3d      0x10b d:/msys64/mingw64/bin/../lib/gcc/arm-none-eabi/12.2.0/../../../../arm-none-eabi/lib/thumb/v7e-m+fp/hard\libc_nano.a(libc_a-init.o)
 .debug_info    0x00017e48       0x3c d:/msys64/mingw64/bin/../lib/gcc/arm-none-eabi/12.2.0/thumb/v7e-m+fp/hard\libgcc.a(_arm_muldf3.o)
 .debug_info    0x00017e84       0xc0 d:/msys64/mingw64/bin/../lib/gcc/arm-none-eabi/12.2.0/thumb/v7e-m+fp/hard\libgcc.a(_arm_addsubdf3.o)
 .debug_info    0x00017f44       0x3c d:/msys64/mingw64/bin/../lib/gcc/arm-none-eabi/12.2.0/thumb/v7e-m+fp/hard\libgcc.a(_arm_truncdfsf2.o)
 .debug_info    0x00017f80       0x24 d:/msys64/mingw64/bin/../lib/gcc/arm-none-eabi/12.2.0/thumb/v7e-m+fp/hard\libgcc.a(_aeabi_uldivmod.o)
 .debug_info    0x00017fa4      0x6fd d:/msys64/mingw64/bin/../lib/gcc/arm-none-eabi/12.2.0/thumb/v7e-m+fp/hard\libgcc.a(_udivmoddi4.o)
 .debug_info    0x000186a1       0x39 d:/msys64/mingw64/bin/../lib/gcc/arm-none-eabi/12.2.0/thumb/v7e-m+fp/hard\libgcc.a(_dvmd_tls.o)

.debug_abbrev   0x00000000     0x351d
 .debug_abbrev  0x00000000      0x2a3 build/main.o
 .debug_abbrev  0x000002a3       0xd3 build/gpio.o
 .debug_abbrev  0x00000376      0x214 build/can.o
 .debug_abbrev  0x0000058a      0x12f build/dma.o
 .debug_abbrev  0x000006b9      0x21a build/tim.o
 .debug_abbrev  0x000008d3      0x240 build/usart.o
 .debug_abbrev  0x00000b13      0x1d3 build/stm32f4xx_it.o
 .debug_abbrev  0x00000ce6       0xd3 build/stm32f4xx_hal_msp.o
 .debug_abbrev  0x00000db9      0x291 build/stm32f4xx_hal_can.o
 .debug_abbrev  0x0000104a      0x2de build/stm32f4xx_hal_rcc.o
 .debug_abbrev  0x00001328      0x22b build/stm32f4xx_hal_gpio.o
 .debug_abbrev  0x00001553      0x2fe build/stm32f4xx_hal_dma.o
 .debug_abbrev  0x00001851      0x3d3 build/stm32f4xx_hal_cortex.o
 .debug_abbrev  0x00001c24      0x244 build/stm32f4xx_hal.o
 .debug_abbrev  0x00001e68      0x2bd build/stm32f4xx_hal_tim.o
 .debug_abbrev  0x00002125      0x2b7 build/stm32f4xx_hal_tim_ex.o
 .debug_abbrev  0x000023dc      0x36f build/stm32f4xx_hal_uart.o
 .debug_abbrev  0x0000274b      0x11b build/system_stm32f4xx.o
 .debug_abbrev  0x00002866      0x1d4 build/chassis_control.o
 .debug_abbrev  0x00002a3a      0x1ee build/robot_cmd.o
 .debug_abbrev  0x00002c28      0x10a build/pid.o
 .debug_abbrev  0x00002d32      0x1fc build/Bsp_can.o
 .debug_abbrev  0x00002f2e      0x254 build/djimotor.o
 .debug_abbrev  0x00003182       0x1d build/startup_stm32f407xx.o
 .debug_abbrev  0x0000319f       0xb7 d:/msys64/mingw64/bin/../lib/gcc/arm-none-eabi/12.2.0/../../../../arm-none-eabi/lib/thumb/v7e-m+fp/hard\libc_nano.a(libc_a-memset.o)
 .debug_abbrev  0x00003256       0xc9 d:/msys64/mingw64/bin/../lib/gcc/arm-none-eabi/12.2.0/../../../../arm-none-eabi/lib/thumb/v7e-m+fp/hard\libc_nano.a(libc_a-init.o)
 .debug_abbrev  0x0000331f       0x1f d:/msys64/mingw64/bin/../lib/gcc/arm-none-eabi/12.2.0/thumb/v7e-m+fp/hard\libgcc.a(_arm_muldf3.o)
 .debug_abbrev  0x0000333e       0x21 d:/msys64/mingw64/bin/../lib/gcc/arm-none-eabi/12.2.0/thumb/v7e-m+fp/hard\libgcc.a(_arm_addsubdf3.o)
 .debug_abbrev  0x0000335f       0x21 d:/msys64/mingw64/bin/../lib/gcc/arm-none-eabi/12.2.0/thumb/v7e-m+fp/hard\libgcc.a(_arm_truncdfsf2.o)
 .debug_abbrev  0x00003380       0x14 d:/msys64/mingw64/bin/../lib/gcc/arm-none-eabi/12.2.0/thumb/v7e-m+fp/hard\libgcc.a(_aeabi_uldivmod.o)
 .debug_abbrev  0x00003394      0x16a d:/msys64/mingw64/bin/../lib/gcc/arm-none-eabi/12.2.0/thumb/v7e-m+fp/hard\libgcc.a(_udivmoddi4.o)
 .debug_abbrev  0x000034fe       0x1f d:/msys64/mingw64/bin/../lib/gcc/arm-none-eabi/12.2.0/thumb/v7e-m+fp/hard\libgcc.a(_dvmd_tls.o)

.debug_loc      0x00000000    0x10914
 .debug_loc     0x00000000       0x89 build/main.o
 .debug_loc     0x00000089       0x2c build/gpio.o
 .debug_loc     0x000000b5      0x16f build/can.o
 .debug_loc     0x00000224       0x38 build/dma.o
 .debug_loc     0x0000025c      0x103 build/tim.o
 .debug_loc     0x0000035f       0xf5 build/usart.o
 .debug_loc     0x00000454       0xe0 build/stm32f4xx_it.o
 .debug_loc     0x00000534       0x2c build/stm32f4xx_hal_msp.o
 .debug_loc     0x00000560      0xeea build/stm32f4xx_hal_can.o
 .debug_loc     0x0000144a      0x6e4 build/stm32f4xx_hal_rcc.o
 .debug_loc     0x00001b2e      0x5db build/stm32f4xx_hal_gpio.o
 .debug_loc     0x00002109      0xd6d build/stm32f4xx_hal_dma.o
 .debug_loc     0x00002e76      0x7c7 build/stm32f4xx_hal_cortex.o
 .debug_loc     0x0000363d      0x1e1 build/stm32f4xx_hal.o
 .debug_loc     0x0000381e     0x5c3b build/stm32f4xx_hal_tim.o
 .debug_loc     0x00009459     0x2168 build/stm32f4xx_hal_tim_ex.o
 .debug_loc     0x0000b5c1     0x4d3f build/stm32f4xx_hal_uart.o
 .debug_loc     0x00010300      0x158 build/system_stm32f4xx.o
 .debug_loc     0x00010458       0x38 build/chassis_control.o
 .debug_loc     0x00010490       0x6a build/robot_cmd.o
 .debug_loc     0x000104fa       0x48 build/pid.o
 .debug_loc     0x00010542      0x2d0 build/Bsp_can.o
 .debug_loc     0x00010812      0x102 build/djimotor.o

.debug_aranges  0x00000000      0xfa8
 .debug_aranges
                0x00000000       0x30 build/main.o
 .debug_aranges
                0x00000030       0x20 build/gpio.o
 .debug_aranges
                0x00000050       0x38 build/can.o
 .debug_aranges
                0x00000088       0x20 build/dma.o
 .debug_aranges
                0x000000a8       0x30 build/tim.o
 .debug_aranges
                0x000000d8       0x30 build/usart.o
 .debug_aranges
                0x00000108       0x90 build/stm32f4xx_it.o
 .debug_aranges
                0x00000198       0x20 build/stm32f4xx_hal_msp.o
 .debug_aranges
                0x000001b8      0x138 build/stm32f4xx_hal_can.o
 .debug_aranges
                0x000002f0       0x88 build/stm32f4xx_hal_rcc.o
 .debug_aranges
                0x00000378       0x58 build/stm32f4xx_hal_gpio.o
 .debug_aranges
                0x000003d0       0x90 build/stm32f4xx_hal_dma.o
 .debug_aranges
                0x00000460       0xe8 build/stm32f4xx_hal_cortex.o
 .debug_aranges
                0x00000548       0xf0 build/stm32f4xx_hal.o
 .debug_aranges
                0x00000638      0x3d0 build/stm32f4xx_hal_tim.o
 .debug_aranges
                0x00000a08      0x168 build/stm32f4xx_hal_tim_ex.o
 .debug_aranges
                0x00000b70      0x208 build/stm32f4xx_hal_uart.o
 .debug_aranges
                0x00000d78       0x28 build/system_stm32f4xx.o
 .debug_aranges
                0x00000da0       0x28 build/chassis_control.o
 .debug_aranges
                0x00000dc8       0x20 build/robot_cmd.o
 .debug_aranges
                0x00000de8       0x28 build/pid.o
 .debug_aranges
                0x00000e10       0x38 build/Bsp_can.o
 .debug_aranges
                0x00000e48       0x38 build/djimotor.o
 .debug_aranges
                0x00000e80       0x28 build/startup_stm32f407xx.o
 .debug_aranges
                0x00000ea8       0x20 d:/msys64/mingw64/bin/../lib/gcc/arm-none-eabi/12.2.0/../../../../arm-none-eabi/lib/thumb/v7e-m+fp/hard\libc_nano.a(libc_a-memset.o)
 .debug_aranges
                0x00000ec8       0x20 d:/msys64/mingw64/bin/../lib/gcc/arm-none-eabi/12.2.0/../../../../arm-none-eabi/lib/thumb/v7e-m+fp/hard\libc_nano.a(libc_a-init.o)
 .debug_aranges
                0x00000ee8       0x20 d:/msys64/mingw64/bin/../lib/gcc/arm-none-eabi/12.2.0/thumb/v7e-m+fp/hard\libgcc.a(_arm_muldf3.o)
 .debug_aranges
                0x00000f08       0x20 d:/msys64/mingw64/bin/../lib/gcc/arm-none-eabi/12.2.0/thumb/v7e-m+fp/hard\libgcc.a(_arm_addsubdf3.o)
 .debug_aranges
                0x00000f28       0x20 d:/msys64/mingw64/bin/../lib/gcc/arm-none-eabi/12.2.0/thumb/v7e-m+fp/hard\libgcc.a(_arm_truncdfsf2.o)
 .debug_aranges
                0x00000f48       0x20 d:/msys64/mingw64/bin/../lib/gcc/arm-none-eabi/12.2.0/thumb/v7e-m+fp/hard\libgcc.a(_aeabi_uldivmod.o)
 .debug_aranges
                0x00000f68       0x20 d:/msys64/mingw64/bin/../lib/gcc/arm-none-eabi/12.2.0/thumb/v7e-m+fp/hard\libgcc.a(_udivmoddi4.o)
 .debug_aranges
                0x00000f88       0x20 d:/msys64/mingw64/bin/../lib/gcc/arm-none-eabi/12.2.0/thumb/v7e-m+fp/hard\libgcc.a(_dvmd_tls.o)

.debug_ranges   0x00000000      0xd78
 .debug_ranges  0x00000000       0x20 build/main.o
 .debug_ranges  0x00000020       0x10 build/gpio.o
 .debug_ranges  0x00000030       0x28 build/can.o
 .debug_ranges  0x00000058       0x10 build/dma.o
 .debug_ranges  0x00000068       0x20 build/tim.o
 .debug_ranges  0x00000088       0x20 build/usart.o
 .debug_ranges  0x000000a8       0x80 build/stm32f4xx_it.o
 .debug_ranges  0x00000128       0x10 build/stm32f4xx_hal_msp.o
 .debug_ranges  0x00000138      0x140 build/stm32f4xx_hal_can.o
 .debug_ranges  0x00000278       0x90 build/stm32f4xx_hal_rcc.o
 .debug_ranges  0x00000308       0x48 build/stm32f4xx_hal_gpio.o
 .debug_ranges  0x00000350       0x80 build/stm32f4xx_hal_dma.o
 .debug_ranges  0x000003d0       0xd8 build/stm32f4xx_hal_cortex.o
 .debug_ranges  0x000004a8       0xe0 build/stm32f4xx_hal.o
 .debug_ranges  0x00000588      0x3c0 build/stm32f4xx_hal_tim.o
 .debug_ranges  0x00000948      0x158 build/stm32f4xx_hal_tim_ex.o
 .debug_ranges  0x00000aa0      0x210 build/stm32f4xx_hal_uart.o
 .debug_ranges  0x00000cb0       0x18 build/system_stm32f4xx.o
 .debug_ranges  0x00000cc8       0x18 build/chassis_control.o
 .debug_ranges  0x00000ce0       0x10 build/robot_cmd.o
 .debug_ranges  0x00000cf0       0x18 build/pid.o
 .debug_ranges  0x00000d08       0x28 build/Bsp_can.o
 .debug_ranges  0x00000d30       0x28 build/djimotor.o
 .debug_ranges  0x00000d58       0x20 build/startup_stm32f407xx.o

.debug_line     0x00000000    0x1160c
 .debug_line    0x00000000      0x3aa build/main.o
 .debug_line    0x000003aa      0x11d build/gpio.o
 .debug_line    0x000004c7      0x489 build/can.o
 .debug_line    0x00000950      0x143 build/dma.o
 .debug_line    0x00000a93      0x296 build/tim.o
 .debug_line    0x00000d29      0x369 build/usart.o
 .debug_line    0x00001092      0x34a build/stm32f4xx_it.o
 .debug_line    0x000013dc      0x118 build/stm32f4xx_hal_msp.o
 .debug_line    0x000014f4     0x10ed build/stm32f4xx_hal_can.o
 .debug_line    0x000025e1      0xac5 build/stm32f4xx_hal_rcc.o
 .debug_line    0x000030a6      0x680 build/stm32f4xx_hal_gpio.o
 .debug_line    0x00003726      0xe1d build/stm32f4xx_hal_dma.o
 .debug_line    0x00004543      0x7fb build/stm32f4xx_hal_cortex.o
 .debug_line    0x00004d3e      0x529 build/stm32f4xx_hal.o
 .debug_line    0x00005267     0x4a3b build/stm32f4xx_hal_tim.o
 .debug_line    0x00009ca2     0x1cd4 build/stm32f4xx_hal_tim_ex.o
 .debug_line    0x0000b976     0x4282 build/stm32f4xx_hal_uart.o
 .debug_line    0x0000fbf8      0x211 build/system_stm32f4xx.o
 .debug_line    0x0000fe09      0x210 build/chassis_control.o
 .debug_line    0x00010019      0x262 build/robot_cmd.o
 .debug_line    0x0001027b      0x137 build/pid.o
 .debug_line    0x000103b2      0x3da build/Bsp_can.o
 .debug_line    0x0001078c      0x23f build/djimotor.o
 .debug_line    0x000109cb       0x73 build/startup_stm32f407xx.o
 .debug_line    0x00010a3e      0x1cd d:/msys64/mingw64/bin/../lib/gcc/arm-none-eabi/12.2.0/../../../../arm-none-eabi/lib/thumb/v7e-m+fp/hard\libc_nano.a(libc_a-memset.o)
 .debug_line    0x00010c0b      0x144 d:/msys64/mingw64/bin/../lib/gcc/arm-none-eabi/12.2.0/../../../../arm-none-eabi/lib/thumb/v7e-m+fp/hard\libc_nano.a(libc_a-init.o)
 .debug_line    0x00010d4f       0xf5 d:/msys64/mingw64/bin/../lib/gcc/arm-none-eabi/12.2.0/thumb/v7e-m+fp/hard\libgcc.a(_arm_muldf3.o)
 .debug_line    0x00010e44      0x16f d:/msys64/mingw64/bin/../lib/gcc/arm-none-eabi/12.2.0/thumb/v7e-m+fp/hard\libgcc.a(_arm_addsubdf3.o)
 .debug_line    0x00010fb3       0x76 d:/msys64/mingw64/bin/../lib/gcc/arm-none-eabi/12.2.0/thumb/v7e-m+fp/hard\libgcc.a(_arm_truncdfsf2.o)
 .debug_line    0x00011029       0x4e d:/msys64/mingw64/bin/../lib/gcc/arm-none-eabi/12.2.0/thumb/v7e-m+fp/hard\libgcc.a(_aeabi_uldivmod.o)
 .debug_line    0x00011077      0x54b d:/msys64/mingw64/bin/../lib/gcc/arm-none-eabi/12.2.0/thumb/v7e-m+fp/hard\libgcc.a(_udivmoddi4.o)
 .debug_line    0x000115c2       0x4a d:/msys64/mingw64/bin/../lib/gcc/arm-none-eabi/12.2.0/thumb/v7e-m+fp/hard\libgcc.a(_dvmd_tls.o)

.debug_str      0x00000000     0x5055
 .debug_str     0x00000000     0x5055 build/main.o
                                0xe95 (size before relaxing)
 .debug_str     0x00005055      0x265 build/gpio.o
 .debug_str     0x00005055      0xb3f build/can.o
 .debug_str     0x00005055      0x783 build/dma.o
 .debug_str     0x00005055      0xe3b build/tim.o
 .debug_str     0x00005055      0xd5a build/usart.o
 .debug_str     0x00005055      0xc94 build/stm32f4xx_it.o
 .debug_str     0x00005055      0x271 build/stm32f4xx_hal_msp.o
 .debug_str     0x00005055      0x9eb build/stm32f4xx_hal_can.o
 .debug_str     0x00005055      0x6bc build/stm32f4xx_hal_rcc.o
 .debug_str     0x00005055      0x496 build/stm32f4xx_hal_gpio.o
 .debug_str     0x00005055      0x72c build/stm32f4xx_hal_dma.o
 .debug_str     0x00005055      0xbf9 build/stm32f4xx_hal_cortex.o
 .debug_str     0x00005055      0xb1a build/stm32f4xx_hal.o
 .debug_str     0x00005055     0x16b5 build/stm32f4xx_hal_tim.o
 .debug_str     0x00005055      0xec1 build/stm32f4xx_hal_tim_ex.o
 .debug_str     0x00005055      0xd51 build/stm32f4xx_hal_uart.o
 .debug_str     0x00005055      0x32b build/system_stm32f4xx.o
 .debug_str     0x00005055      0x363 build/chassis_control.o
 .debug_str     0x00005055      0x745 build/robot_cmd.o
 .debug_str     0x00005055      0x122 build/pid.o
 .debug_str     0x00005055      0x72a build/Bsp_can.o
 .debug_str     0x00005055      0x7c7 build/djimotor.o
 .debug_str     0x00005055       0x3f build/startup_stm32f407xx.o
 .debug_str     0x00005055      0x19b d:/msys64/mingw64/bin/../lib/gcc/arm-none-eabi/12.2.0/../../../../arm-none-eabi/lib/thumb/v7e-m+fp/hard\libc_nano.a(libc_a-memset.o)
 .debug_str     0x00005055      0x1e8 d:/msys64/mingw64/bin/../lib/gcc/arm-none-eabi/12.2.0/../../../../arm-none-eabi/lib/thumb/v7e-m+fp/hard\libc_nano.a(libc_a-init.o)
 .debug_str     0x00005055       0xcf d:/msys64/mingw64/bin/../lib/gcc/arm-none-eabi/12.2.0/thumb/v7e-m+fp/hard\libgcc.a(_arm_muldf3.o)
 .debug_str     0x00005055      0x173 d:/msys64/mingw64/bin/../lib/gcc/arm-none-eabi/12.2.0/thumb/v7e-m+fp/hard\libgcc.a(_arm_addsubdf3.o)
 .debug_str     0x00005055       0xd2 d:/msys64/mingw64/bin/../lib/gcc/arm-none-eabi/12.2.0/thumb/v7e-m+fp/hard\libgcc.a(_arm_truncdfsf2.o)
 .debug_str     0x00005055       0xb4 d:/msys64/mingw64/bin/../lib/gcc/arm-none-eabi/12.2.0/thumb/v7e-m+fp/hard\libgcc.a(_aeabi_uldivmod.o)
 .debug_str     0x00005055      0x6bd d:/msys64/mingw64/bin/../lib/gcc/arm-none-eabi/12.2.0/thumb/v7e-m+fp/hard\libgcc.a(_udivmoddi4.o)
 .debug_str     0x00005055       0xd4 d:/msys64/mingw64/bin/../lib/gcc/arm-none-eabi/12.2.0/thumb/v7e-m+fp/hard\libgcc.a(_dvmd_tls.o)

.comment        0x00000000       0x12
 .comment       0x00000000       0x12 build/main.o
                                 0x13 (size before relaxing)
 .comment       0x00000012       0x13 build/gpio.o
 .comment       0x00000012       0x13 build/can.o
 .comment       0x00000012       0x13 build/dma.o
 .comment       0x00000012       0x13 build/tim.o
 .comment       0x00000012       0x13 build/usart.o
 .comment       0x00000012       0x13 build/stm32f4xx_it.o
 .comment       0x00000012       0x13 build/stm32f4xx_hal_msp.o
 .comment       0x00000012       0x13 build/stm32f4xx_hal_can.o
 .comment       0x00000012       0x13 build/stm32f4xx_hal_rcc.o
 .comment       0x00000012       0x13 build/stm32f4xx_hal_gpio.o
 .comment       0x00000012       0x13 build/stm32f4xx_hal_dma.o
 .comment       0x00000012       0x13 build/stm32f4xx_hal_cortex.o
 .comment       0x00000012       0x13 build/stm32f4xx_hal.o
 .comment       0x00000012       0x13 build/stm32f4xx_hal_tim.o
 .comment       0x00000012       0x13 build/stm32f4xx_hal_tim_ex.o
 .comment       0x00000012       0x13 build/stm32f4xx_hal_uart.o
 .comment       0x00000012       0x13 build/system_stm32f4xx.o
 .comment       0x00000012       0x13 build/chassis_control.o
 .comment       0x00000012       0x13 build/robot_cmd.o
 .comment       0x00000012       0x13 build/pid.o
 .comment       0x00000012       0x13 build/Bsp_can.o
 .comment       0x00000012       0x13 build/djimotor.o
 .comment       0x00000012       0x13 d:/msys64/mingw64/bin/../lib/gcc/arm-none-eabi/12.2.0/../../../../arm-none-eabi/lib/thumb/v7e-m+fp/hard\libc_nano.a(libc_a-memset.o)
 .comment       0x00000012       0x13 d:/msys64/mingw64/bin/../lib/gcc/arm-none-eabi/12.2.0/../../../../arm-none-eabi/lib/thumb/v7e-m+fp/hard\libc_nano.a(libc_a-init.o)
 .comment       0x00000012       0x13 d:/msys64/mingw64/bin/../lib/gcc/arm-none-eabi/12.2.0/thumb/v7e-m+fp/hard\libgcc.a(_udivmoddi4.o)

.debug_frame    0x00000000     0x2650
 .debug_frame   0x00000000       0x58 build/main.o
 .debug_frame   0x00000058       0x28 build/gpio.o
 .debug_frame   0x00000080       0x78 build/can.o
 .debug_frame   0x000000f8       0x30 build/dma.o
 .debug_frame   0x00000128       0x64 build/tim.o
 .debug_frame   0x0000018c       0x64 build/usart.o
 .debug_frame   0x000001f0      0x138 build/stm32f4xx_it.o
 .debug_frame   0x00000328       0x28 build/stm32f4xx_hal_msp.o
 .debug_frame   0x00000350      0x2d8 build/stm32f4xx_hal_can.o
 .debug_frame   0x00000628      0x16c build/stm32f4xx_hal_rcc.o
 .debug_frame   0x00000794       0xd8 build/stm32f4xx_hal_gpio.o
 .debug_frame   0x0000086c      0x188 build/stm32f4xx_hal_dma.o
 .debug_frame   0x000009f4      0x1f4 build/stm32f4xx_hal_cortex.o
 .debug_frame   0x00000be8      0x1ec build/stm32f4xx_hal.o
 .debug_frame   0x00000dd4      0xb10 build/stm32f4xx_hal_tim.o
 .debug_frame   0x000018e4      0x40c build/stm32f4xx_hal_tim_ex.o
 .debug_frame   0x00001cf0      0x5dc build/stm32f4xx_hal_uart.o
 .debug_frame   0x000022cc       0x30 build/system_stm32f4xx.o
 .debug_frame   0x000022fc       0x44 build/chassis_control.o
 .debug_frame   0x00002340       0x2c build/robot_cmd.o
 .debug_frame   0x0000236c       0x30 build/pid.o
 .debug_frame   0x0000239c       0x8c build/Bsp_can.o
 .debug_frame   0x00002428       0x70 build/djimotor.o
 .debug_frame   0x00002498       0x2c d:/msys64/mingw64/bin/../lib/gcc/arm-none-eabi/12.2.0/../../../../arm-none-eabi/lib/thumb/v7e-m+fp/hard\libc_nano.a(libc_a-memset.o)
 .debug_frame   0x000024c4       0x2c d:/msys64/mingw64/bin/../lib/gcc/arm-none-eabi/12.2.0/../../../../arm-none-eabi/lib/thumb/v7e-m+fp/hard\libc_nano.a(libc_a-init.o)
 .debug_frame   0x000024f0       0x30 d:/msys64/mingw64/bin/../lib/gcc/arm-none-eabi/12.2.0/thumb/v7e-m+fp/hard\libgcc.a(_arm_muldf3.o)
 .debug_frame   0x00002520       0xac d:/msys64/mingw64/bin/../lib/gcc/arm-none-eabi/12.2.0/thumb/v7e-m+fp/hard\libgcc.a(_arm_addsubdf3.o)
 .debug_frame   0x000025cc       0x24 d:/msys64/mingw64/bin/../lib/gcc/arm-none-eabi/12.2.0/thumb/v7e-m+fp/hard\libgcc.a(_arm_truncdfsf2.o)
 .debug_frame   0x000025f0       0x2c d:/msys64/mingw64/bin/../lib/gcc/arm-none-eabi/12.2.0/thumb/v7e-m+fp/hard\libgcc.a(_aeabi_uldivmod.o)
 .debug_frame   0x0000261c       0x34 d:/msys64/mingw64/bin/../lib/gcc/arm-none-eabi/12.2.0/thumb/v7e-m+fp/hard\libgcc.a(_udivmoddi4.o)

.debug_loclists
                0x00000000      0x983
 .debug_loclists
                0x00000000      0x1b6 d:/msys64/mingw64/bin/../lib/gcc/arm-none-eabi/12.2.0/../../../../arm-none-eabi/lib/thumb/v7e-m+fp/hard\libc_nano.a(libc_a-memset.o)
 .debug_loclists
                0x000001b6       0x65 d:/msys64/mingw64/bin/../lib/gcc/arm-none-eabi/12.2.0/../../../../arm-none-eabi/lib/thumb/v7e-m+fp/hard\libc_nano.a(libc_a-init.o)
 .debug_loclists
                0x0000021b      0x768 d:/msys64/mingw64/bin/../lib/gcc/arm-none-eabi/12.2.0/thumb/v7e-m+fp/hard\libgcc.a(_udivmoddi4.o)

.debug_line_str
                0x00000000       0xc1
 .debug_line_str
                0x00000000       0xc1 d:/msys64/mingw64/bin/../lib/gcc/arm-none-eabi/12.2.0/thumb/v7e-m+fp/hard\libgcc.a(_arm_muldf3.o)
                                 0xad (size before relaxing)
 .debug_line_str
                0x000000c1       0xad d:/msys64/mingw64/bin/../lib/gcc/arm-none-eabi/12.2.0/thumb/v7e-m+fp/hard\libgcc.a(_arm_addsubdf3.o)
 .debug_line_str
                0x000000c1       0xad d:/msys64/mingw64/bin/../lib/gcc/arm-none-eabi/12.2.0/thumb/v7e-m+fp/hard\libgcc.a(_arm_truncdfsf2.o)
 .debug_line_str
                0x000000c1       0xa8 d:/msys64/mingw64/bin/../lib/gcc/arm-none-eabi/12.2.0/thumb/v7e-m+fp/hard\libgcc.a(_aeabi_uldivmod.o)
 .debug_line_str
                0x000000c1       0xac d:/msys64/mingw64/bin/../lib/gcc/arm-none-eabi/12.2.0/thumb/v7e-m+fp/hard\libgcc.a(_dvmd_tls.o)

.debug_rnglists
                0x00000000       0x6d
 .debug_rnglists
                0x00000000       0x6d d:/msys64/mingw64/bin/../lib/gcc/arm-none-eabi/12.2.0/thumb/v7e-m+fp/hard\libgcc.a(_udivmoddi4.o)

Cross Reference Table

Symbol                                            File
ADC_IRQHandler                                    build/startup_stm32f407xx.o
AHBPrescTable                                     build/system_stm32f4xx.o
                                                  build/stm32f4xx_hal_rcc.o
APBPrescTable                                     build/system_stm32f4xx.o
                                                  build/stm32f4xx_hal_rcc.o
AngleSumCalc                                      build/djimotor.o
BusFault_Handler                                  build/stm32f4xx_it.o
CAN1_RX0_IRQHandler                               build/stm32f4xx_it.o
CAN1_RX1_IRQHandler                               build/startup_stm32f407xx.o
CAN1_SCE_IRQHandler                               build/startup_stm32f407xx.o
CAN1_TX_IRQHandler                                build/startup_stm32f407xx.o
CAN2_RX0_IRQHandler                               build/stm32f4xx_it.o
CAN2_RX1_IRQHandler                               build/startup_stm32f407xx.o
CAN2_SCE_IRQHandler                               build/startup_stm32f407xx.o
CAN2_TX_IRQHandler                                build/startup_stm32f407xx.o
ChassisTask                                       build/chassis_control.o
                                                  build/djimotor.o
DCMI_IRQHandler                                   build/startup_stm32f407xx.o
DJIMotorStop                                      build/djimotor.o
DMA1_Stream0_IRQHandler                           build/startup_stm32f407xx.o
DMA1_Stream1_IRQHandler                           build/stm32f4xx_it.o
DMA1_Stream2_IRQHandler                           build/startup_stm32f407xx.o
DMA1_Stream3_IRQHandler                           build/stm32f4xx_it.o
DMA1_Stream4_IRQHandler                           build/startup_stm32f407xx.o
DMA1_Stream5_IRQHandler                           build/startup_stm32f407xx.o
DMA1_Stream6_IRQHandler                           build/startup_stm32f407xx.o
DMA1_Stream7_IRQHandler                           build/startup_stm32f407xx.o
DMA2_Stream0_IRQHandler                           build/startup_stm32f407xx.o
DMA2_Stream1_IRQHandler                           build/startup_stm32f407xx.o
DMA2_Stream2_IRQHandler                           build/startup_stm32f407xx.o
DMA2_Stream3_IRQHandler                           build/startup_stm32f407xx.o
DMA2_Stream4_IRQHandler                           build/startup_stm32f407xx.o
DMA2_Stream5_IRQHandler                           build/startup_stm32f407xx.o
DMA2_Stream6_IRQHandler                           build/startup_stm32f407xx.o
DMA2_Stream7_IRQHandler                           build/startup_stm32f407xx.o
DebugMon_Handler                                  build/stm32f4xx_it.o
Default_Handler                                   build/startup_stm32f407xx.o
ETH_IRQHandler                                    build/startup_stm32f407xx.o
ETH_WKUP_IRQHandler                               build/startup_stm32f407xx.o
EXTI0_IRQHandler                                  build/startup_stm32f407xx.o
EXTI15_10_IRQHandler                              build/startup_stm32f407xx.o
EXTI1_IRQHandler                                  build/startup_stm32f407xx.o
EXTI2_IRQHandler                                  build/startup_stm32f407xx.o
EXTI3_IRQHandler                                  build/startup_stm32f407xx.o
EXTI4_IRQHandler                                  build/startup_stm32f407xx.o
EXTI9_5_IRQHandler                                build/startup_stm32f407xx.o
Error_Handler                                     build/main.o
                                                  build/usart.o
                                                  build/tim.o
                                                  build/can.o
FLASH_Erase_Sector                                build/stm32f4xx_hal_flash_ex.o
                                                  build/stm32f4xx_hal_flash.o
FLASH_FlushCaches                                 build/stm32f4xx_hal_flash_ex.o
                                                  build/stm32f4xx_hal_flash.o
FLASH_IRQHandler                                  build/startup_stm32f407xx.o
FLASH_WaitForLastOperation                        build/stm32f4xx_hal_flash.o
                                                  build/stm32f4xx_hal_flash_ex.o
FPU_IRQHandler                                    build/startup_stm32f407xx.o
FSMC_IRQHandler                                   build/startup_stm32f407xx.o
HAL_CAN_AbortTxRequest                            build/stm32f4xx_hal_can.o
HAL_CAN_ActivateNotification                      build/stm32f4xx_hal_can.o
                                                  build/Bsp_can.o
HAL_CAN_AddTxMessage                              build/stm32f4xx_hal_can.o
                                                  build/Bsp_can.o
HAL_CAN_ConfigFilter                              build/stm32f4xx_hal_can.o
                                                  build/Bsp_can.o
HAL_CAN_DeInit                                    build/stm32f4xx_hal_can.o
HAL_CAN_DeactivateNotification                    build/stm32f4xx_hal_can.o
HAL_CAN_ErrorCallback                             build/stm32f4xx_hal_can.o
HAL_CAN_GetError                                  build/stm32f4xx_hal_can.o
HAL_CAN_GetRxFifoFillLevel                        build/stm32f4xx_hal_can.o
HAL_CAN_GetRxMessage                              build/stm32f4xx_hal_can.o
                                                  build/Bsp_can.o
HAL_CAN_GetState                                  build/stm32f4xx_hal_can.o
HAL_CAN_GetTxMailboxesFreeLevel                   build/stm32f4xx_hal_can.o
HAL_CAN_GetTxTimestamp                            build/stm32f4xx_hal_can.o
HAL_CAN_IRQHandler                                build/stm32f4xx_hal_can.o
                                                  build/stm32f4xx_it.o
HAL_CAN_Init                                      build/stm32f4xx_hal_can.o
                                                  build/can.o
HAL_CAN_IsSleepActive                             build/stm32f4xx_hal_can.o
HAL_CAN_IsTxMessagePending                        build/stm32f4xx_hal_can.o
HAL_CAN_MspDeInit                                 build/can.o
HAL_CAN_MspInit                                   build/can.o
HAL_CAN_RequestSleep                              build/stm32f4xx_hal_can.o
HAL_CAN_ResetError                                build/stm32f4xx_hal_can.o
HAL_CAN_RxFifo0FullCallback                       build/stm32f4xx_hal_can.o
HAL_CAN_RxFifo0MsgPendingCallback                 build/Bsp_can.o
                                                  build/stm32f4xx_hal_can.o
HAL_CAN_RxFifo1FullCallback                       build/stm32f4xx_hal_can.o
HAL_CAN_RxFifo1MsgPendingCallback                 build/stm32f4xx_hal_can.o
HAL_CAN_SleepCallback                             build/stm32f4xx_hal_can.o
HAL_CAN_Start                                     build/stm32f4xx_hal_can.o
                                                  build/Bsp_can.o
HAL_CAN_Stop                                      build/stm32f4xx_hal_can.o
HAL_CAN_TxMailbox0AbortCallback                   build/stm32f4xx_hal_can.o
HAL_CAN_TxMailbox0CompleteCallback                build/stm32f4xx_hal_can.o
HAL_CAN_TxMailbox1AbortCallback                   build/stm32f4xx_hal_can.o
HAL_CAN_TxMailbox1CompleteCallback                build/stm32f4xx_hal_can.o
HAL_CAN_TxMailbox2AbortCallback                   build/stm32f4xx_hal_can.o
HAL_CAN_TxMailbox2CompleteCallback                build/stm32f4xx_hal_can.o
HAL_CAN_WakeUp                                    build/stm32f4xx_hal_can.o
HAL_CAN_WakeUpFromRxMsgCallback                   build/stm32f4xx_hal_can.o
HAL_CORTEX_ClearEvent                             build/stm32f4xx_hal_cortex.o
HAL_DBGMCU_DisableDBGSleepMode                    build/stm32f4xx_hal.o
HAL_DBGMCU_DisableDBGStandbyMode                  build/stm32f4xx_hal.o
HAL_DBGMCU_DisableDBGStopMode                     build/stm32f4xx_hal.o
HAL_DBGMCU_EnableDBGSleepMode                     build/stm32f4xx_hal.o
HAL_DBGMCU_EnableDBGStandbyMode                   build/stm32f4xx_hal.o
HAL_DBGMCU_EnableDBGStopMode                      build/stm32f4xx_hal.o
HAL_DMAEx_ChangeMemory                            build/stm32f4xx_hal_dma_ex.o
HAL_DMAEx_MultiBufferStart                        build/stm32f4xx_hal_dma_ex.o
HAL_DMAEx_MultiBufferStart_IT                     build/stm32f4xx_hal_dma_ex.o
HAL_DMA_Abort                                     build/stm32f4xx_hal_dma.o
                                                  build/stm32f4xx_hal_uart.o
HAL_DMA_Abort_IT                                  build/stm32f4xx_hal_dma.o
                                                  build/stm32f4xx_hal_uart.o
                                                  build/stm32f4xx_hal_tim_ex.o
                                                  build/stm32f4xx_hal_tim.o
HAL_DMA_DeInit                                    build/stm32f4xx_hal_dma.o
                                                  build/usart.o
HAL_DMA_GetError                                  build/stm32f4xx_hal_dma.o
                                                  build/stm32f4xx_hal_uart.o
HAL_DMA_GetState                                  build/stm32f4xx_hal_dma.o
HAL_DMA_IRQHandler                                build/stm32f4xx_hal_dma.o
                                                  build/stm32f4xx_it.o
HAL_DMA_Init                                      build/stm32f4xx_hal_dma.o
                                                  build/usart.o
HAL_DMA_PollForTransfer                           build/stm32f4xx_hal_dma.o
HAL_DMA_RegisterCallback                          build/stm32f4xx_hal_dma.o
HAL_DMA_Start                                     build/stm32f4xx_hal_dma.o
HAL_DMA_Start_IT                                  build/stm32f4xx_hal_dma.o
                                                  build/stm32f4xx_hal_uart.o
                                                  build/stm32f4xx_hal_tim_ex.o
                                                  build/stm32f4xx_hal_tim.o
HAL_DMA_UnRegisterCallback                        build/stm32f4xx_hal_dma.o
HAL_DeInit                                        build/stm32f4xx_hal.o
HAL_Delay                                         build/stm32f4xx_hal.o
                                                  build/main.o
HAL_DisableCompensationCell                       build/stm32f4xx_hal.o
HAL_EXTI_ClearConfigLine                          build/stm32f4xx_hal_exti.o
HAL_EXTI_ClearPending                             build/stm32f4xx_hal_exti.o
HAL_EXTI_GenerateSWI                              build/stm32f4xx_hal_exti.o
HAL_EXTI_GetConfigLine                            build/stm32f4xx_hal_exti.o
HAL_EXTI_GetHandle                                build/stm32f4xx_hal_exti.o
HAL_EXTI_GetPending                               build/stm32f4xx_hal_exti.o
HAL_EXTI_IRQHandler                               build/stm32f4xx_hal_exti.o
HAL_EXTI_RegisterCallback                         build/stm32f4xx_hal_exti.o
HAL_EXTI_SetConfigLine                            build/stm32f4xx_hal_exti.o
HAL_EnableCompensationCell                        build/stm32f4xx_hal.o
HAL_FLASHEx_Erase                                 build/stm32f4xx_hal_flash_ex.o
HAL_FLASHEx_Erase_IT                              build/stm32f4xx_hal_flash_ex.o
HAL_FLASHEx_OBGetConfig                           build/stm32f4xx_hal_flash_ex.o
HAL_FLASHEx_OBProgram                             build/stm32f4xx_hal_flash_ex.o
HAL_FLASH_EndOfOperationCallback                  build/stm32f4xx_hal_flash.o
HAL_FLASH_GetError                                build/stm32f4xx_hal_flash.o
HAL_FLASH_IRQHandler                              build/stm32f4xx_hal_flash.o
HAL_FLASH_Lock                                    build/stm32f4xx_hal_flash.o
HAL_FLASH_OB_Launch                               build/stm32f4xx_hal_flash.o
HAL_FLASH_OB_Lock                                 build/stm32f4xx_hal_flash.o
HAL_FLASH_OB_Unlock                               build/stm32f4xx_hal_flash.o
HAL_FLASH_OperationErrorCallback                  build/stm32f4xx_hal_flash.o
HAL_FLASH_Program                                 build/stm32f4xx_hal_flash.o
HAL_FLASH_Program_IT                              build/stm32f4xx_hal_flash.o
HAL_FLASH_Unlock                                  build/stm32f4xx_hal_flash.o
HAL_GPIO_DeInit                                   build/stm32f4xx_hal_gpio.o
                                                  build/usart.o
                                                  build/can.o
HAL_GPIO_EXTI_Callback                            build/stm32f4xx_hal_gpio.o
HAL_GPIO_EXTI_IRQHandler                          build/stm32f4xx_hal_gpio.o
HAL_GPIO_Init                                     build/stm32f4xx_hal_gpio.o
                                                  build/stm32f4xx_hal_rcc.o
                                                  build/usart.o
                                                  build/can.o
HAL_GPIO_LockPin                                  build/stm32f4xx_hal_gpio.o
HAL_GPIO_ReadPin                                  build/stm32f4xx_hal_gpio.o
HAL_GPIO_TogglePin                                build/stm32f4xx_hal_gpio.o
HAL_GPIO_WritePin                                 build/stm32f4xx_hal_gpio.o
HAL_GetDEVID                                      build/stm32f4xx_hal.o
HAL_GetHalVersion                                 build/stm32f4xx_hal.o
HAL_GetREVID                                      build/stm32f4xx_hal.o
HAL_GetTick                                       build/stm32f4xx_hal.o
                                                  build/stm32f4xx_hal_uart.o
                                                  build/stm32f4xx_hal_pwr_ex.o
                                                  build/stm32f4xx_hal_dma.o
                                                  build/stm32f4xx_hal_flash.o
                                                  build/stm32f4xx_hal_rcc_ex.o
                                                  build/stm32f4xx_hal_rcc.o
                                                  build/stm32f4xx_hal_can.o
HAL_GetTickFreq                                   build/stm32f4xx_hal.o
HAL_GetTickPrio                                   build/stm32f4xx_hal.o
HAL_GetUIDw0                                      build/stm32f4xx_hal.o
HAL_GetUIDw1                                      build/stm32f4xx_hal.o
HAL_GetUIDw2                                      build/stm32f4xx_hal.o
HAL_HalfDuplex_EnableReceiver                     build/stm32f4xx_hal_uart.o
HAL_HalfDuplex_EnableTransmitter                  build/stm32f4xx_hal_uart.o
HAL_HalfDuplex_Init                               build/stm32f4xx_hal_uart.o
HAL_IncTick                                       build/stm32f4xx_hal.o
                                                  build/stm32f4xx_it.o
HAL_Init                                          build/stm32f4xx_hal.o
                                                  build/main.o
HAL_InitTick                                      build/stm32f4xx_hal.o
                                                  build/stm32f4xx_hal_rcc_ex.o
                                                  build/stm32f4xx_hal_rcc.o
HAL_LIN_Init                                      build/stm32f4xx_hal_uart.o
HAL_LIN_SendBreak                                 build/stm32f4xx_hal_uart.o
HAL_MPU_ConfigRegion                              build/stm32f4xx_hal_cortex.o
HAL_MPU_Disable                                   build/stm32f4xx_hal_cortex.o
HAL_MPU_Enable                                    build/stm32f4xx_hal_cortex.o
HAL_MspDeInit                                     build/stm32f4xx_hal.o
HAL_MspInit                                       build/stm32f4xx_hal_msp.o
HAL_MultiProcessor_EnterMuteMode                  build/stm32f4xx_hal_uart.o
HAL_MultiProcessor_ExitMuteMode                   build/stm32f4xx_hal_uart.o
HAL_MultiProcessor_Init                           build/stm32f4xx_hal_uart.o
HAL_NVIC_ClearPendingIRQ                          build/stm32f4xx_hal_cortex.o
HAL_NVIC_DisableIRQ                               build/stm32f4xx_hal_cortex.o
                                                  build/usart.o
                                                  build/tim.o
                                                  build/can.o
HAL_NVIC_EnableIRQ                                build/stm32f4xx_hal_cortex.o
                                                  build/usart.o
                                                  build/tim.o
                                                  build/dma.o
                                                  build/can.o
HAL_NVIC_GetActive                                build/stm32f4xx_hal_cortex.o
HAL_NVIC_GetPendingIRQ                            build/stm32f4xx_hal_cortex.o
HAL_NVIC_GetPriority                              build/stm32f4xx_hal_cortex.o
HAL_NVIC_GetPriorityGrouping                      build/stm32f4xx_hal_cortex.o
HAL_NVIC_SetPendingIRQ                            build/stm32f4xx_hal_cortex.o
HAL_NVIC_SetPriority                              build/stm32f4xx_hal_cortex.o
                                                  build/stm32f4xx_hal.o
                                                  build/usart.o
                                                  build/tim.o
                                                  build/dma.o
                                                  build/can.o
HAL_NVIC_SetPriorityGrouping                      build/stm32f4xx_hal_cortex.o
                                                  build/stm32f4xx_hal.o
HAL_NVIC_SystemReset                              build/stm32f4xx_hal_cortex.o
HAL_PWREx_ControlVoltageScaling                   build/stm32f4xx_hal_pwr_ex.o
HAL_PWREx_DisableBkUpReg                          build/stm32f4xx_hal_pwr_ex.o
HAL_PWREx_DisableFlashPowerDown                   build/stm32f4xx_hal_pwr_ex.o
HAL_PWREx_EnableBkUpReg                           build/stm32f4xx_hal_pwr_ex.o
HAL_PWREx_EnableFlashPowerDown                    build/stm32f4xx_hal_pwr_ex.o
HAL_PWREx_GetVoltageRange                         build/stm32f4xx_hal_pwr_ex.o
HAL_PWR_ConfigPVD                                 build/stm32f4xx_hal_pwr.o
HAL_PWR_DeInit                                    build/stm32f4xx_hal_pwr.o
HAL_PWR_DisableBkUpAccess                         build/stm32f4xx_hal_pwr.o
HAL_PWR_DisablePVD                                build/stm32f4xx_hal_pwr.o
HAL_PWR_DisableSEVOnPend                          build/stm32f4xx_hal_pwr.o
HAL_PWR_DisableSleepOnExit                        build/stm32f4xx_hal_pwr.o
HAL_PWR_DisableWakeUpPin                          build/stm32f4xx_hal_pwr.o
HAL_PWR_EnableBkUpAccess                          build/stm32f4xx_hal_pwr.o
HAL_PWR_EnablePVD                                 build/stm32f4xx_hal_pwr.o
HAL_PWR_EnableSEVOnPend                           build/stm32f4xx_hal_pwr.o
HAL_PWR_EnableSleepOnExit                         build/stm32f4xx_hal_pwr.o
HAL_PWR_EnableWakeUpPin                           build/stm32f4xx_hal_pwr.o
HAL_PWR_EnterSLEEPMode                            build/stm32f4xx_hal_pwr.o
HAL_PWR_EnterSTANDBYMode                          build/stm32f4xx_hal_pwr.o
HAL_PWR_EnterSTOPMode                             build/stm32f4xx_hal_pwr.o
HAL_PWR_PVDCallback                               build/stm32f4xx_hal_pwr.o
HAL_PWR_PVD_IRQHandler                            build/stm32f4xx_hal_pwr.o
HAL_RCCEx_DisablePLLI2S                           build/stm32f4xx_hal_rcc_ex.o
HAL_RCCEx_EnablePLLI2S                            build/stm32f4xx_hal_rcc_ex.o
HAL_RCCEx_GetPeriphCLKConfig                      build/stm32f4xx_hal_rcc_ex.o
HAL_RCCEx_GetPeriphCLKFreq                        build/stm32f4xx_hal_rcc_ex.o
HAL_RCCEx_PeriphCLKConfig                         build/stm32f4xx_hal_rcc_ex.o
HAL_RCC_CSSCallback                               build/stm32f4xx_hal_rcc.o
HAL_RCC_ClockConfig                               build/stm32f4xx_hal_rcc.o
                                                  build/main.o
HAL_RCC_DeInit                                    build/stm32f4xx_hal_rcc_ex.o
                                                  build/stm32f4xx_hal_rcc.o
HAL_RCC_DisableCSS                                build/stm32f4xx_hal_rcc.o
HAL_RCC_EnableCSS                                 build/stm32f4xx_hal_rcc.o
HAL_RCC_GetClockConfig                            build/stm32f4xx_hal_rcc.o
HAL_RCC_GetHCLKFreq                               build/stm32f4xx_hal_rcc.o
HAL_RCC_GetOscConfig                              build/stm32f4xx_hal_rcc.o
HAL_RCC_GetPCLK1Freq                              build/stm32f4xx_hal_rcc.o
                                                  build/stm32f4xx_hal_uart.o
HAL_RCC_GetPCLK2Freq                              build/stm32f4xx_hal_rcc.o
                                                  build/stm32f4xx_hal_uart.o
HAL_RCC_GetSysClockFreq                           build/stm32f4xx_hal_rcc.o
HAL_RCC_MCOConfig                                 build/stm32f4xx_hal_rcc.o
HAL_RCC_NMI_IRQHandler                            build/stm32f4xx_hal_rcc.o
HAL_RCC_OscConfig                                 build/stm32f4xx_hal_rcc.o
                                                  build/main.o
HAL_ResumeTick                                    build/stm32f4xx_hal.o
HAL_SYSTICK_CLKSourceConfig                       build/stm32f4xx_hal_cortex.o
HAL_SYSTICK_Callback                              build/stm32f4xx_hal_cortex.o
HAL_SYSTICK_Config                                build/stm32f4xx_hal_cortex.o
                                                  build/stm32f4xx_hal.o
HAL_SYSTICK_IRQHandler                            build/stm32f4xx_hal_cortex.o
HAL_SetTickFreq                                   build/stm32f4xx_hal.o
HAL_SuspendTick                                   build/stm32f4xx_hal.o
HAL_TIMEx_BreakCallback                           build/stm32f4xx_hal_tim_ex.o
                                                  build/stm32f4xx_hal_tim.o
HAL_TIMEx_CommutCallback                          build/stm32f4xx_hal_tim_ex.o
                                                  build/stm32f4xx_hal_tim.o
HAL_TIMEx_CommutHalfCpltCallback                  build/stm32f4xx_hal_tim_ex.o
HAL_TIMEx_ConfigBreakDeadTime                     build/stm32f4xx_hal_tim_ex.o
HAL_TIMEx_ConfigCommutEvent                       build/stm32f4xx_hal_tim_ex.o
HAL_TIMEx_ConfigCommutEvent_DMA                   build/stm32f4xx_hal_tim_ex.o
HAL_TIMEx_ConfigCommutEvent_IT                    build/stm32f4xx_hal_tim_ex.o
HAL_TIMEx_GetChannelNState                        build/stm32f4xx_hal_tim_ex.o
HAL_TIMEx_HallSensor_DeInit                       build/stm32f4xx_hal_tim_ex.o
HAL_TIMEx_HallSensor_GetState                     build/stm32f4xx_hal_tim_ex.o
HAL_TIMEx_HallSensor_Init                         build/stm32f4xx_hal_tim_ex.o
HAL_TIMEx_HallSensor_MspDeInit                    build/stm32f4xx_hal_tim_ex.o
HAL_TIMEx_HallSensor_MspInit                      build/stm32f4xx_hal_tim_ex.o
HAL_TIMEx_HallSensor_Start                        build/stm32f4xx_hal_tim_ex.o
HAL_TIMEx_HallSensor_Start_DMA                    build/stm32f4xx_hal_tim_ex.o
HAL_TIMEx_HallSensor_Start_IT                     build/stm32f4xx_hal_tim_ex.o
HAL_TIMEx_HallSensor_Stop                         build/stm32f4xx_hal_tim_ex.o
HAL_TIMEx_HallSensor_Stop_DMA                     build/stm32f4xx_hal_tim_ex.o
HAL_TIMEx_HallSensor_Stop_IT                      build/stm32f4xx_hal_tim_ex.o
HAL_TIMEx_MasterConfigSynchronization             build/stm32f4xx_hal_tim_ex.o
                                                  build/tim.o
HAL_TIMEx_OCN_Start                               build/stm32f4xx_hal_tim_ex.o
HAL_TIMEx_OCN_Start_DMA                           build/stm32f4xx_hal_tim_ex.o
HAL_TIMEx_OCN_Start_IT                            build/stm32f4xx_hal_tim_ex.o
HAL_TIMEx_OCN_Stop                                build/stm32f4xx_hal_tim_ex.o
HAL_TIMEx_OCN_Stop_DMA                            build/stm32f4xx_hal_tim_ex.o
HAL_TIMEx_OCN_Stop_IT                             build/stm32f4xx_hal_tim_ex.o
HAL_TIMEx_OnePulseN_Start                         build/stm32f4xx_hal_tim_ex.o
HAL_TIMEx_OnePulseN_Start_IT                      build/stm32f4xx_hal_tim_ex.o
HAL_TIMEx_OnePulseN_Stop                          build/stm32f4xx_hal_tim_ex.o
HAL_TIMEx_OnePulseN_Stop_IT                       build/stm32f4xx_hal_tim_ex.o
HAL_TIMEx_PWMN_Start                              build/stm32f4xx_hal_tim_ex.o
HAL_TIMEx_PWMN_Start_DMA                          build/stm32f4xx_hal_tim_ex.o
HAL_TIMEx_PWMN_Start_IT                           build/stm32f4xx_hal_tim_ex.o
HAL_TIMEx_PWMN_Stop                               build/stm32f4xx_hal_tim_ex.o
HAL_TIMEx_PWMN_Stop_DMA                           build/stm32f4xx_hal_tim_ex.o
HAL_TIMEx_PWMN_Stop_IT                            build/stm32f4xx_hal_tim_ex.o
HAL_TIMEx_RemapConfig                             build/stm32f4xx_hal_tim_ex.o
HAL_TIM_Base_DeInit                               build/stm32f4xx_hal_tim.o
HAL_TIM_Base_GetState                             build/stm32f4xx_hal_tim.o
HAL_TIM_Base_Init                                 build/stm32f4xx_hal_tim.o
                                                  build/tim.o
HAL_TIM_Base_MspDeInit                            build/tim.o
HAL_TIM_Base_MspInit                              build/tim.o
HAL_TIM_Base_Start                                build/stm32f4xx_hal_tim.o
HAL_TIM_Base_Start_DMA                            build/stm32f4xx_hal_tim.o
HAL_TIM_Base_Start_IT                             build/stm32f4xx_hal_tim.o
                                                  build/main.o
HAL_TIM_Base_Stop                                 build/stm32f4xx_hal_tim.o
HAL_TIM_Base_Stop_DMA                             build/stm32f4xx_hal_tim.o
HAL_TIM_Base_Stop_IT                              build/stm32f4xx_hal_tim.o
HAL_TIM_ConfigClockSource                         build/stm32f4xx_hal_tim.o
                                                  build/tim.o
HAL_TIM_ConfigOCrefClear                          build/stm32f4xx_hal_tim.o
HAL_TIM_ConfigTI1Input                            build/stm32f4xx_hal_tim.o
HAL_TIM_DMABurstState                             build/stm32f4xx_hal_tim.o
HAL_TIM_DMABurst_MultiReadStart                   build/stm32f4xx_hal_tim.o
HAL_TIM_DMABurst_MultiWriteStart                  build/stm32f4xx_hal_tim.o
HAL_TIM_DMABurst_ReadStart                        build/stm32f4xx_hal_tim.o
HAL_TIM_DMABurst_ReadStop                         build/stm32f4xx_hal_tim.o
HAL_TIM_DMABurst_WriteStart                       build/stm32f4xx_hal_tim.o
HAL_TIM_DMABurst_WriteStop                        build/stm32f4xx_hal_tim.o
HAL_TIM_Encoder_DeInit                            build/stm32f4xx_hal_tim.o
HAL_TIM_Encoder_GetState                          build/stm32f4xx_hal_tim.o
HAL_TIM_Encoder_Init                              build/stm32f4xx_hal_tim.o
HAL_TIM_Encoder_MspDeInit                         build/stm32f4xx_hal_tim.o
HAL_TIM_Encoder_MspInit                           build/stm32f4xx_hal_tim.o
HAL_TIM_Encoder_Start                             build/stm32f4xx_hal_tim.o
HAL_TIM_Encoder_Start_DMA                         build/stm32f4xx_hal_tim.o
HAL_TIM_Encoder_Start_IT                          build/stm32f4xx_hal_tim.o
HAL_TIM_Encoder_Stop                              build/stm32f4xx_hal_tim.o
HAL_TIM_Encoder_Stop_DMA                          build/stm32f4xx_hal_tim.o
HAL_TIM_Encoder_Stop_IT                           build/stm32f4xx_hal_tim.o
HAL_TIM_ErrorCallback                             build/stm32f4xx_hal_tim.o
                                                  build/stm32f4xx_hal_tim_ex.o
HAL_TIM_GenerateEvent                             build/stm32f4xx_hal_tim.o
HAL_TIM_GetActiveChannel                          build/stm32f4xx_hal_tim.o
HAL_TIM_GetChannelState                           build/stm32f4xx_hal_tim.o
HAL_TIM_IC_CaptureCallback                        build/stm32f4xx_hal_tim.o
HAL_TIM_IC_CaptureHalfCpltCallback                build/stm32f4xx_hal_tim.o
HAL_TIM_IC_ConfigChannel                          build/stm32f4xx_hal_tim.o
HAL_TIM_IC_DeInit                                 build/stm32f4xx_hal_tim.o
HAL_TIM_IC_GetState                               build/stm32f4xx_hal_tim.o
HAL_TIM_IC_Init                                   build/stm32f4xx_hal_tim.o
HAL_TIM_IC_MspDeInit                              build/stm32f4xx_hal_tim.o
HAL_TIM_IC_MspInit                                build/stm32f4xx_hal_tim.o
HAL_TIM_IC_Start                                  build/stm32f4xx_hal_tim.o
HAL_TIM_IC_Start_DMA                              build/stm32f4xx_hal_tim.o
HAL_TIM_IC_Start_IT                               build/stm32f4xx_hal_tim.o
HAL_TIM_IC_Stop                                   build/stm32f4xx_hal_tim.o
HAL_TIM_IC_Stop_DMA                               build/stm32f4xx_hal_tim.o
HAL_TIM_IC_Stop_IT                                build/stm32f4xx_hal_tim.o
HAL_TIM_IRQHandler                                build/stm32f4xx_hal_tim.o
                                                  build/stm32f4xx_it.o
HAL_TIM_OC_ConfigChannel                          build/stm32f4xx_hal_tim.o
HAL_TIM_OC_DeInit                                 build/stm32f4xx_hal_tim.o
HAL_TIM_OC_DelayElapsedCallback                   build/stm32f4xx_hal_tim.o
HAL_TIM_OC_GetState                               build/stm32f4xx_hal_tim.o
HAL_TIM_OC_Init                                   build/stm32f4xx_hal_tim.o
HAL_TIM_OC_MspDeInit                              build/stm32f4xx_hal_tim.o
HAL_TIM_OC_MspInit                                build/stm32f4xx_hal_tim.o
HAL_TIM_OC_Start                                  build/stm32f4xx_hal_tim.o
HAL_TIM_OC_Start_DMA                              build/stm32f4xx_hal_tim.o
HAL_TIM_OC_Start_IT                               build/stm32f4xx_hal_tim.o
HAL_TIM_OC_Stop                                   build/stm32f4xx_hal_tim.o
HAL_TIM_OC_Stop_DMA                               build/stm32f4xx_hal_tim.o
HAL_TIM_OC_Stop_IT                                build/stm32f4xx_hal_tim.o
HAL_TIM_OnePulse_ConfigChannel                    build/stm32f4xx_hal_tim.o
HAL_TIM_OnePulse_DeInit                           build/stm32f4xx_hal_tim.o
HAL_TIM_OnePulse_GetState                         build/stm32f4xx_hal_tim.o
HAL_TIM_OnePulse_Init                             build/stm32f4xx_hal_tim.o
HAL_TIM_OnePulse_MspDeInit                        build/stm32f4xx_hal_tim.o
HAL_TIM_OnePulse_MspInit                          build/stm32f4xx_hal_tim.o
HAL_TIM_OnePulse_Start                            build/stm32f4xx_hal_tim.o
HAL_TIM_OnePulse_Start_IT                         build/stm32f4xx_hal_tim.o
HAL_TIM_OnePulse_Stop                             build/stm32f4xx_hal_tim.o
HAL_TIM_OnePulse_Stop_IT                          build/stm32f4xx_hal_tim.o
HAL_TIM_PWM_ConfigChannel                         build/stm32f4xx_hal_tim.o
HAL_TIM_PWM_DeInit                                build/stm32f4xx_hal_tim.o
HAL_TIM_PWM_GetState                              build/stm32f4xx_hal_tim.o
HAL_TIM_PWM_Init                                  build/stm32f4xx_hal_tim.o
HAL_TIM_PWM_MspDeInit                             build/stm32f4xx_hal_tim.o
HAL_TIM_PWM_MspInit                               build/stm32f4xx_hal_tim.o
HAL_TIM_PWM_PulseFinishedCallback                 build/stm32f4xx_hal_tim.o
                                                  build/stm32f4xx_hal_tim_ex.o
HAL_TIM_PWM_PulseFinishedHalfCpltCallback         build/stm32f4xx_hal_tim.o
HAL_TIM_PWM_Start                                 build/stm32f4xx_hal_tim.o
HAL_TIM_PWM_Start_DMA                             build/stm32f4xx_hal_tim.o