Archive member included to satisfy reference by file (symbol)

D:/ST/STM32CubeIDE_1.15.1/STM32CubeIDE/plugins/com.st.stm32cube.ide.mcu.externaltools.gnu-tools-for-stm32.12.3.rel1.win32_1.0.100.202403111256/tools/bin/../lib/gcc/arm-none-eabi/12.3.1/../../../../arm-none-eabi/lib/thumb/v7e-m+fp/hard\libc_nano.a(libc_a-exit.o)
                              D:/ST/STM32CubeIDE_1.15.1/STM32CubeIDE/plugins/com.st.stm32cube.ide.mcu.externaltools.gnu-tools-for-stm32.12.3.rel1.win32_1.0.100.202403111256/tools/bin/../lib/gcc/arm-none-eabi/12.3.1/../../../../arm-none-eabi/lib/thumb/v7e-m+fp/hard/crt0.o (exit)
D:/ST/STM32CubeIDE_1.15.1/STM32CubeIDE/plugins/com.st.stm32cube.ide.mcu.externaltools.gnu-tools-for-stm32.12.3.rel1.win32_1.0.100.202403111256/tools/bin/../lib/gcc/arm-none-eabi/12.3.1/../../../../arm-none-eabi/lib/thumb/v7e-m+fp/hard\libc_nano.a(libc_a-findfp.o)
                              D:/ST/STM32CubeIDE_1.15.1/STM32CubeIDE/plugins/com.st.stm32cube.ide.mcu.externaltools.gnu-tools-for-stm32.12.3.rel1.win32_1.0.100.202403111256/tools/bin/../lib/gcc/arm-none-eabi/12.3.1/../../../../arm-none-eabi/lib/thumb/v7e-m+fp/hard\libc_nano.a(libc_a-exit.o) (__stdio_exit_handler)
D:/ST/STM32CubeIDE_1.15.1/STM32CubeIDE/plugins/com.st.stm32cube.ide.mcu.externaltools.gnu-tools-for-stm32.12.3.rel1.win32_1.0.100.202403111256/tools/bin/../lib/gcc/arm-none-eabi/12.3.1/../../../../arm-none-eabi/lib/thumb/v7e-m+fp/hard\libc_nano.a(libc_a-fwalk.o)
                              D:/ST/STM32CubeIDE_1.15.1/STM32CubeIDE/plugins/com.st.stm32cube.ide.mcu.externaltools.gnu-tools-for-stm32.12.3.rel1.win32_1.0.100.202403111256/tools/bin/../lib/gcc/arm-none-eabi/12.3.1/../../../../arm-none-eabi/lib/thumb/v7e-m+fp/hard\libc_nano.a(libc_a-findfp.o) (_fwalk_sglue)
D:/ST/STM32CubeIDE_1.15.1/STM32CubeIDE/plugins/com.st.stm32cube.ide.mcu.externaltools.gnu-tools-for-stm32.12.3.rel1.win32_1.0.100.202403111256/tools/bin/../lib/gcc/arm-none-eabi/12.3.1/../../../../arm-none-eabi/lib/thumb/v7e-m+fp/hard\libc_nano.a(libc_a-stdio.o)
                              D:/ST/STM32CubeIDE_1.15.1/STM32CubeIDE/plugins/com.st.stm32cube.ide.mcu.externaltools.gnu-tools-for-stm32.12.3.rel1.win32_1.0.100.202403111256/tools/bin/../lib/gcc/arm-none-eabi/12.3.1/../../../../arm-none-eabi/lib/thumb/v7e-m+fp/hard\libc_nano.a(libc_a-findfp.o) (__sread)
D:/ST/STM32CubeIDE_1.15.1/STM32CubeIDE/plugins/com.st.stm32cube.ide.mcu.externaltools.gnu-tools-for-stm32.12.3.rel1.win32_1.0.100.202403111256/tools/bin/../lib/gcc/arm-none-eabi/12.3.1/../../../../arm-none-eabi/lib/thumb/v7e-m+fp/hard\libc_nano.a(libc_a-memset.o)
                              D:/ST/STM32CubeIDE_1.15.1/STM32CubeIDE/plugins/com.st.stm32cube.ide.mcu.externaltools.gnu-tools-for-stm32.12.3.rel1.win32_1.0.100.202403111256/tools/bin/../lib/gcc/arm-none-eabi/12.3.1/../../../../arm-none-eabi/lib/thumb/v7e-m+fp/hard/crt0.o (memset)
D:/ST/STM32CubeIDE_1.15.1/STM32CubeIDE/plugins/com.st.stm32cube.ide.mcu.externaltools.gnu-tools-for-stm32.12.3.rel1.win32_1.0.100.202403111256/tools/bin/../lib/gcc/arm-none-eabi/12.3.1/../../../../arm-none-eabi/lib/thumb/v7e-m+fp/hard\libc_nano.a(libc_a-closer.o)
                              D:/ST/STM32CubeIDE_1.15.1/STM32CubeIDE/plugins/com.st.stm32cube.ide.mcu.externaltools.gnu-tools-for-stm32.12.3.rel1.win32_1.0.100.202403111256/tools/bin/../lib/gcc/arm-none-eabi/12.3.1/../../../../arm-none-eabi/lib/thumb/v7e-m+fp/hard\libc_nano.a(libc_a-stdio.o) (_close_r)
D:/ST/STM32CubeIDE_1.15.1/STM32CubeIDE/plugins/com.st.stm32cube.ide.mcu.externaltools.gnu-tools-for-stm32.12.3.rel1.win32_1.0.100.202403111256/tools/bin/../lib/gcc/arm-none-eabi/12.3.1/../../../../arm-none-eabi/lib/thumb/v7e-m+fp/hard\libc_nano.a(libc_a-reent.o)
                              D:/ST/STM32CubeIDE_1.15.1/STM32CubeIDE/plugins/com.st.stm32cube.ide.mcu.externaltools.gnu-tools-for-stm32.12.3.rel1.win32_1.0.100.202403111256/tools/bin/../lib/gcc/arm-none-eabi/12.3.1/../../../../arm-none-eabi/lib/thumb/v7e-m+fp/hard\libc_nano.a(libc_a-closer.o) (errno)
D:/ST/STM32CubeIDE_1.15.1/STM32CubeIDE/plugins/com.st.stm32cube.ide.mcu.externaltools.gnu-tools-for-stm32.12.3.rel1.win32_1.0.100.202403111256/tools/bin/../lib/gcc/arm-none-eabi/12.3.1/../../../../arm-none-eabi/lib/thumb/v7e-m+fp/hard\libc_nano.a(libc_a-impure.o)
                              D:/ST/STM32CubeIDE_1.15.1/STM32CubeIDE/plugins/com.st.stm32cube.ide.mcu.externaltools.gnu-tools-for-stm32.12.3.rel1.win32_1.0.100.202403111256/tools/bin/../lib/gcc/arm-none-eabi/12.3.1/../../../../arm-none-eabi/lib/thumb/v7e-m+fp/hard\libc_nano.a(libc_a-reent.o) (_impure_ptr)
D:/ST/STM32CubeIDE_1.15.1/STM32CubeIDE/plugins/com.st.stm32cube.ide.mcu.externaltools.gnu-tools-for-stm32.12.3.rel1.win32_1.0.100.202403111256/tools/bin/../lib/gcc/arm-none-eabi/12.3.1/../../../../arm-none-eabi/lib/thumb/v7e-m+fp/hard\libc_nano.a(libc_a-lseekr.o)
[...]
Memory Configuration

Name             Origin             Length             Attributes
CCMRAM           0x10000000         0x00010000         xrw
RAM              0x20000000         0x00030000         xrw
FLASH            0x08000000         0x00200000         xr
*default*        0x00000000         0xffffffff

Linker script and memory map

LOAD D:/ST/STM32CubeIDE_1.15.1/STM32CubeIDE/plugins/com.st.stm32cube.ide.mcu.externaltools.gnu-tools-for-stm32.12.3.rel1.win32_1.0.100.202403111256/tools/bin/../lib/gcc/arm-none-eabi/12.3.1/thumb/v7e-m+fp/hard/crti.o
LOAD D:/ST/STM32CubeIDE_1.15.1/STM32CubeIDE/plugins/com.st.stm32cube.ide.mcu.externaltools.gnu-tools-for-stm32.12.3.rel1.win32_1.0.100.202403111256/tools/bin/../lib/gcc/arm-none-eabi/12.3.1/thumb/v7e-m+fp/hard/crtbegin.o
LOAD D:/ST/STM32CubeIDE_1.15.1/STM32CubeIDE/plugins/com.st.stm32cube.ide.mcu.externaltools.gnu-tools-for-stm32.12.3.rel1.win32_1.0.100.202403111256/tools/bin/../lib/gcc/arm-none-eabi/12.3.1/../../../../arm-none-eabi/lib/thumb/v7e-m+fp/hard/crt0.o
LOAD ./Bsp/Src/Bsp_can.o
LOAD ./Bsp/Src/pid.o
LOAD ./Core/Src/can.o
LOAD ./Core/Src/gpio.o
LOAD ./Core/Src/main.o
LOAD ./Core/Src/stm32f4xx_hal_msp.o
LOAD ./Core/Src/stm32f4xx_it.o
LOAD ./Core/Src/syscalls.o
LOAD ./Core/Src/sysmem.o
LOAD ./Core/Src/system_stm32f4xx.o
LOAD ./Core/Src/tim.o
LOAD ./Core/Startup/startup_stm32f427iihx.o
LOAD ./Drivers/STM32F4xx_HAL_Driver/Src/stm32f4xx_hal.o
LOAD ./Drivers/STM32F4xx_HAL_Driver/Src/stm32f4xx_hal_can.o
LOAD ./Drivers/STM32F4xx_HAL_Driver/Src/stm32f4xx_hal_cortex.o
LOAD ./Drivers/STM32F4xx_HAL_Driver/Src/stm32f4xx_hal_dma.o
LOAD ./Drivers/STM32F4xx_HAL_Driver/Src/stm32f4xx_hal_dma_ex.o
LOAD ./Drivers/STM32F4xx_HAL_Driver/Src/stm32f4xx_hal_exti.o
LOAD ./Drivers/STM32F4xx_HAL_Driver/Src/stm32f4xx_hal_flash.o
LOAD ./Drivers/STM32F4xx_HAL_Driver/Src/stm32f4xx_hal_flash_ex.o
LOAD ./Drivers/STM32F4xx_HAL_Driver/Src/stm32f4xx_hal_flash_ramfunc.o
LOAD ./Drivers/STM32F4xx_HAL_Driver/Src/stm32f4xx_hal_gpio.o
LOAD ./Drivers/STM32F4xx_HAL_Driver/Src/stm32f4xx_hal_pwr.o
LOAD ./Drivers/STM32F4xx_HAL_Driver/Src/stm32f4xx_hal_pwr_ex.o
LOAD ./Drivers/STM32F4xx_HAL_Driver/Src/stm32f4xx_hal_rcc.o
LOAD ./Drivers/STM32F4xx_HAL_Driver/Src/stm32f4xx_hal_rcc_ex.o
LOAD ./Drivers/STM32F4xx_HAL_Driver/Src/stm32f4xx_hal_tim.o
LOAD ./Drivers/STM32F4xx_HAL_Driver/Src/stm32f4xx_hal_tim_ex.o
START GROUP
LOAD D:/ST/STM32CubeIDE_1.15.1/STM32CubeIDE/plugins/com.st.stm32cube.ide.mcu.externaltools.gnu-tools-for-stm32.12.3.rel1.win32_1.0.100.202403111256/tools/bin/../lib/gcc/arm-none-eabi/12.3.1/../../../../arm-none-eabi/lib/thumb/v7e-m+fp/hard\libc_nano.a
LOAD D:/ST/STM32CubeIDE_1.15.1/STM32CubeIDE/plugins/com.st.stm32cube.ide.mcu.externaltools.gnu-tools-for-stm32.12.3.rel1.win32_1.0.100.202403111256/tools/bin/../lib/gcc/arm-none-eabi/12.3.1/../../../../arm-none-eabi/lib/thumb/v7e-m+fp/hard\libm.a
END GROUP
START GROUP
LOAD D:/ST/STM32CubeIDE_1.15.1/STM32CubeIDE/plugins/com.st.stm32cube.ide.mcu.externaltools.gnu-tools-for-stm32.12.3.rel1.win32_1.0.100.202403111256/tools/bin/../lib/gcc/arm-none-eabi/12.3.1/thumb/v7e-m+fp/hard\libgcc.a
LOAD D:/ST/STM32CubeIDE_1.15.1/STM32CubeIDE/plugins/com.st.stm32cube.ide.mcu.externaltools.gnu-tools-for-stm32.12.3.rel1.win32_1.0.100.202403111256/tools/bin/../lib/gcc/arm-none-eabi/12.3.1/../../../../arm-none-eabi/lib/thumb/v7e-m+fp/hard\libc_nano.a
END GROUP
START GROUP
LOAD D:/ST/STM32CubeIDE_1.15.1/STM32CubeIDE/plugins/com.st.stm32cube.ide.mcu.externaltools.gnu-tools-for-stm32.12.3.rel1.win32_1.0.100.202403111256/tools/bin/../lib/gcc/arm-none-eabi/12.3.1/thumb/v7e-m+fp/hard\libgcc.a
LOAD D:/ST/STM32CubeIDE_1.15.1/STM32CubeIDE/plugins/com.st.stm32cube.ide.mcu.externaltools.gnu-tools-for-stm32.12.3.rel1.win32_1.0.100.202403111256/tools/bin/../lib/gcc/arm-none-eabi/12.3.1/../../../../arm-none-eabi/lib/thumb/v7e-m+fp/hard\libc_nano.a
LOAD D:/ST/STM32CubeIDE_1.15.1/STM32CubeIDE/plugins/com.st.stm32cube.ide.mcu.externaltools.gnu-tools-for-stm32.12.3.rel1.win32_1.0.100.202403111256/tools/bin/../lib/gcc/arm-none-eabi/12.3.1/../../../../arm-none-eabi/lib/thumb/v7e-m+fp/hard\libnosys.a
END GROUP
START GROUP
LOAD D:/ST/STM32CubeIDE_1.15.1/STM32CubeIDE/plugins/com.st.stm32cube.ide.mcu.externaltools.gnu-tools-for-stm32.12.3.rel1.win32_1.0.100.202403111256/tools/bin/../lib/gcc/arm-none-eabi/12.3.1/thumb/v7e-m+fp/hard\libgcc.a
LOAD D:/ST/STM32CubeIDE_1.15.1/STM32CubeIDE/plugins/com.st.stm32cube.ide.mcu.externaltools.gnu-tools-for-stm32.12.3.rel1.win32_1.0.100.202403111256/tools/bin/../lib/gcc/arm-none-eabi/12.3.1/../../../../arm-none-eabi/lib/thumb/v7e-m+fp/hard\libc_nano.a
LOAD D:/ST/STM32CubeIDE_1.15.1/STM32CubeIDE/plugins/com.st.stm32cube.ide.mcu.externaltools.gnu-tools-for-stm32.12.3.rel1.win32_1.0.100.202403111256/tools/bin/../lib/gcc/arm-none-eabi/12.3.1/../../../../arm-none-eabi/lib/thumb/v7e-m+fp/hard\libnosys.a
END GROUP
LOAD D:/ST/STM32CubeIDE_1.15.1/STM32CubeIDE/plugins/com.st.stm32cube.ide.mcu.externaltools.gnu-tools-for-stm32.12.3.rel1.win32_1.0.100.202403111256/tools/bin/../lib/gcc/arm-none-eabi/12.3.1/thumb/v7e-m+fp/hard/crtend.o
LOAD D:/ST/STM32CubeIDE_1.15.1/STM32CubeIDE/plugins/com.st.stm32cube.ide.mcu.externaltools.gnu-tools-for-stm32.12.3.rel1.win32_1.0.100.202403111256/tools/bin/../lib/gcc/arm-none-eabi/12.3.1/thumb/v7e-m+fp/hard/crtn.o
                0x20030000                        _estack = (ORIGIN (RAM) + LENGTH (RAM))
                0x00000200                        _Min_Heap_Size = 0x200
                0x00000400                        _Min_Stack_Size = 0x400

.isr_vector     0x08000000      0x1ac
                0x08000000                        . = ALIGN (0x4)
 *(.isr_vector)
 .isr_vector    0x08000000      0x1ac ./Core/Startup/startup_stm32f427iihx.o
                0x08000000                g_pfnVectors
                0x080001ac                        . = ALIGN (0x4)

.text           0x080001b0     0x3d2c
                0x080001b0                        . = ALIGN (0x4)
 *(.text)
 .text          0x080001b0       0x40 D:/ST/STM32CubeIDE_1.15.1/STM32CubeIDE/plugins/com.st.stm32cube.ide.mcu.externaltools.gnu-tools-for-stm32.12.3.rel1.win32_1.0.100.202403111256/tools/bin/../lib/gcc/arm-none-eabi/12.3.1/thumb/v7e-m+fp/hard/crtbegin.o
 .text          0x080001f0      0x378 D:/ST/STM32CubeIDE_1.15.1/STM32CubeIDE/plugins/com.st.stm32cube.ide.mcu.externaltools.gnu-tools-for-stm32.12.3.rel1.win32_1.0.100.202403111256/tools/bin/../lib/gcc/arm-none-eabi/12.3.1/thumb/v7e-m+fp/hard\libgcc.a(_arm_addsubdf3.o)
                0x080001f0                __aeabi_drsub
                0x080001f8                __aeabi_dsub
                0x080001f8                __subdf3
                0x080001fc                __aeabi_dadd
                0x080001fc                __adddf3
                0x08000474                __floatunsidf
                0x08000474                __aeabi_ui2d
                0x08000494                __floatsidf
                0x08000494                __aeabi_i2d
                0x080004b8                __aeabi_f2d
                0x080004b8                __extendsfdf2
                0x080004fc                __floatundidf
                0x080004fc                __aeabi_ul2d
                0x0800050c                __floatdidf
                0x0800050c                __aeabi_l2d
 .text          0x08000568      0x424 D:/ST/STM32CubeIDE_1.15.1/STM32CubeIDE/plugins/com.st.stm32cube.ide.mcu.externaltools.gnu-tools-for-stm32.12.3.rel1.win32_1.0.100.202403111256/tools/bin/../lib/gcc/arm-none-eabi/12.3.1/thumb/v7e-m+fp/hard\libgcc.a(_arm_muldivdf3.o)
                0x08000568                __aeabi_dmul
                0x08000568                __muldf3
                0x080007bc                __divdf3
                0x080007bc                __aeabi_ddiv
 .text          0x0800098c       0xa0 D:/ST/STM32CubeIDE_1.15.1/STM32CubeIDE/plugins/com.st.stm32cube.ide.mcu.externaltools.gnu-tools-for-stm32.12.3.rel1.win32_1.0.100.202403111256/tools/bin/../lib/gcc/arm-none-eabi/12.3.1/thumb/v7e-m+fp/hard\libgcc.a(_arm_truncdfsf2.o)
                0x0800098c                __truncdfsf2
                0x0800098c                __aeabi_d2f
 .text          0x08000a2c       0x30 D:/ST/STM32CubeIDE_1.15.1/STM32CubeIDE/plugins/com.st.stm32cube.ide.mcu.externaltools.gnu-tools-for-stm32.12.3.rel1.win32_1.0.100.202403111256/tools/bin/../lib/gcc/arm-none-eabi/12.3.1/thumb/v7e-m+fp/hard\libgcc.a(_aeabi_uldivmod.o)
                0x08000a2c                __aeabi_uldivmod
 .text          0x08000a5c      0x2bc D:/ST/STM32CubeIDE_1.15.1/STM32CubeIDE/plugins/com.st.stm32cube.ide.mcu.externaltools.gnu-tools-for-stm32.12.3.rel1.win32_1.0.100.202403111256/tools/bin/../lib/gcc/arm-none-eabi/12.3.1/thumb/v7e-m+fp/hard\libgcc.a(_udivmoddi4.o)
                0x08000a5c                __udivmoddi4
 .text          0x08000d18        0x4 D:/ST/STM32CubeIDE_1.15.1/STM32CubeIDE/plugins/com.st.stm32cube.ide.mcu.externaltools.gnu-tools-for-stm32.12.3.rel1.win32_1.0.100.202403111256/tools/bin/../lib/gcc/arm-none-eabi/12.3.1/thumb/v7e-m+fp/hard\libgcc.a(_dvmd_tls.o)
                0x08000d18                __aeabi_idiv0
                0x08000d18                __aeabi_ldiv0
 *(.text*)
 .text.can_dual_init
                0x08000d1c       0x72 ./Bsp/Src/Bsp_can.o
                0x08000d1c                can_dual_init
 *fill*         0x08000d8e        0x2 
 .text.HAL_CAN_RxFifo0MsgPendingCallback
                0x08000d90      0x18c ./Bsp/Src/Bsp_can.o
                0x08000d90                HAL_CAN_RxFifo0MsgPendingCallback
 .text.set_motor_vaule
                0x08000f1c       0x94 ./Bsp/Src/Bsp_can.o
                0x08000f1c                set_motor_vaule
 .text.MX_CAN1_Init
                0x08000fb0       0x6c ./Core/Src/can.o
                0x08000fb0                MX_CAN1_Init
 .text.MX_CAN2_Init
                0x0800101c       0x6c ./Core/Src/can.o
                0x0800101c                MX_CAN2_Init
 .text.HAL_CAN_MspInit
                0x08001088      0x160 ./Core/Src/can.o
                0x08001088                HAL_CAN_MspInit
 .text.MX_GPIO_Init
                0x080011e8       0x88 ./Core/Src/gpio.o
                0x080011e8                MX_GPIO_Init
 .text.main     0x08001270       0x3c ./Core/Src/main.o
                0x08001270                main
 .text.SystemClock_Config
                0x080012ac       0xe0 ./Core/Src/main.o
                0x080012ac                SystemClock_Config
 .text.HAL_TIM_PeriodElapsedCallback
                0x0800138c       0xac ./Core/Src/main.o
                0x0800138c                HAL_TIM_PeriodElapsedCallback
 .text.motor_calc_M2006
                0x08001438       0xf8 ./Core/Src/main.o
                0x08001438                motor_calc_M2006
 .text.motor_calc_GM6020
                0x08001530       0xe4 ./Core/Src/main.o
                0x08001530                motor_calc_GM6020
 *fill*         0x08001614        0x4 
 .text.angle_calc_M2006
                0x08001618       0x88 ./Core/Src/main.o
                0x08001618                angle_calc_M2006
 .text.angle_calc_GM6020
                0x080016a0       0x74 ./Core/Src/main.o
                0x080016a0                angle_calc_GM6020
 .text.Error_Handler
                0x08001714        0xc ./Core/Src/main.o
                0x08001714                Error_Handler
 .text.HAL_MspInit
                0x08001720       0x50 ./Core/Src/stm32f4xx_hal_msp.o
                0x08001720                HAL_MspInit
 .text.NMI_Handler
                0x08001770        0x8 ./Core/Src/stm32f4xx_it.o
                0x08001770                NMI_Handler
 .text.HardFault_Handler
                0x08001778        0x8 ./Core/Src/stm32f4xx_it.o
                0x08001778                HardFault_Handler
 .text.MemManage_Handler
                0x08001780        0x8 ./Core/Src/stm32f4xx_it.o
                0x08001780                MemManage_Handler
 .text.BusFault_Handler
                0x08001788        0x8 ./Core/Src/stm32f4xx_it.o
                0x08001788                BusFault_Handler
 .text.UsageFault_Handler
                0x08001790        0x8 ./Core/Src/stm32f4xx_it.o
                0x08001790                UsageFault_Handler
 .text.SVC_Handler
                0x08001798        0xe ./Core/Src/stm32f4xx_it.o
                0x08001798                SVC_Handler
 .text.DebugMon_Handler
                0x080017a6        0xe ./Core/Src/stm32f4xx_it.o
                0x080017a6                DebugMon_Handler
 .text.PendSV_Handler
                0x080017b4        0xe ./Core/Src/stm32f4xx_it.o
                0x080017b4                PendSV_Handler
 .text.SysTick_Handler
                0x080017c2        0xc ./Core/Src/stm32f4xx_it.o
                0x080017c2                SysTick_Handler
 *fill*         0x080017ce        0x2 
 .text.CAN1_RX0_IRQHandler
                0x080017d0       0x14 ./Core/Src/stm32f4xx_it.o
                0x080017d0                CAN1_RX0_IRQHandler
 .text.CAN1_RX1_IRQHandler
                0x080017e4       0x14 ./Core/Src/stm32f4xx_it.o
                0x080017e4                CAN1_RX1_IRQHandler
 .text.TIM2_IRQHandler
                0x080017f8       0x14 ./Core/Src/stm32f4xx_it.o
                0x080017f8                TIM2_IRQHandler
 .text.SystemInit
                0x0800180c       0x24 ./Core/Src/system_stm32f4xx.o
                0x0800180c                SystemInit
 .text.MX_TIM2_Init
                0x08001830       0x98 ./Core/Src/tim.o
                0x08001830                MX_TIM2_Init
 .text.HAL_TIM_Base_MspInit
                0x080018c8       0x4c ./Core/Src/tim.o
                0x080018c8                HAL_TIM_Base_MspInit
 .text.Reset_Handler
                0x08001914       0x50 ./Core/Startup/startup_stm32f427iihx.o
                0x08001914                Reset_Handler
 .text.Default_Handler
                0x08001964        0x2 ./Core/Startup/startup_stm32f427iihx.o
                0x08001964                RTC_Alarm_IRQHandler
                0x08001964                HASH_RNG_IRQHandler
                0x08001964                EXTI2_IRQHandler
                0x08001964                TIM8_CC_IRQHandler
                0x08001964                UART8_IRQHandler
                0x08001964                SPI4_IRQHandler
                0x08001964                TIM1_CC_IRQHandler
                0x08001964                DMA2_Stream5_IRQHandler
                0x08001964                DMA1_Stream5_IRQHandler
                0x08001964                PVD_IRQHandler
                0x08001964                SDIO_IRQHandler
                0x08001964                TAMP_STAMP_IRQHandler
                0x08001964                CAN2_RX1_IRQHandler
                0x08001964                EXTI3_IRQHandler
                0x08001964                TIM8_TRG_COM_TIM14_IRQHandler
                0x08001964                TIM1_UP_TIM10_IRQHandler
                0x08001964                TIM8_UP_TIM13_IRQHandler
                0x08001964                I2C3_ER_IRQHandler
                0x08001964                EXTI0_IRQHandler
                0x08001964                I2C2_EV_IRQHandler
                0x08001964                DMA1_Stream2_IRQHandler
                0x08001964                FPU_IRQHandler
                0x08001964                OTG_HS_WKUP_IRQHandler
                0x08001964                CAN2_SCE_IRQHandler
                0x08001964                DMA2_Stream2_IRQHandler
                0x08001964                SPI1_IRQHandler
                0x08001964                TIM6_DAC_IRQHandler
                0x08001964                TIM1_BRK_TIM9_IRQHandler
                0x08001964                DCMI_IRQHandler
                0x08001964                CAN2_RX0_IRQHandler
                0x08001964                DMA2_Stream3_IRQHandler
                0x08001964                USART6_IRQHandler
                0x08001964                USART3_IRQHandler
                0x08001964                UART5_IRQHandler
                0x08001964                DMA2_Stream0_IRQHandler
                0x08001964                TIM4_IRQHandler
                0x08001964                I2C1_EV_IRQHandler
                0x08001964                DMA1_Stream6_IRQHandler
                0x08001964                DMA1_Stream1_IRQHandler
                0x08001964                UART4_IRQHandler
                0x08001964                TIM3_IRQHandler
                0x08001964                RCC_IRQHandler
                0x08001964                TIM8_BRK_TIM12_IRQHandler
                0x08001964                Default_Handler
                0x08001964                EXTI15_10_IRQHandler
                0x08001964                ADC_IRQHandler
                0x08001964                DMA1_Stream7_IRQHandler
                0x08001964                SPI5_IRQHandler
                0x08001964                TIM7_IRQHandler
                0x08001964                CAN2_TX_IRQHandler
                0x08001964                TIM5_IRQHandler
                0x08001964                DMA2_Stream7_IRQHandler
                0x08001964                I2C3_EV_IRQHandler
                0x08001964                EXTI9_5_IRQHandler
                0x08001964                RTC_WKUP_IRQHandler
                0x08001964                ETH_WKUP_IRQHandler
                0x08001964                SPI2_IRQHandler
                0x08001964                OTG_HS_EP1_IN_IRQHandler
                0x08001964                DMA1_Stream0_IRQHandler
                0x08001964                CAN1_TX_IRQHandler
                0x08001964                EXTI4_IRQHandler
                0x08001964                ETH_IRQHandler
                0x08001964                OTG_HS_EP1_OUT_IRQHandler
                0x08001964                WWDG_IRQHandler
                0x08001964                SPI6_IRQHandler
                0x08001964                OTG_FS_WKUP_IRQHandler
                0x08001964                TIM1_TRG_COM_TIM11_IRQHandler
                0x08001964                OTG_HS_IRQHandler
                0x08001964                DMA2D_IRQHandler
                0x08001964                EXTI1_IRQHandler
                0x08001964                UART7_IRQHandler
                0x08001964                USART2_IRQHandler
                0x08001964                I2C2_ER_IRQHandler
                0x08001964                DMA2_Stream1_IRQHandler
                0x08001964                CAN1_SCE_IRQHandler
                0x08001964                FLASH_IRQHandler
                0x08001964                DMA2_Stream4_IRQHandler
                0x08001964                USART1_IRQHandler
                0x08001964                OTG_FS_IRQHandler
                0x08001964                SPI3_IRQHandler
                0x08001964                DMA1_Stream4_IRQHandler
                0x08001964                I2C1_ER_IRQHandler
                0x08001964                FMC_IRQHandler
                0x08001964                DMA2_Stream6_IRQHandler
                0x08001964                SAI1_IRQHandler
                0x08001964                DMA1_Stream3_IRQHandler
 *fill*         0x08001966        0x2 
 .text.HAL_Init
                0x08001968       0x44 ./Drivers/STM32F4xx_HAL_Driver/Src/stm32f4xx_hal.o
                0x08001968                HAL_Init
 .text.HAL_InitTick
                0x080019ac       0x60 ./Drivers/STM32F4xx_HAL_Driver/Src/stm32f4xx_hal.o
                0x080019ac                HAL_InitTick
 .text.HAL_IncTick
                0x08001a0c       0x28 ./Drivers/STM32F4xx_HAL_Driver/Src/stm32f4xx_hal.o
                0x08001a0c                HAL_IncTick
 .text.HAL_GetTick
                0x08001a34       0x18 ./Drivers/STM32F4xx_HAL_Driver/Src/stm32f4xx_hal.o
                0x08001a34                HAL_GetTick
 .text.HAL_CAN_Init
                0x08001a4c      0x1f6 ./Drivers/STM32F4xx_HAL_Driver/Src/stm32f4xx_hal_can.o
                0x08001a4c                HAL_CAN_Init
 *fill*         0x08001c42        0x2 
 .text.HAL_CAN_ConfigFilter
                0x08001c44      0x1c0 ./Drivers/STM32F4xx_HAL_Driver/Src/stm32f4xx_hal_can.o
                0x08001c44                HAL_CAN_ConfigFilter
 .text.HAL_CAN_Start
                0x08001e04       0x88 ./Drivers/STM32F4xx_HAL_Driver/Src/stm32f4xx_hal_can.o
                0x08001e04                HAL_CAN_Start
 .text.HAL_CAN_AddTxMessage
                0x08001e8c      0x1a0 ./Drivers/STM32F4xx_HAL_Driver/Src/stm32f4xx_hal_can.o
                0x08001e8c                HAL_CAN_AddTxMessage
 .text.HAL_CAN_GetRxMessage
                0x0800202c      0x244 ./Drivers/STM32F4xx_HAL_Driver/Src/stm32f4xx_hal_can.o
                0x0800202c                HAL_CAN_GetRxMessage
 .text.HAL_CAN_ActivateNotification
                0x08002270       0x4c ./Drivers/STM32F4xx_HAL_Driver/Src/stm32f4xx_hal_can.o
                0x08002270                HAL_CAN_ActivateNotification
 .text.HAL_CAN_IRQHandler
                0x080022bc      0x36e ./Drivers/STM32F4xx_HAL_Driver/Src/stm32f4xx_hal_can.o
                0x080022bc                HAL_CAN_IRQHandler
 .text.HAL_CAN_TxMailbox0CompleteCallback
                0x0800262a       0x14 ./Drivers/STM32F4xx_HAL_Driver/Src/stm32f4xx_hal_can.o
                0x0800262a                HAL_CAN_TxMailbox0CompleteCallback
 .text.HAL_CAN_TxMailbox1CompleteCallback
                0x0800263e       0x14 ./Drivers/STM32F4xx_HAL_Driver/Src/stm32f4xx_hal_can.o
                0x0800263e                HAL_CAN_TxMailbox1CompleteCallback
 .text.HAL_CAN_TxMailbox2CompleteCallback
                0x08002652       0x14 ./Drivers/STM32F4xx_HAL_Driver/Src/stm32f4xx_hal_can.o
                0x08002652                HAL_CAN_TxMailbox2CompleteCallback
 .text.HAL_CAN_TxMailbox0AbortCallback
                0x08002666       0x14 ./Drivers/STM32F4xx_HAL_Driver/Src/stm32f4xx_hal_can.o
                0x08002666                HAL_CAN_TxMailbox0AbortCallback
 .text.HAL_CAN_TxMailbox1AbortCallback
                0x0800267a       0x14 ./Drivers/STM32F4xx_HAL_Driver/Src/stm32f4xx_hal_can.o
                0x0800267a                HAL_CAN_TxMailbox1AbortCallback
 .text.HAL_CAN_TxMailbox2AbortCallback
                0x0800268e       0x14 ./Drivers/STM32F4xx_HAL_Driver/Src/stm32f4xx_hal_can.o
                0x0800268e                HAL_CAN_TxMailbox2AbortCallback
 .text.HAL_CAN_RxFifo0FullCallback
                0x080026a2       0x14 ./Drivers/STM32F4xx_HAL_Driver/Src/stm32f4xx_hal_can.o
                0x080026a2                HAL_CAN_RxFifo0FullCallback
 .text.HAL_CAN_RxFifo1MsgPendingCallback
                0x080026b6       0x14 ./Drivers/STM32F4xx_HAL_Driver/Src/stm32f4xx_hal_can.o
                0x080026b6                HAL_CAN_RxFifo1MsgPendingCallback
 .text.HAL_CAN_RxFifo1FullCallback
                0x080026ca       0x14 ./Drivers/STM32F4xx_HAL_Driver/Src/stm32f4xx_hal_can.o
                0x080026ca                HAL_CAN_RxFifo1FullCallback
 .text.HAL_CAN_SleepCallback
                0x080026de       0x14 ./Drivers/STM32F4xx_HAL_Driver/Src/stm32f4xx_hal_can.o
                0x080026de                HAL_CAN_SleepCallback
 .text.HAL_CAN_WakeUpFromRxMsgCallback
                0x080026f2       0x14 ./Drivers/STM32F4xx_HAL_Driver/Src/stm32f4xx_hal_can.o
                0x080026f2                HAL_CAN_WakeUpFromRxMsgCallback
 .text.HAL_CAN_ErrorCallback
                0x08002706       0x14 ./Drivers/STM32F4xx_HAL_Driver/Src/stm32f4xx_hal_can.o
                0x08002706                HAL_CAN_ErrorCallback
 *fill*         0x0800271a        0x2 
 .text.__NVIC_SetPriorityGrouping
                0x0800271c       0x48 ./Drivers/STM32F4xx_HAL_Driver/Src/stm32f4xx_hal_cortex.o
 .text.__NVIC_GetPriorityGrouping
                0x08002764       0x1c ./Drivers/STM32F4xx_HAL_Driver/Src/stm32f4xx_hal_cortex.o
 .text.__NVIC_EnableIRQ
                0x08002780       0x3c ./Drivers/STM32F4xx_HAL_Driver/Src/stm32f4xx_hal_cortex.o
 .text.__NVIC_SetPriority
                0x080027bc       0x54 ./Drivers/STM32F4xx_HAL_Driver/Src/stm32f4xx_hal_cortex.o
 .text.NVIC_EncodePriority
                0x08002810       0x66 ./Drivers/STM32F4xx_HAL_Driver/Src/stm32f4xx_hal_cortex.o
 *fill*         0x08002876        0x2 
 .text.SysTick_Config
                0x08002878       0x44 ./Drivers/STM32F4xx_HAL_Driver/Src/stm32f4xx_hal_cortex.o
 .text.HAL_NVIC_SetPriorityGrouping
                0x080028bc       0x16 ./Drivers/STM32F4xx_HAL_Driver/Src/stm32f4xx_hal_cortex.o
                0x080028bc                HAL_NVIC_SetPriorityGrouping
 .text.HAL_NVIC_SetPriority
                0x080028d2       0x38 ./Drivers/STM32F4xx_HAL_Driver/Src/stm32f4xx_hal_cortex.o
                0x080028d2                HAL_NVIC_SetPriority
 .text.HAL_NVIC_EnableIRQ
                0x0800290a       0x1c ./Drivers/STM32F4xx_HAL_Driver/Src/stm32f4xx_hal_cortex.o
                0x0800290a                HAL_NVIC_EnableIRQ
 .text.HAL_SYSTICK_Config
                0x08002926       0x18 ./Drivers/STM32F4xx_HAL_Driver/Src/stm32f4xx_hal_cortex.o
                0x08002926                HAL_SYSTICK_Config
 *fill*         0x0800293e        0x2 
 .text.HAL_GPIO_Init
                0x08002940      0x358 ./Drivers/STM32F4xx_HAL_Driver/Src/stm32f4xx_hal_gpio.o
                0x08002940                HAL_GPIO_Init
 .text.HAL_PWREx_EnableOverDrive
                0x08002c98       0xa0 ./Drivers/STM32F4xx_HAL_Driver/Src/stm32f4xx_hal_pwr_ex.o
                0x08002c98                HAL_PWREx_EnableOverDrive
 .text.HAL_RCC_OscConfig
                0x08002d38      0x4f0 ./Drivers/STM32F4xx_HAL_Driver/Src/stm32f4xx_hal_rcc.o
                0x08002d38                HAL_RCC_OscConfig
 .text.HAL_RCC_ClockConfig
                0x08003228      0x1cc ./Drivers/STM32F4xx_HAL_Driver/Src/stm32f4xx_hal_rcc.o
                0x08003228                HAL_RCC_ClockConfig
 .text.HAL_RCC_GetSysClockFreq
                0x080033f4      0x18c ./Drivers/STM32F4xx_HAL_Driver/Src/stm32f4xx_hal_rcc.o
                0x080033f4                HAL_RCC_GetSysClockFreq
 .text.HAL_TIM_Base_Init
                0x08003580       0x9e ./Drivers/STM32F4xx_HAL_Driver/Src/stm32f4xx_hal_tim.o
                0x08003580                HAL_TIM_Base_Init
 *fill*         0x0800361e        0x2 
 .text.HAL_TIM_Base_Start_IT
                0x08003620       0xe0 ./Drivers/STM32F4xx_HAL_Driver/Src/stm32f4xx_hal_tim.o
                0x08003620                HAL_TIM_Base_Start_IT
 .text.HAL_TIM_IRQHandler
                0x08003700      0x1e0 ./Drivers/STM32F4xx_HAL_Driver/Src/stm32f4xx_hal_tim.o
                0x08003700                HAL_TIM_IRQHandler
 .text.HAL_TIM_ConfigClockSource
                0x080038e0      0x18e ./Drivers/STM32F4xx_HAL_Driver/Src/stm32f4xx_hal_tim.o
                0x080038e0                HAL_TIM_ConfigClockSource
 .text.HAL_TIM_OC_DelayElapsedCallback
                0x08003a6e       0x14 ./Drivers/STM32F4xx_HAL_Driver/Src/stm32f4xx_hal_tim.o
                0x08003a6e                HAL_TIM_OC_DelayElapsedCallback
 .text.HAL_TIM_IC_CaptureCallback
                0x08003a82       0x14 ./Drivers/STM32F4xx_HAL_Driver/Src/stm32f4xx_hal_tim.o
                0x08003a82                HAL_TIM_IC_CaptureCallback
 .text.HAL_TIM_PWM_PulseFinishedCallback
                0x08003a96       0x14 ./Drivers/STM32F4xx_HAL_Driver/Src/stm32f4xx_hal_tim.o
                0x08003a96                HAL_TIM_PWM_PulseFinishedCallback
 .text.HAL_TIM_TriggerCallback
                0x08003aaa       0x14 ./Drivers/STM32F4xx_HAL_Driver/Src/stm32f4xx_hal_tim.o
                0x08003aaa                HAL_TIM_TriggerCallback
 *fill*         0x08003abe        0x2 
 .text.TIM_Base_SetConfig
                0x08003ac0      0x158 ./Drivers/STM32F4xx_HAL_Driver/Src/stm32f4xx_hal_tim.o
                0x08003ac0                TIM_Base_SetConfig
 .text.TIM_TI1_ConfigInputStage
                0x08003c18       0x5e ./Drivers/STM32F4xx_HAL_Driver/Src/stm32f4xx_hal_tim.o
 .text.TIM_TI2_ConfigInputStage
                0x08003c76       0x60 ./Drivers/STM32F4xx_HAL_Driver/Src/stm32f4xx_hal_tim.o
 .text.TIM_ITRx_SetConfig
                0x08003cd6       0x36 ./Drivers/STM32F4xx_HAL_Driver/Src/stm32f4xx_hal_tim.o
 .text.TIM_ETR_SetConfig
                0x08003d0c       0x40 ./Drivers/STM32F4xx_HAL_Driver/Src/stm32f4xx_hal_tim.o
                0x08003d0c                TIM_ETR_SetConfig
 .text.HAL_TIMEx_MasterConfigSynchronization
                0x08003d4c       0xf8 ./Drivers/STM32F4xx_HAL_Driver/Src/stm32f4xx_hal_tim_ex.o
                0x08003d4c                HAL_TIMEx_MasterConfigSynchronization
 .text.HAL_TIMEx_CommutCallback
                0x08003e44       0x14 ./Drivers/STM32F4xx_HAL_Driver/Src/stm32f4xx_hal_tim_ex.o
                0x08003e44                HAL_TIMEx_CommutCallback
 .text.HAL_TIMEx_BreakCallback
                0x08003e58       0x14 ./Drivers/STM32F4xx_HAL_Driver/Src/stm32f4xx_hal_tim_ex.o
                0x08003e58                HAL_TIMEx_BreakCallback
 .text.memset   0x08003e6c       0x10 D:/ST/STM32CubeIDE_1.15.1/STM32CubeIDE/plugins/com.st.stm32cube.ide.mcu.externaltools.gnu-tools-for-stm32.12.3.rel1.win32_1.0.100.202403111256/tools/bin/../lib/gcc/arm-none-eabi/12.3.1/../../../../arm-none-eabi/lib/thumb/v7e-m+fp/hard\libc_nano.a(libc_a-memset.o)
                0x08003e6c                memset
 .text.__libc_init_array
                0x08003e7c       0x48 D:/ST/STM32CubeIDE_1.15.1/STM32CubeIDE/plugins/com.st.stm32cube.ide.mcu.externaltools.gnu-tools-for-stm32.12.3.rel1.win32_1.0.100.202403111256/tools/bin/../lib/gcc/arm-none-eabi/12.3.1/../../../../arm-none-eabi/lib/thumb/v7e-m+fp/hard\libc_nano.a(libc_a-init.o)
                0x08003e7c                __libc_init_array
 *(.glue_7)
 .glue_7        0x08003ec4        0x0 linker stubs
 *(.glue_7t)
 .glue_7t       0x08003ec4        0x0 linker stubs
 *(.eh_frame)
 .eh_frame      0x08003ec4        0x0 D:/ST/STM32CubeIDE_1.15.1/STM32CubeIDE/plugins/com.st.stm32cube.ide.mcu.externaltools.gnu-tools-for-stm32.12.3.rel1.win32_1.0.100.202403111256/tools/bin/../lib/gcc/arm-none-eabi/12.3.1/thumb/v7e-m+fp/hard/crtbegin.o
 *(.init)
 .init          0x08003ec4        0x4 D:/ST/STM32CubeIDE_1.15.1/STM32CubeIDE/plugins/com.st.stm32cube.ide.mcu.externaltools.gnu-tools-for-stm32.12.3.rel1.win32_1.0.100.202403111256/tools/bin/../lib/gcc/arm-none-eabi/12.3.1/thumb/v7e-m+fp/hard/crti.o
                0x08003ec4                _init
 .init          0x08003ec8        0x8 D:/ST/STM32CubeIDE_1.15.1/STM32CubeIDE/plugins/com.st.stm32cube.ide.mcu.externaltools.gnu-tools-for-stm32.12.3.rel1.win32_1.0.100.202403111256/tools/bin/../lib/gcc/arm-none-eabi/12.3.1/thumb/v7e-m+fp/hard/crtn.o
 *(.fini)
 .fini          0x08003ed0        0x4 D:/ST/STM32CubeIDE_1.15.1/STM32CubeIDE/plugins/com.st.stm32cube.ide.mcu.externaltools.gnu-tools-for-stm32.12.3.rel1.win32_1.0.100.202403111256/tools/bin/../lib/gcc/arm-none-eabi/12.3.1/thumb/v7e-m+fp/hard/crti.o
                0x08003ed0                _fini
 .fini          0x08003ed4        0x8 D:/ST/STM32CubeIDE_1.15.1/STM32CubeIDE/plugins/com.st.stm32cube.ide.mcu.externaltools.gnu-tools-for-stm32.12.3.rel1.win32_1.0.100.202403111256/tools/bin/../lib/gcc/arm-none-eabi/12.3.1/thumb/v7e-m+fp/hard/crtn.o
                0x08003edc                        . = ALIGN (0x4)
                0x08003edc                        _etext = .

.vfp11_veneer   0x08003edc        0x0
 .vfp11_veneer  0x08003edc        0x0 linker stubs

.v4_bx          0x08003edc        0x0
 .v4_bx         0x08003edc        0x0 linker stubs

.iplt           0x08003edc        0x0
 .iplt          0x08003edc        0x0 D:/ST/STM32CubeIDE_1.15.1/STM32CubeIDE/plugins/com.st.stm32cube.ide.mcu.externaltools.gnu-tools-for-stm32.12.3.rel1.win32_1.0.100.202403111256/tools/bin/../lib/gcc/arm-none-eabi/12.3.1/thumb/v7e-m+fp/hard/crtbegin.o

.rodata         0x08003edc       0x10
                0x08003edc                        . = ALIGN (0x4)
 *(.rodata)
 *(.rodata*)
 .rodata.AHBPrescTable
                0x08003edc       0x10 ./Core/Src/system_stm32f4xx.o
                0x08003edc                AHBPrescTable
                0x08003eec                        . = ALIGN (0x4)

.ARM.extab      0x08003eec        0x0
                0x08003eec                        . = ALIGN (0x4)
 *(.ARM.extab* .gnu.linkonce.armextab.*)
                0x08003eec                        . = ALIGN (0x4)

.ARM            0x08003eec        0x8
                0x08003eec                        . = ALIGN (0x4)
                0x08003eec                        __exidx_start = .
 *(.ARM.exidx*)
 .ARM.exidx     0x08003eec        0x8 D:/ST/STM32CubeIDE_1.15.1/STM32CubeIDE/plugins/com.st.stm32cube.ide.mcu.externaltools.gnu-tools-for-stm32.12.3.rel1.win32_1.0.100.202403111256/tools/bin/../lib/gcc/arm-none-eabi/12.3.1/thumb/v7e-m+fp/hard\libgcc.a(_udivmoddi4.o)
                0x08003ef4                        __exidx_end = .
                0x08003ef4                        . = ALIGN (0x4)

.preinit_array  0x08003ef4        0x0
                0x08003ef4                        . = ALIGN (0x4)
                0x08003ef4                        PROVIDE (__preinit_array_start = .)
 *(.preinit_array*)
                0x08003ef4                        PROVIDE (__preinit_array_end = .)
                0x08003ef4                        . = ALIGN (0x4)

.init_array     0x08003ef4        0x4
                0x08003ef4                        . = ALIGN (0x4)
                0x08003ef4                        PROVIDE (__init_array_start = .)
 *(SORT_BY_NAME(.init_array.*))
 *(.init_array*)
 .init_array    0x08003ef4        0x4 D:/ST/STM32CubeIDE_1.15.1/STM32CubeIDE/plugins/com.st.stm32cube.ide.mcu.externaltools.gnu-tools-for-stm32.12.3.rel1.win32_1.0.100.202403111256/tools/bin/../lib/gcc/arm-none-eabi/12.3.1/thumb/v7e-m+fp/hard/crtbegin.o
                0x08003ef8                        PROVIDE (__init_array_end = .)
                0x08003ef8                        . = ALIGN (0x4)

.fini_array     0x08003ef8        0x4
                0x08003ef8                        . = ALIGN (0x4)
                [!provide]                        PROVIDE (__fini_array_start = .)
 *(SORT_BY_NAME(.fini_array.*))
 *(.fini_array*)
 .fini_array    0x08003ef8        0x4 D:/ST/STM32CubeIDE_1.15.1/STM32CubeIDE/plugins/com.st.stm32cube.ide.mcu.externaltools.gnu-tools-for-stm32.12.3.rel1.win32_1.0.100.202403111256/tools/bin/../lib/gcc/arm-none-eabi/12.3.1/thumb/v7e-m+fp/hard/crtbegin.o
                [!provide]                        PROVIDE (__fini_array_end = .)
                0x08003efc                        . = ALIGN (0x4)
                0x08003efc                        _sidata = LOADADDR (.data)

.rel.dyn        0x08003efc        0x0
 .rel.iplt      0x08003efc        0x0 D:/ST/STM32CubeIDE_1.15.1/STM32CubeIDE/plugins/com.st.stm32cube.ide.mcu.externaltools.gnu-tools-for-stm32.12.3.rel1.win32_1.0.100.202403111256/tools/bin/../lib/gcc/arm-none-eabi/12.3.1/thumb/v7e-m+fp/hard/crtbegin.o

.data           0x20000000       0x24 load address 0x08003efc
                0x20000000                        . = ALIGN (0x4)
                0x20000000                        _sdata = .
 *(.data)
 *(.data*)
 .data.desired_speed
                0x20000000       0x14 ./Core/Src/main.o
                0x20000000                desired_speed
 .data.flag     0x20000014        0x4 ./Core/Src/main.o
                0x20000014                flag
 .data.SystemCoreClock
                0x20000018        0x4 ./Core/Src/system_stm32f4xx.o
                0x20000018                SystemCoreClock
 .data.uwTickPrio
                0x2000001c        0x4 ./Drivers/STM32F4xx_HAL_Driver/Src/stm32f4xx_hal.o
                0x2000001c                uwTickPrio
 .data.uwTickFreq
                0x20000020        0x1 ./Drivers/STM32F4xx_HAL_Driver/Src/stm32f4xx_hal.o
                0x20000020                uwTickFreq
 *(.RamFunc)
 *(.RamFunc*)
                0x20000024                        . = ALIGN (0x4)
 *fill*         0x20000021        0x3 
                0x20000024                        _edata = .
                0x08003f20                        _siccmram = LOADADDR (.ccmram)

.igot.plt       0x20000024        0x0 load address 0x08003f20
 .igot.plt      0x20000024        0x0 D:/ST/STM32CubeIDE_1.15.1/STM32CubeIDE/plugins/com.st.stm32cube.ide.mcu.externaltools.gnu-tools-for-stm32.12.3.rel1.win32_1.0.100.202403111256/tools/bin/../lib/gcc/arm-none-eabi/12.3.1/thumb/v7e-m+fp/hard/crtbegin.o

.ccmram         0x10000000        0x0 load address 0x08003f20
                0x10000000                        . = ALIGN (0x4)
                0x10000000                        _sccmram = .
 *(.ccmram)
 *(.ccmram*)
                0x10000000                        . = ALIGN (0x4)
                0x10000000                        _eccmram = .
                0x10000000                        . = ALIGN (0x4)

.bss            0x20000024      0x17c
                0x20000024                        _sbss = .
                0x20000024                        __bss_start__ = _sbss
 *(.bss)
 .bss           0x20000024       0x1c D:/ST/STM32CubeIDE_1.15.1/STM32CubeIDE/plugins/com.st.stm32cube.ide.mcu.externaltools.gnu-tools-for-stm32.12.3.rel1.win32_1.0.100.202403111256/tools/bin/../lib/gcc/arm-none-eabi/12.3.1/thumb/v7e-m+fp/hard/crtbegin.o
 *(.bss*)
 .bss.motor_info
                0x20000040       0x54 ./Bsp/Src/Bsp_can.o
                0x20000040                motor_info
 .bss.can_cnt   0x20000094        0x2 ./Bsp/Src/Bsp_can.o
                0x20000094                can_cnt
 *fill*         0x20000096        0x2 
 .bss.hcan1     0x20000098       0x28 ./Core/Src/can.o
                0x20000098                hcan1
 .bss.hcan2     0x200000c0       0x28 ./Core/Src/can.o
                0x200000c0                hcan2
 .bss.HAL_RCC_CAN1_CLK_ENABLED
                0x200000e8        0x4 ./Core/Src/can.o
 .bss.target_speed
                0x200000ec       0x14 ./Core/Src/main.o
                0x200000ec                target_speed
 .bss.target_position
                0x20000100       0x14 ./Core/Src/main.o
                0x20000100                target_position
 .bss.last_angle
                0x20000114       0x14 ./Core/Src/main.o
                0x20000114                last_angle
 .bss.overflowNum
                0x20000128       0x14 ./Core/Src/main.o
                0x20000128                overflowNum
 .bss.angle_sum
                0x2000013c       0x14 ./Core/Src/main.o
                0x2000013c                angle_sum
 .bss.flag_2    0x20000150        0x4 ./Core/Src/main.o
                0x20000150                flag_2
 .bss.htim2     0x20000154       0x48 ./Core/Src/tim.o
                0x20000154                htim2
 .bss.uwTick    0x2000019c        0x4 ./Drivers/STM32F4xx_HAL_Driver/Src/stm32f4xx_hal.o
                0x2000019c                uwTick
 *(COMMON)
                0x200001a0                        . = ALIGN (0x4)
                0x200001a0                        _ebss = .
                0x200001a0                        __bss_end__ = _ebss

._user_heap_stack
                0x200001a0      0x600
                0x200001a0                        . = ALIGN (0x8)
                [!provide]                        PROVIDE (end = .)
                0x200001a0                        PROVIDE (_end = .)
                0x200003a0                        . = (. + _Min_Heap_Size)
 *fill*         0x200001a0      0x200 
                0x200007a0                        . = (. + _Min_Stack_Size)
 *fill*         0x200003a0      0x400 
                0x200007a0                        . = ALIGN (0x8)

/DISCARD/
 libc.a(*)
 libm.a(*)
 libgcc.a(*)

.ARM.attributes
                0x00000000       0x30
 *(.ARM.attributes)
 .ARM.attributes
                0x00000000       0x22 D:/ST/STM32CubeIDE_1.15.1/STM32CubeIDE/plugins/com.st.stm32cube.ide.mcu.externaltools.gnu-tools-for-stm32.12.3.rel1.win32_1.0.100.202403111256/tools/bin/../lib/gcc/arm-none-eabi/12.3.1/thumb/v7e-m+fp/hard/crti.o
 .ARM.attributes
                0x00000022       0x34 D:/ST/STM32CubeIDE_1.15.1/STM32CubeIDE/plugins/com.st.stm32cube.ide.mcu.externaltools.gnu-tools-for-stm32.12.3.rel1.win32_1.0.100.202403111256/tools/bin/../lib/gcc/arm-none-eabi/12.3.1/thumb/v7e-m+fp/hard/crtbegin.o
 .ARM.attributes
                0x00000056       0x34 ./Bsp/Src/Bsp_can.o
 .ARM.attributes
                0x0000008a       0x34 ./Core/Src/can.o
 .ARM.attributes
                0x000000be       0x34 ./Core/Src/gpio.o
 .ARM.attributes
                0x000000f2       0x34 ./Core/Src/main.o
 .ARM.attributes
                0x00000126       0x34 ./Core/Src/stm32f4xx_hal_msp.o
 .ARM.attributes
                0x0000015a       0x34 ./Core/Src/stm32f4xx_it.o
 .ARM.attributes
                0x0000018e       0x34 ./Core/Src/system_stm32f4xx.o
 .ARM.attributes
                0x000001c2       0x34 ./Core/Src/tim.o
 .ARM.attributes
                0x000001f6       0x21 ./Core/Startup/startup_stm32f427iihx.o
 .ARM.attributes
                0x00000217       0x34 ./Drivers/STM32F4xx_HAL_Driver/Src/stm32f4xx_hal.o
 .ARM.attributes
                0x0000024b       0x34 ./Drivers/STM32F4xx_HAL_Driver/Src/stm32f4xx_hal_can.o
 .ARM.attributes
                0x0000027f       0x34 ./Drivers/STM32F4xx_HAL_Driver/Src/stm32f4xx_hal_cortex.o
 .ARM.attributes
                0x000002b3       0x34 ./Drivers/STM32F4xx_HAL_Driver/Src/stm32f4xx_hal_gpio.o
 .ARM.attributes
                0x000002e7       0x34 ./Drivers/STM32F4xx_HAL_Driver/Src/stm32f4xx_hal_pwr_ex.o
 .ARM.attributes
                0x0000031b       0x34 ./Drivers/STM32F4xx_HAL_Driver/Src/stm32f4xx_hal_rcc.o
 .ARM.attributes
                0x0000034f       0x34 ./Drivers/STM32F4xx_HAL_Driver/Src/stm32f4xx_hal_tim.o
 .ARM.attributes
                0x00000383       0x34 ./Drivers/STM32F4xx_HAL_Driver/Src/stm32f4xx_hal_tim_ex.o
 .ARM.attributes
                0x000003b7       0x34 D:/ST/STM32CubeIDE_1.15.1/STM32CubeIDE/plugins/com.st.stm32cube.ide.mcu.externaltools.gnu-tools-for-stm32.12.3.rel1.win32_1.0.100.202403111256/tools/bin/../lib/gcc/arm-none-eabi/12.3.1/../../../../arm-none-eabi/lib/thumb/v7e-m+fp/hard\libc_nano.a(libc_a-memset.o)
 .ARM.attributes
                0x000003eb       0x34 D:/ST/STM32CubeIDE_1.15.1/STM32CubeIDE/plugins/com.st.stm32cube.ide.mcu.externaltools.gnu-tools-for-stm32.12.3.rel1.win32_1.0.100.202403111256/tools/bin/../lib/gcc/arm-none-eabi/12.3.1/../../../../arm-none-eabi/lib/thumb/v7e-m+fp/hard\libc_nano.a(libc_a-init.o)
 .ARM.attributes
                0x0000041f       0x22 D:/ST/STM32CubeIDE_1.15.1/STM32CubeIDE/plugins/com.st.stm32cube.ide.mcu.externaltools.gnu-tools-for-stm32.12.3.rel1.win32_1.0.100.202403111256/tools/bin/../lib/gcc/arm-none-eabi/12.3.1/thumb/v7e-m+fp/hard\libgcc.a(_arm_addsubdf3.o)
 .ARM.attributes
                0x00000441       0x22 D:/ST/STM32CubeIDE_1.15.1/STM32CubeIDE/plugins/com.st.stm32cube.ide.mcu.externaltools.gnu-tools-for-stm32.12.3.rel1.win32_1.0.100.202403111256/tools/bin/../lib/gcc/arm-none-eabi/12.3.1/thumb/v7e-m+fp/hard\libgcc.a(_arm_muldivdf3.o)
 .ARM.attributes
                0x00000463       0x22 D:/ST/STM32CubeIDE_1.15.1/STM32CubeIDE/plugins/com.st.stm32cube.ide.mcu.externaltools.gnu-tools-for-stm32.12.3.rel1.win32_1.0.100.202403111256/tools/bin/../lib/gcc/arm-none-eabi/12.3.1/thumb/v7e-m+fp/hard\libgcc.a(_arm_truncdfsf2.o)
 .ARM.attributes
                0x00000485       0x22 D:/ST/STM32CubeIDE_1.15.1/STM32CubeIDE/plugins/com.st.stm32cube.ide.mcu.externaltools.gnu-tools-for-stm32.12.3.rel1.win32_1.0.100.202403111256/tools/bin/../lib/gcc/arm-none-eabi/12.3.1/thumb/v7e-m+fp/hard\libgcc.a(_aeabi_uldivmod.o)
 .ARM.attributes
                0x000004a7       0x34 D:/ST/STM32CubeIDE_1.15.1/STM32CubeIDE/plugins/com.st.stm32cube.ide.mcu.externaltools.gnu-tools-for-stm32.12.3.rel1.win32_1.0.100.202403111256/tools/bin/../lib/gcc/arm-none-eabi/12.3.1/thumb/v7e-m+fp/hard\libgcc.a(_udivmoddi4.o)
 .ARM.attributes
                0x000004db       0x22 D:/ST/STM32CubeIDE_1.15.1/STM32CubeIDE/plugins/com.st.stm32cube.ide.mcu.externaltools.gnu-tools-for-stm32.12.3.rel1.win32_1.0.100.202403111256/tools/bin/../lib/gcc/arm-none-eabi/12.3.1/thumb/v7e-m+fp/hard\libgcc.a(_dvmd_tls.o)
 .ARM.attributes
                0x000004fd       0x22 D:/ST/STM32CubeIDE_1.15.1/STM32CubeIDE/plugins/com.st.stm32cube.ide.mcu.externaltools.gnu-tools-for-stm32.12.3.rel1.win32_1.0.100.202403111256/tools/bin/../lib/gcc/arm-none-eabi/12.3.1/thumb/v7e-m+fp/hard/crtn.o
OUTPUT(M20062.elf elf32-littlearm)
LOAD linker stubs
LOAD D:/ST/STM32CubeIDE_1.15.1/STM32CubeIDE/plugins/com.st.stm32cube.ide.mcu.externaltools.gnu-tools-for-stm32.12.3.rel1.win32_1.0.100.202403111256/tools/bin/../lib/gcc/arm-none-eabi/12.3.1/../../../../arm-none-eabi/lib/thumb/v7e-m+fp/hard\libc.a
LOAD D:/ST/STM32CubeIDE_1.15.1/STM32CubeIDE/plugins/com.st.stm32cube.ide.mcu.externaltools.gnu-tools-for-stm32.12.3.rel1.win32_1.0.100.202403111256/tools/bin/../lib/gcc/arm-none-eabi/12.3.1/../../../../arm-none-eabi/lib/thumb/v7e-m+fp/hard\libm.a
LOAD D:/ST/STM32CubeIDE_1.15.1/STM32CubeIDE/plugins/com.st.stm32cube.ide.mcu.externaltools.gnu-tools-for-stm32.12.3.rel1.win32_1.0.100.202403111256/tools/bin/../lib/gcc/arm-none-eabi/12.3.1/thumb/v7e-m+fp/hard\libgcc.a

.debug_info     0x00000000     0xc522
 .debug_info    0x00000000      0x8e4 ./Bsp/Src/Bsp_can.o
 .debug_info    0x000008e4      0xb84 ./Core/Src/can.o
 .debug_info    0x00001468      0x2b7 ./Core/Src/gpio.o
 .debug_info    0x0000171f     0x13ba ./Core/Src/main.o
 .debug_info    0x00002ad9      0x281 ./Core/Src/stm32f4xx_hal_msp.o
 .debug_info    0x00002d5a      0xad6 ./Core/Src/stm32f4xx_it.o
 .debug_info    0x00003830      0x52e ./Core/Src/system_stm32f4xx.o
 .debug_info    0x00003d5e      0xc49 ./Core/Src/tim.o
 .debug_info    0x000049a7       0x30 ./Core/Startup/startup_stm32f427iihx.o
 .debug_info    0x000049d7      0x9ae ./Drivers/STM32F4xx_HAL_Driver/Src/stm32f4xx_hal.o
 .debug_info    0x00005385      0xf42 ./Drivers/STM32F4xx_HAL_Driver/Src/stm32f4xx_hal_can.o
 .debug_info    0x000062c7      0xd81 ./Drivers/STM32F4xx_HAL_Driver/Src/stm32f4xx_hal_cortex.o
 .debug_info    0x00007048      0x6db ./Drivers/STM32F4xx_HAL_Driver/Src/stm32f4xx_hal_gpio.o
 .debug_info    0x00007723      0x6be ./Drivers/STM32F4xx_HAL_Driver/Src/stm32f4xx_hal_pwr_ex.o
 .debug_info    0x00007de1      0x8c9 ./Drivers/STM32F4xx_HAL_Driver/Src/stm32f4xx_hal_rcc.o
 .debug_info    0x000086aa     0x299d ./Drivers/STM32F4xx_HAL_Driver/Src/stm32f4xx_hal_tim.o
 .debug_info    0x0000b047     0x14db ./Drivers/STM32F4xx_HAL_Driver/Src/stm32f4xx_hal_tim_ex.o

.debug_abbrev   0x00000000     0x210f
 .debug_abbrev  0x00000000      0x1ef ./Bsp/Src/Bsp_can.o
 .debug_abbrev  0x000001ef      0x225 ./Core/Src/can.o
 .debug_abbrev  0x00000414       0xd8 ./Core/Src/gpio.o
 .debug_abbrev  0x000004ec      0x352 ./Core/Src/main.o
 .debug_abbrev  0x0000083e       0xd8 ./Core/Src/stm32f4xx_hal_msp.o
 .debug_abbrev  0x00000916      0x1da ./Core/Src/stm32f4xx_it.o
 .debug_abbrev  0x00000af0      0x11a ./Core/Src/system_stm32f4xx.o
 .debug_abbrev  0x00000c0a      0x1f7 ./Core/Src/tim.o
 .debug_abbrev  0x00000e01       0x24 ./Core/Startup/startup_stm32f427iihx.o
 .debug_abbrev  0x00000e25      0x214 ./Drivers/STM32F4xx_HAL_Driver/Src/stm32f4xx_hal.o
 .debug_abbrev  0x00001039      0x25a ./Drivers/STM32F4xx_HAL_Driver/Src/stm32f4xx_hal_can.o
 .debug_abbrev  0x00001293      0x328 ./Drivers/STM32F4xx_HAL_Driver/Src/stm32f4xx_hal_cortex.o
 .debug_abbrev  0x000015bb      0x1d4 ./Drivers/STM32F4xx_HAL_Driver/Src/stm32f4xx_hal_gpio.o
 .debug_abbrev  0x0000178f      0x1cf ./Drivers/STM32F4xx_HAL_Driver/Src/stm32f4xx_hal_pwr_ex.o
 .debug_abbrev  0x0000195e      0x2b6 ./Drivers/STM32F4xx_HAL_Driver/Src/stm32f4xx_hal_rcc.o
 .debug_abbrev  0x00001c14      0x278 ./Drivers/STM32F4xx_HAL_Driver/Src/stm32f4xx_hal_tim.o
 .debug_abbrev  0x00001e8c      0x283 ./Drivers/STM32F4xx_HAL_Driver/Src/stm32f4xx_hal_tim_ex.o

.debug_aranges  0x00000000      0xbe8
 .debug_aranges
                0x00000000       0x30 ./Bsp/Src/Bsp_can.o
 .debug_aranges
                0x00000030       0x38 ./Core/Src/can.o
 .debug_aranges
                0x00000068       0x20 ./Core/Src/gpio.o
 .debug_aranges
                0x00000088       0x78 ./Core/Src/main.o
 .debug_aranges
                0x00000100       0x20 ./Core/Src/stm32f4xx_hal_msp.o
 .debug_aranges
                0x00000120       0x78 ./Core/Src/stm32f4xx_it.o
 .debug_aranges
                0x00000198       0x28 ./Core/Src/system_stm32f4xx.o
 .debug_aranges
                0x000001c0       0x30 ./Core/Src/tim.o
 .debug_aranges
                0x000001f0       0x28 ./Core/Startup/startup_stm32f427iihx.o
 .debug_aranges
                0x00000218      0x100 ./Drivers/STM32F4xx_HAL_Driver/Src/stm32f4xx_hal.o
 .debug_aranges
                0x00000318      0x138 ./Drivers/STM32F4xx_HAL_Driver/Src/stm32f4xx_hal_can.o
 .debug_aranges
                0x00000450      0x120 ./Drivers/STM32F4xx_HAL_Driver/Src/stm32f4xx_hal_cortex.o
 .debug_aranges
                0x00000570       0x58 ./Drivers/STM32F4xx_HAL_Driver/Src/stm32f4xx_hal_gpio.o
 .debug_aranges
                0x000005c8       0x60 ./Drivers/STM32F4xx_HAL_Driver/Src/stm32f4xx_hal_pwr_ex.o
 .debug_aranges
                0x00000628       0x88 ./Drivers/STM32F4xx_HAL_Driver/Src/stm32f4xx_hal_rcc.o
 .debug_aranges
                0x000006b0      0x3d0 ./Drivers/STM32F4xx_HAL_Driver/Src/stm32f4xx_hal_tim.o
 .debug_aranges
                0x00000a80      0x168 ./Drivers/STM32F4xx_HAL_Driver/Src/stm32f4xx_hal_tim_ex.o

.debug_rnglists
                0x00000000      0x919
 .debug_rnglists
                0x00000000       0x21 ./Bsp/Src/Bsp_can.o
 .debug_rnglists
                0x00000021       0x27 ./Core/Src/can.o
 .debug_rnglists
                0x00000048       0x14 ./Core/Src/gpio.o
 .debug_rnglists
                0x0000005c       0x5a ./Core/Src/main.o
 .debug_rnglists
                0x000000b6       0x13 ./Core/Src/stm32f4xx_hal_msp.o
 .debug_rnglists
                0x000000c9       0x55 ./Core/Src/stm32f4xx_it.o
 .debug_rnglists
                0x0000011e       0x1a ./Core/Src/system_stm32f4xx.o
 .debug_rnglists
                0x00000138       0x20 ./Core/Src/tim.o
 .debug_rnglists
                0x00000158       0x19 ./Core/Startup/startup_stm32f427iihx.o
 .debug_rnglists
                0x00000171       0xbb ./Drivers/STM32F4xx_HAL_Driver/Src/stm32f4xx_hal.o
 .debug_rnglists
                0x0000022c       0xee ./Drivers/STM32F4xx_HAL_Driver/Src/stm32f4xx_hal_can.o
 .debug_rnglists
                0x0000031a       0xd4 ./Drivers/STM32F4xx_HAL_Driver/Src/stm32f4xx_hal_cortex.o
 .debug_rnglists
                0x000003ee       0x3f ./Drivers/STM32F4xx_HAL_Driver/Src/stm32f4xx_hal_gpio.o
 .debug_rnglists
                0x0000042d       0x47 ./Drivers/STM32F4xx_HAL_Driver/Src/stm32f4xx_hal_pwr_ex.o
 .debug_rnglists
                0x00000474       0x66 ./Drivers/STM32F4xx_HAL_Driver/Src/stm32f4xx_hal_rcc.o
 .debug_rnglists
                0x000004da      0x31a ./Drivers/STM32F4xx_HAL_Driver/Src/stm32f4xx_hal_tim.o
 .debug_rnglists
                0x000007f4      0x125 ./Drivers/STM32F4xx_HAL_Driver/Src/stm32f4xx_hal_tim_ex.o

.debug_macro    0x00000000    0x22bd9
 .debug_macro   0x00000000      0x1f1 ./Bsp/Src/Bsp_can.o
 .debug_macro   0x000001f1      0xab4 ./Bsp/Src/Bsp_can.o
 .debug_macro   0x00000ca5      0x29b ./Bsp/Src/Bsp_can.o
 .debug_macro   0x00000f40       0x2e ./Bsp/Src/Bsp_can.o
 .debug_macro   0x00000f6e       0x28 ./Bsp/Src/Bsp_can.o
 .debug_macro   0x00000f96       0x22 ./Bsp/Src/Bsp_can.o
 .debug_macro   0x00000fb8       0x8e ./Bsp/Src/Bsp_can.o
 .debug_macro   0x00001046       0x51 ./Bsp/Src/Bsp_can.o
 .debug_macro   0x00001097      0x103 ./Bsp/Src/Bsp_can.o
 .debug_macro   0x0000119a       0x6a ./Bsp/Src/Bsp_can.o
 .debug_macro   0x00001204      0x1df ./Bsp/Src/Bsp_can.o
 .debug_macro   0x000013e3       0x1c ./Bsp/Src/Bsp_can.o
 .debug_macro   0x000013ff       0x22 ./Bsp/Src/Bsp_can.o
 .debug_macro   0x00001421       0xfb ./Bsp/Src/Bsp_can.o
 .debug_macro   0x0000151c     0x1011 ./Bsp/Src/Bsp_can.o
 .debug_macro   0x0000252d      0x11f ./Bsp/Src/Bsp_can.o
 .debug_macro   0x0000264c    0x178b5 ./Bsp/Src/Bsp_can.o
 .debug_macro   0x00019f01       0x6d ./Bsp/Src/Bsp_can.o
 .debug_macro   0x00019f6e     0x3703 ./Bsp/Src/Bsp_can.o
 .debug_macro   0x0001d671      0x189 ./Bsp/Src/Bsp_can.o
 .debug_macro   0x0001d7fa       0x5c ./Bsp/Src/Bsp_can.o
 .debug_macro   0x0001d856      0xc82 ./Bsp/Src/Bsp_can.o
 .debug_macro   0x0001e4d8      0x9e9 ./Bsp/Src/Bsp_can.o
 .debug_macro   0x0001eec1      0x115 ./Bsp/Src/Bsp_can.o
 .debug_macro   0x0001efd6      0x16f ./Bsp/Src/Bsp_can.o
 .debug_macro   0x0001f145       0xa5 ./Bsp/Src/Bsp_can.o
 .debug_macro   0x0001f1ea      0x182 ./Bsp/Src/Bsp_can.o
 .debug_macro   0x0001f36c      0x287 ./Bsp/Src/Bsp_can.o
 .debug_macro   0x0001f5f3       0x5f ./Bsp/Src/Bsp_can.o
 .debug_macro   0x0001f652      0x236 ./Bsp/Src/Bsp_can.o
 .debug_macro   0x0001f888      0x40f ./Bsp/Src/Bsp_can.o
 .debug_macro   0x0001fc97      0x132 ./Bsp/Src/Bsp_can.o
 .debug_macro   0x0001fdc9      0x41d ./Bsp/Src/Bsp_can.o
 .debug_macro   0x000201e6       0x2e ./Bsp/Src/Bsp_can.o
 .debug_macro   0x00020214      0x127 ./Bsp/Src/Bsp_can.o
 .debug_macro   0x0002033b       0xe2 ./Bsp/Src/Bsp_can.o
 .debug_macro   0x0002041d       0x89 ./Bsp/Src/Bsp_can.o
 .debug_macro   0x000204a6      0x8ed ./Bsp/Src/Bsp_can.o
 .debug_macro   0x00020d93       0x4d ./Bsp/Src/Bsp_can.o
 .debug_macro   0x00020de0      0x134 ./Bsp/Src/Bsp_can.o
 .debug_macro   0x00020f14       0x2e ./Bsp/Src/Bsp_can.o
 .debug_macro   0x00020f42      0x1e2 ./Core/Src/can.o
 .debug_macro   0x00021124      0x1e2 ./Core/Src/gpio.o
 .debug_macro   0x00021306      0x213 ./Core/Src/main.o
 .debug_macro   0x00021519       0x34 ./Core/Src/main.o
 .debug_macro   0x0002154d      0x1d8 ./Core/Src/stm32f4xx_hal_msp.o
 .debug_macro   0x00021725      0x1e2 ./Core/Src/stm32f4xx_it.o
 .debug_macro   0x00021907      0x1ce ./Core/Src/system_stm32f4xx.o
 .debug_macro   0x00021ad5      0x1e2 ./Core/Src/tim.o
 .debug_macro   0x00021cb7      0x22e ./Drivers/STM32F4xx_HAL_Driver/Src/stm32f4xx_hal.o
 .debug_macro   0x00021ee5      0x1dd ./Drivers/STM32F4xx_HAL_Driver/Src/stm32f4xx_hal_can.o
 .debug_macro   0x000220c2      0x1ce ./Drivers/STM32F4xx_HAL_Driver/Src/stm32f4xx_hal_cortex.o
 .debug_macro   0x00022290      0x1d4 ./Drivers/STM32F4xx_HAL_Driver/Src/stm32f4xx_hal_gpio.o
 .debug_macro   0x00022464      0x1e6 ./Drivers/STM32F4xx_HAL_Driver/Src/stm32f4xx_hal_pwr_ex.o
 .debug_macro   0x0002264a      0x1f2 ./Drivers/STM32F4xx_HAL_Driver/Src/stm32f4xx_hal_rcc.o
 .debug_macro   0x0002283c      0x1cf ./Drivers/STM32F4xx_HAL_Driver/Src/stm32f4xx_hal_tim.o
 .debug_macro   0x00022a0b      0x1ce ./Drivers/STM32F4xx_HAL_Driver/Src/stm32f4xx_hal_tim_ex.o

.debug_line     0x00000000     0xe056
 .debug_line    0x00000000      0x8a4 ./Bsp/Src/Bsp_can.o
 .debug_line    0x000008a4      0x85f ./Core/Src/can.o
 .debug_line    0x00001103      0x74c ./Core/Src/gpio.o
 .debug_line    0x0000184f      0x9ee ./Core/Src/main.o
 .debug_line    0x0000223d      0x74d ./Core/Src/stm32f4xx_hal_msp.o
 .debug_line    0x0000298a      0x858 ./Core/Src/stm32f4xx_it.o
 .debug_line    0x000031e2      0x7d2 ./Core/Src/system_stm32f4xx.o
 .debug_line    0x000039b4      0x7bb ./Core/Src/tim.o
 .debug_line    0x0000416f       0x7a ./Core/Startup/startup_stm32f427iihx.o
 .debug_line    0x000041e9      0xa71 ./Drivers/STM32F4xx_HAL_Driver/Src/stm32f4xx_hal.o
 .debug_line    0x00004c5a     0x11ea ./Drivers/STM32F4xx_HAL_Driver/Src/stm32f4xx_hal_can.o
 .debug_line    0x00005e44      0xd03 ./Drivers/STM32F4xx_HAL_Driver/Src/stm32f4xx_hal_cortex.o
 .debug_line    0x00006b47      0xbef ./Drivers/STM32F4xx_HAL_Driver/Src/stm32f4xx_hal_gpio.o
 .debug_line    0x00007736      0x964 ./Drivers/STM32F4xx_HAL_Driver/Src/stm32f4xx_hal_pwr_ex.o
 .debug_line    0x0000809a      0xdac ./Drivers/STM32F4xx_HAL_Driver/Src/stm32f4xx_hal_rcc.o
 .debug_line    0x00008e46     0x37df ./Drivers/STM32F4xx_HAL_Driver/Src/stm32f4xx_hal_tim.o
 .debug_line    0x0000c625     0x1a31 ./Drivers/STM32F4xx_HAL_Driver/Src/stm32f4xx_hal_tim_ex.o

.debug_str      0x00000000    0xd45c2
 .debug_str     0x00000000    0xd0db3 ./Bsp/Src/Bsp_can.o
                              0xd106f (size before relaxing)
 .debug_str     0x000d0db3      0x755 ./Core/Src/can.o
                              0xd1484 (size before relaxing)
 .debug_str     0x000d1508       0x2c ./Core/Src/gpio.o
                              0xd0b5e (size before relaxing)
 .debug_str     0x000d1534      0x80d ./Core/Src/main.o
                              0xd180c (size before relaxing)
 .debug_str     0x000d1d41       0x2c ./Core/Src/stm32f4xx_hal_msp.o
                              0xd0b5e (size before relaxing)
 .debug_str     0x000d1d6d      0x127 ./Core/Src/stm32f4xx_it.o
                              0xd12c9 (size before relaxing)
 .debug_str     0x000d1e94       0xdb ./Core/Src/system_stm32f4xx.o
                              0xd0c0e (size before relaxing)
 .debug_str     0x000d1f6f      0x13c ./Core/Src/tim.o
                              0xd1780 (size before relaxing)
 .debug_str     0x000d20ab       0x58 ./Core/Startup/startup_stm32f427iihx.o
 .debug_str     0x000d2103      0x652 ./Drivers/STM32F4xx_HAL_Driver/Src/stm32f4xx_hal.o
                              0xd181a (size before relaxing)
 .debug_str     0x000d2755      0x3fb ./Drivers/STM32F4xx_HAL_Driver/Src/stm32f4xx_hal_can.o
                              0xd12f5 (size before relaxing)
 .debug_str     0x000d2b50      0x33f ./Drivers/STM32F4xx_HAL_Driver/Src/stm32f4xx_hal_cortex.o
                              0xd1516 (size before relaxing)
 .debug_str     0x000d2e8f      0x158 ./Drivers/STM32F4xx_HAL_Driver/Src/stm32f4xx_hal_gpio.o
                              0xd0d89 (size before relaxing)
 .debug_str     0x000d2fe7      0x135 ./Drivers/STM32F4xx_HAL_Driver/Src/stm32f4xx_hal_pwr_ex.o
                              0xd0de6 (size before relaxing)
 .debug_str     0x000d311c      0x233 ./Drivers/STM32F4xx_HAL_Driver/Src/stm32f4xx_hal_rcc.o
                              0xd1042 (size before relaxing)
 .debug_str     0x000d334f      0xde0 ./Drivers/STM32F4xx_HAL_Driver/Src/stm32f4xx_hal_tim.o
                              0xd1f85 (size before relaxing)
 .debug_str     0x000d412f      0x493 ./Drivers/STM32F4xx_HAL_Driver/Src/stm32f4xx_hal_tim_ex.o
                              0xd1791 (size before relaxing)

.comment        0x00000000       0x43
 .comment       0x00000000       0x43 ./Bsp/Src/Bsp_can.o
                                 0x44 (size before relaxing)
 .comment       0x00000043       0x44 ./Core/Src/can.o
 .comment       0x00000043       0x44 ./Core/Src/gpio.o
 .comment       0x00000043       0x44 ./Core/Src/main.o
 .comment       0x00000043       0x44 ./Core/Src/stm32f4xx_hal_msp.o
 .comment       0x00000043       0x44 ./Core/Src/stm32f4xx_it.o
 .comment       0x00000043       0x44 ./Core/Src/system_stm32f4xx.o
 .comment       0x00000043       0x44 ./Core/Src/tim.o
 .comment       0x00000043       0x44 ./Drivers/STM32F4xx_HAL_Driver/Src/stm32f4xx_hal.o
 .comment       0x00000043       0x44 ./Drivers/STM32F4xx_HAL_Driver/Src/stm32f4xx_hal_can.o
 .comment       0x00000043       0x44 ./Drivers/STM32F4xx_HAL_Driver/Src/stm32f4xx_hal_cortex.o
 .comment       0x00000043       0x44 ./Drivers/STM32F4xx_HAL_Driver/Src/stm32f4xx_hal_gpio.o
 .comment       0x00000043       0x44 ./Drivers/STM32F4xx_HAL_Driver/Src/stm32f4xx_hal_pwr_ex.o
 .comment       0x00000043       0x44 ./Drivers/STM32F4xx_HAL_Driver/Src/stm32f4xx_hal_rcc.o
 .comment       0x00000043       0x44 ./Drivers/STM32F4xx_HAL_Driver/Src/stm32f4xx_hal_tim.o
 .comment       0x00000043       0x44 ./Drivers/STM32F4xx_HAL_Driver/Src/stm32f4xx_hal_tim_ex.o

.debug_frame    0x00000000     0x31c0
 .debug_frame   0x00000000       0x80 ./Bsp/Src/Bsp_can.o
 .debug_frame   0x00000080       0x90 ./Core/Src/can.o
 .debug_frame   0x00000110       0x38 ./Core/Src/gpio.o
 .debug_frame   0x00000148      0x1b8 ./Core/Src/main.o
 .debug_frame   0x00000300       0x38 ./Core/Src/stm32f4xx_hal_msp.o
 .debug_frame   0x00000338      0x158 ./Core/Src/stm32f4xx_it.o
 .debug_frame   0x00000490       0x58 ./Core/Src/system_stm32f4xx.o
 .debug_frame   0x000004e8       0x7c ./Core/Src/tim.o
 .debug_frame   0x00000564      0x3b4 ./Drivers/STM32F4xx_HAL_Driver/Src/stm32f4xx_hal.o
 .debug_frame   0x00000918      0x5a0 ./Drivers/STM32F4xx_HAL_Driver/Src/stm32f4xx_hal_can.o
 .debug_frame   0x00000eb8      0x4b8 ./Drivers/STM32F4xx_HAL_Driver/Src/stm32f4xx_hal_cortex.o
 .debug_frame   0x00001370      0x14c ./Drivers/STM32F4xx_HAL_Driver/Src/stm32f4xx_hal_gpio.o
 .debug_frame   0x000014bc      0x14c ./Drivers/STM32F4xx_HAL_Driver/Src/stm32f4xx_hal_pwr_ex.o
 .debug_frame   0x00001608      0x1f4 ./Drivers/STM32F4xx_HAL_Driver/Src/stm32f4xx_hal_rcc.o
 .debug_frame   0x000017fc     0x11c0 ./Drivers/STM32F4xx_HAL_Driver/Src/stm32f4xx_hal_tim.o
 .debug_frame   0x000029bc      0x638 ./Drivers/STM32F4xx_HAL_Driver/Src/stm32f4xx_hal_tim_ex.o
 .debug_frame   0x00002ff4       0x20 D:/ST/STM32CubeIDE_1.15.1/STM32CubeIDE/plugins/com.st.stm32cube.ide.mcu.externaltools.gnu-tools-for-stm32.12.3.rel1.win32_1.0.100.202403111256/tools/bin/../lib/gcc/arm-none-eabi/12.3.1/../../../../arm-none-eabi/lib/thumb/v7e-m+fp/hard\libc_nano.a(libc_a-memset.o)
 .debug_frame   0x00003014       0x2c D:/ST/STM32CubeIDE_1.15.1/STM32CubeIDE/plugins/com.st.stm32cube.ide.mcu.externaltools.gnu-tools-for-stm32.12.3.rel1.win32_1.0.100.202403111256/tools/bin/../lib/gcc/arm-none-eabi/12.3.1/../../../../arm-none-eabi/lib/thumb/v7e-m+fp/hard\libc_nano.a(libc_a-init.o)
 .debug_frame   0x00003040       0xac D:/ST/STM32CubeIDE_1.15.1/STM32CubeIDE/plugins/com.st.stm32cube.ide.mcu.externaltools.gnu-tools-for-stm32.12.3.rel1.win32_1.0.100.202403111256/tools/bin/../lib/gcc/arm-none-eabi/12.3.1/thumb/v7e-m+fp/hard\libgcc.a(_arm_addsubdf3.o)
 .debug_frame   0x000030ec       0x50 D:/ST/STM32CubeIDE_1.15.1/STM32CubeIDE/plugins/com.st.stm32cube.ide.mcu.externaltools.gnu-tools-for-stm32.12.3.rel1.win32_1.0.100.202403111256/tools/bin/../lib/gcc/arm-none-eabi/12.3.1/thumb/v7e-m+fp/hard\libgcc.a(_arm_muldivdf3.o)
 .debug_frame   0x0000313c       0x24 D:/ST/STM32CubeIDE_1.15.1/STM32CubeIDE/plugins/com.st.stm32cube.ide.mcu.externaltools.gnu-tools-for-stm32.12.3.rel1.win32_1.0.100.202403111256/tools/bin/../lib/gcc/arm-none-eabi/12.3.1/thumb/v7e-m+fp/hard\libgcc.a(_arm_truncdfsf2.o)
 .debug_frame   0x00003160       0x2c D:/ST/STM32CubeIDE_1.15.1/STM32CubeIDE/plugins/com.st.stm32cube.ide.mcu.externaltools.gnu-tools-for-stm32.12.3.rel1.win32_1.0.100.202403111256/tools/bin/../lib/gcc/arm-none-eabi/12.3.1/thumb/v7e-m+fp/hard\libgcc.a(_aeabi_uldivmod.o)
 .debug_frame   0x0000318c       0x34 D:/ST/STM32CubeIDE_1.15.1/STM32CubeIDE/plugins/com.st.stm32cube.ide.mcu.externaltools.gnu-tools-for-stm32.12.3.rel1.win32_1.0.100.202403111256/tools/bin/../lib/gcc/arm-none-eabi/12.3.1/thumb/v7e-m+fp/hard\libgcc.a(_udivmoddi4.o)

.debug_line_str
                0x00000000       0x3c
 .debug_line_str
                0x00000000       0x3c ./Core/Startup/startup_stm32f427iihx.o
