03:00:27 **** Incremental Build of configuration Debug for project CS ****
make -j20 all 
arm-none-eabi-gcc -o "CS.elf" @"objects.list"   -mcpu=cortex-m3 -T"D:\STM\CS\STM32F103C8TX_FLASH.ld" --specs=nosys.specs -Wl,-Map="CS.map" -Wl,--gc-sections -static --specs=nano.specs -mfloat-abi=soft -mthumb -Wl,--start-group -lc -lm -Wl,--end-group
Finished building target: CS.elf
 
arm-none-eabi-size   CS.elf 
arm-none-eabi-objdump -h -S  CS.elf  > "CS.list"
   text	   data	    bss	    dec	    hex	filename
   4588	     20	   1572	   6180	   1824	CS.elf
Finished building: default.size.stdout
 
Finished building: CS.list
 

03:00:28 Build Finished. 0 errors, 0 warnings. (took 729ms)

