19:45:24 **** Incremental Build of configuration Debug for project HX ****
make -j20 all 
arm-none-eabi-gcc "../Core/Src/main.c" -mcpu=cortex-m3 -std=gnu11 -g3 -DDEBUG -DUSE_HAL_DRIVER -DSTM32F103xB -c -I../Core/Inc -I../Drivers/STM32F1xx_HAL_Driver/Inc/Legacy -I../Drivers/STM32F1xx_HAL_Driver/Inc -I../Drivers/CMSIS/Device/ST/STM32F1xx/Include -I../Drivers/CMSIS/Include -O0 -ffunction-sections -fdata-sections -Wall -fstack-usage -fcyclomatic-complexity -MMD -MP -MF"Core/Src/main.d" -MT"Core/Src/main.o" --specs=nano.specs -mfloat-abi=soft -mthumb -o "Core/Src/main.o"
../Core/Src/main.c: In function 'main':
../Core/Src/main.c:69:18: warning: unused variable 'dir' [-Wunused-variable]
   69 |          uint8_t dir=1;
      |                  ^~~
arm-none-eabi-gcc -o "HX.elf" @"objects.list"   -mcpu=cortex-m3 -T"D:\STM\HX\STM32F103C8TX_FLASH.ld" --specs=nosys.specs -Wl,-Map="HX.map" -Wl,--gc-sections -static --specs=nano.specs -mfloat-abi=soft -mthumb -Wl,--start-group -lc -lm -Wl,--end-group
Finished building target: HX.elf
 
arm-none-eabi-size   HX.elf 
arm-none-eabi-objdump -h -S  HX.elf  > "HX.list"
   text	   data	    bss	    dec	    hex	filename
   8032	     20	   1644	   9696	   25e0	HX.elf
Finished building: default.size.stdout
 
Finished building: HX.list
 

19:45:26 Build Finished. 0 errors, 1 warnings. (took 1s.440ms)

