22:10:20 **** Incremental Build of configuration Debug for project LED ****
make -j20 all 
arm-none-eabi-gcc "../Core/Src/main.c" -mcpu=cortex-m3 -std=gnu11 -g3 -DDEBUG -DUSE_HAL_DRIVER -DSTM32F103xB -c -I../Core/Inc -I../Drivers/STM32F1xx_HAL_Driver/Inc/Legacy -I../Drivers/STM32F1xx_HAL_Driver/Inc -I../Drivers/CMSIS/Device/ST/STM32F1xx/Include -I../Drivers/CMSIS/Include -O0 -ffunction-sections -fdata-sections -Wall -fstack-usage -fcyclomatic-complexity -MMD -MP -MF"Core/Src/main.d" -MT"Core/Src/main.o" --specs=nano.specs -mfloat-abi=soft -mthumb -o "Core/Src/main.o"
arm-none-eabi-gcc -o "LED.elf" @"objects.list"   -mcpu=cortex-m3 -T"D:\STM\LED\STM32F103C8TX_FLASH.ld" --specs=nosys.specs -Wl,-Map="LED.map" -Wl,--gc-sections -static --specs=nano.specs -mfloat-abi=soft -mthumb -Wl,--start-group -lc -lm -Wl,--end-group
Finished building target: LED.elf
 
arm-none-eabi-size   LED.elf 
arm-none-eabi-objdump -h -S  LED.elf  > "LED.list"
   text	   data	    bss	    dec	    hex	filename
   4804	     20	   1572	   6396	   18fc	LED.elf
Finished building: default.size.stdout
 
Finished building: LED.list
 

22:10:21 Build Finished. 0 errors, 0 warnings. (took 1s.172ms)

