21:52:45 **** Incremental Build of configuration Debug for project LIUSHUI ****
make -j20 all 
arm-none-eabi-gcc "../Core/Src/main.c" -mcpu=cortex-m3 -std=gnu11 -g3 -DDEBUG -DUSE_HAL_DRIVER -DSTM32F103xB -c -I../Core/Inc -I../Drivers/STM32F1xx_HAL_Driver/Inc/Legacy -I../Drivers/STM32F1xx_HAL_Driver/Inc -I../Drivers/CMSIS/Device/ST/STM32F1xx/Include -I../Drivers/CMSIS/Include -O0 -ffunction-sections -fdata-sections -Wall -fstack-usage -fcyclomatic-complexity -MMD -MP -MF"Core/Src/main.d" -MT"Core/Src/main.o" --specs=nano.specs -mfloat-abi=soft -mthumb -o "Core/Src/main.o"
arm-none-eabi-gcc -o "LIUSHUI.elf" @"objects.list"   -mcpu=cortex-m3 -T"D:\STM\LIUSHUI\STM32F103C8TX_FLASH.ld" --specs=nosys.specs -Wl,-Map="LIUSHUI.map" -Wl,--gc-sections -static --specs=nano.specs -mfloat-abi=soft -mthumb -Wl,--start-group -lc -lm -Wl,--end-group
Finished building target: LIUSHUI.elf
 
arm-none-eabi-size   LIUSHUI.elf 
arm-none-eabi-objdump -h -S  LIUSHUI.elf  > "LIUSHUI.list"
   text	   data	    bss	    dec	    hex	filename
   8304	     20	   1716	  10040	   2738	LIUSHUI.elf
Finished building: default.size.stdout
 
Finished building: LIUSHUI.list
 

21:52:46 Build Finished. 0 errors, 0 warnings. (took 918ms)

