../Core/Src/main.c:78:5:main	16	static
../Core/Src/main.c:147:6:SystemClock_Config	88	static
../Core/Src/main.c:197:6:HAL_TIM_PeriodElapsedCallback	16	static
../Core/Src/main.c:219:5:angle_calc	32	static
../Core/Src/main.c:228:6:LED_1	8	static
../Core/Src/main.c:238:6:LED_2	8	static
../Core/Src/main.c:249:6:LED_3	8	static
../Core/Src/main.c:258:6:LED_4	8	static
../Core/Src/main.c:268:6:LED_5	8	static
../Core/Src/main.c:278:6:LED_6	8	static
../Core/Src/main.c:289:6:LED_SET	8	static
../Core/Src/main.c:300:6:LED_Control	16	static
../Core/Src/main.c:331:6:Error_Handler	4	static,ignoring_inline_asm
